Archive member included to satisfy reference by file (symbol)

/home/vsawce/Documents/SJSU-Dev2/library/static_libraries/lpc40xx/liblpc40xx.a(exceptions.cpp.o)
                              (ArmResetHandler)
/home/vsawce/Documents/SJSU-Dev2/library/static_libraries/lpc40xx/libfreertos.a(event_groups.c.o)
                              build/lpc40xx/compiled//home/vsawce/Documents/SJSU-Dev2/library/L3_Application/task_scheduler.cpp.o (xEventGroupCreateStatic)
/home/vsawce/Documents/SJSU-Dev2/library/static_libraries/lpc40xx/libfreertos.a(list.c.o)
                              /home/vsawce/Documents/SJSU-Dev2/library/static_libraries/lpc40xx/libfreertos.a(event_groups.c.o) (vListInitialise)
/home/vsawce/Documents/SJSU-Dev2/library/static_libraries/lpc40xx/libfreertos.a(tasks.c.o)
                              build/lpc40xx/compiled//home/vsawce/Documents/SJSU-Dev2/library/L3_Application/task_scheduler.cpp.o (xTaskCreateStatic)
/home/vsawce/Documents/SJSU-Dev2/library/static_libraries/lpc40xx/libfreertos.a(heap_3.c.o)
                              /home/vsawce/Documents/SJSU-Dev2/library/static_libraries/lpc40xx/libfreertos.a(event_groups.c.o) (pvPortMalloc)
/home/vsawce/Documents/SJSU-Dev2/library/static_libraries/lpc40xx/libnewlib.a(newlib.cpp.o)
                              build/lpc40xx/compiled//home/vsawce/Documents/SJSU-Dev2/library/L3_Application/task_scheduler.cpp.o (puts)
/home/vsawce/Documents/SJSU-Dev2/library/static_libraries/lpc40xx/libprintf.a(printf.cpp.o)
                              build/lpc40xx/compiled/source/main.cpp.o (printf)
/home/vsawce/Documents/SJSU-Dev2/library/static_libraries/lpc40xx/libsemihost.a(trace_impl.cpp.o)
                              /home/vsawce/Documents/SJSU-Dev2/library/static_libraries/lpc40xx/liblpc40xx.a(exceptions.cpp.o) (trace_initialize)
/home/vsawce/Documents/SJSU-Dev2/library/static_libraries/lpc40xx/liblpc40xx.a(startup.cpp.o)
                              /home/vsawce/Documents/SJSU-Dev2/library/static_libraries/lpc40xx/libfreertos.a(tasks.c.o) (ThreadRuntimeCounter)
/home/vsawce/Documents/SJSU-Dev2/library/static_libraries/lpc40xx/liblpc40xx.a(port.c.o)
                              /home/vsawce/Documents/SJSU-Dev2/library/static_libraries/lpc40xx/libfreertos.a(tasks.c.o) (pxPortInitialiseStack)
/home/vsawce/Documents/SJSU-Dev2/library/static_libraries/lpc40xx/libfreertoscommon.a(freertos_common.cpp.o)
                              /home/vsawce/Documents/SJSU-Dev2/library/static_libraries/lpc40xx/libfreertos.a(tasks.c.o) (vApplicationGetIdleTaskMemory)
/home/vsawce/Documents/SJSU-Dev2/library/static_libraries/lpc40xx/libfreertos.a(timers.c.o)
                              /home/vsawce/Documents/SJSU-Dev2/library/static_libraries/lpc40xx/libfreertos.a(tasks.c.o) (xTimerCreateTimerTask)
/home/vsawce/Documents/SJSU-Dev2/library/static_libraries/lpc40xx/libfreertos.a(queue.c.o)
                              /home/vsawce/Documents/SJSU-Dev2/library/static_libraries/lpc40xx/libfreertos.a(timers.c.o) (xQueueGenericCreateStatic)
/home/vsawce/Documents/SJSU-Dev2/library/static_libraries/lpc40xx/libnewlib.a(stdio.cpp.o)
                              /home/vsawce/Documents/SJSU-Dev2/library/static_libraries/lpc40xx/libnewlib.a(newlib.cpp.o) (sjsu::newlib::DoNothingStdOut(char const*, unsigned int))
/home/vsawce/Documents/SJSU-Dev2/tools/gcc-arm-none-eabi-9-2019-q4-major/bin/../lib/gcc/arm-none-eabi/9.2.1/../../../../arm-none-eabi/lib/thumb/v7e-m+fp/hard/libstdc++_nano.a(atexit_arm.o)
                              build/lpc40xx/compiled/source/main.cpp.o (__aeabi_atexit)
/home/vsawce/Documents/SJSU-Dev2/tools/gcc-arm-none-eabi-9-2019-q4-major/bin/../lib/gcc/arm-none-eabi/9.2.1/../../../../arm-none-eabi/lib/thumb/v7e-m+fp/hard/libstdc++_nano.a(pure.o)
                              build/lpc40xx/compiled/source/main.cpp.o (__cxa_pure_virtual)
/home/vsawce/Documents/SJSU-Dev2/tools/gcc-arm-none-eabi-9-2019-q4-major/bin/../lib/gcc/arm-none-eabi/9.2.1/../../../../arm-none-eabi/lib/thumb/v7e-m+fp/hard/libstdc++_nano.a(functional.o)
                              build/lpc40xx/compiled/source/main.cpp.o (std::__throw_bad_function_call())
/home/vsawce/Documents/SJSU-Dev2/tools/gcc-arm-none-eabi-9-2019-q4-major/bin/../lib/gcc/arm-none-eabi/9.2.1/../../../../arm-none-eabi/lib/thumb/v7e-m+fp/hard/libstdc++_nano.a(del_op.o)
                              /home/vsawce/Documents/SJSU-Dev2/tools/gcc-arm-none-eabi-9-2019-q4-major/bin/../lib/gcc/arm-none-eabi/9.2.1/../../../../arm-none-eabi/lib/thumb/v7e-m+fp/hard/libstdc++_nano.a(functional.o) (operator delete(void*))
/home/vsawce/Documents/SJSU-Dev2/tools/gcc-arm-none-eabi-9-2019-q4-major/bin/../lib/gcc/arm-none-eabi/9.2.1/../../../../arm-none-eabi/lib/thumb/v7e-m+fp/hard/libstdc++_nano.a(eh_exception.o)
[...]
Memory Configuration

Name             Origin             Length             Attributes
FLASH            0x0000000000000000 0x0000000000080000 xr
SRAM             0x0000000010000000 0x0000000000010000 xrw
SRAM_AHB         0x0000000020000000 0x0000000000008000 xrw
*default*        0x0000000000000000 0xffffffffffffffff

Linker script and memory map

LOAD /home/vsawce/Documents/SJSU-Dev2/tools/gcc-arm-none-eabi-9-2019-q4-major/bin/../lib/gcc/arm-none-eabi/9.2.1/thumb/v7e-m+fp/hard/crti.o
LOAD /home/vsawce/Documents/SJSU-Dev2/tools/gcc-arm-none-eabi-9-2019-q4-major/bin/../lib/gcc/arm-none-eabi/9.2.1/thumb/v7e-m+fp/hard/crtbegin.o
LOAD /home/vsawce/Documents/SJSU-Dev2/tools/gcc-arm-none-eabi-9-2019-q4-major/bin/../lib/gcc/arm-none-eabi/9.2.1/../../../../arm-none-eabi/lib/thumb/v7e-m+fp/hard/rdimon-crt0.o
LOAD build/lpc40xx/compiled/source/main.cpp.o
LOAD build/lpc40xx/compiled//home/vsawce/Documents/SJSU-Dev2/library/L3_Application/task_scheduler.cpp.o
LOAD build/lpc40xx/compiled/libsjsudev2.a
LOAD /home/vsawce/Documents/SJSU-Dev2/tools/gcc-arm-none-eabi-9-2019-q4-major/bin/../lib/gcc/arm-none-eabi/9.2.1/../../../../arm-none-eabi/lib/thumb/v7e-m+fp/hard/libstdc++_nano.a
LOAD /home/vsawce/Documents/SJSU-Dev2/tools/gcc-arm-none-eabi-9-2019-q4-major/bin/../lib/gcc/arm-none-eabi/9.2.1/../../../../arm-none-eabi/lib/thumb/v7e-m+fp/hard/libm.a
START GROUP
LOAD /home/vsawce/Documents/SJSU-Dev2/tools/gcc-arm-none-eabi-9-2019-q4-major/bin/../lib/gcc/arm-none-eabi/9.2.1/thumb/v7e-m+fp/hard/libgcc.a
LOAD /home/vsawce/Documents/SJSU-Dev2/tools/gcc-arm-none-eabi-9-2019-q4-major/bin/../lib/gcc/arm-none-eabi/9.2.1/../../../../arm-none-eabi/lib/thumb/v7e-m+fp/hard/libg_nano.a
LOAD /home/vsawce/Documents/SJSU-Dev2/tools/gcc-arm-none-eabi-9-2019-q4-major/bin/../lib/gcc/arm-none-eabi/9.2.1/../../../../arm-none-eabi/lib/thumb/v7e-m+fp/hard/libc_nano.a
END GROUP
START GROUP
LOAD /home/vsawce/Documents/SJSU-Dev2/tools/gcc-arm-none-eabi-9-2019-q4-major/bin/../lib/gcc/arm-none-eabi/9.2.1/thumb/v7e-m+fp/hard/libgcc.a
LOAD /home/vsawce/Documents/SJSU-Dev2/tools/gcc-arm-none-eabi-9-2019-q4-major/bin/../lib/gcc/arm-none-eabi/9.2.1/../../../../arm-none-eabi/lib/thumb/v7e-m+fp/hard/libc_nano.a
LOAD /home/vsawce/Documents/SJSU-Dev2/tools/gcc-arm-none-eabi-9-2019-q4-major/bin/../lib/gcc/arm-none-eabi/9.2.1/../../../../arm-none-eabi/lib/thumb/v7e-m+fp/hard/librdimon_nano.a
END GROUP
START GROUP
LOAD /home/vsawce/Documents/SJSU-Dev2/tools/gcc-arm-none-eabi-9-2019-q4-major/bin/../lib/gcc/arm-none-eabi/9.2.1/thumb/v7e-m+fp/hard/libgcc.a
LOAD /home/vsawce/Documents/SJSU-Dev2/tools/gcc-arm-none-eabi-9-2019-q4-major/bin/../lib/gcc/arm-none-eabi/9.2.1/../../../../arm-none-eabi/lib/thumb/v7e-m+fp/hard/libc_nano.a
LOAD /home/vsawce/Documents/SJSU-Dev2/tools/gcc-arm-none-eabi-9-2019-q4-major/bin/../lib/gcc/arm-none-eabi/9.2.1/../../../../arm-none-eabi/lib/thumb/v7e-m+fp/hard/librdimon_nano.a
END GROUP
LOAD /home/vsawce/Documents/SJSU-Dev2/tools/gcc-arm-none-eabi-9-2019-q4-major/bin/../lib/gcc/arm-none-eabi/9.2.1/thumb/v7e-m+fp/hard/crtend.o
LOAD /home/vsawce/Documents/SJSU-Dev2/tools/gcc-arm-none-eabi-9-2019-q4-major/bin/../lib/gcc/arm-none-eabi/9.2.1/thumb/v7e-m+fp/hard/crtn.o
                0x0000000000000000                __base_FLASH = 0x0
                0x0000000000000000                __base_Flash = 0x0
                0x0000000000080000                __top_FLASH = 0x80000
                0x0000000000080000                __top_Flash = 0x80000
                0x0000000010000000                __base_SRAM = 0x10000000
                0x0000000010000000                __base_RAM = 0x10000000
                0x0000000010010000                __top_SRAM = 0x10010000
                0x0000000010010000                __top_RAM = 0x10010000
                0x0000000020000000                __base_SRAM_AHB = 0x20000000
                0x0000000020000000                __base_RAM2 = 0x20000000
                0x0000000020008000                __top_SRAM_AHB = 0x20008000
                0x0000000020008000                __top_RAM2 = 0x20008000
                0x0000000020000000                __user_heap_base = __base_RAM2

.text           0x0000000000000000     0x996c
 FILL mask 0xff
                0x0000000000000000                __vectors_start__ = ABSOLUTE (.)
 *(.isr_vector)
 .isr_vector    0x0000000000000000       0xe4 /home/vsawce/Documents/SJSU-Dev2/library/static_libraries/lpc40xx/liblpc40xx.a(startup.cpp.o)
                0x00000000000000e4                . = ALIGN (0x4)
                0x00000000000000e4                section_table_start = .
                0x00000000000000e4                data_section_table = .
                0x00000000000000e4        0x4 LONG 0x9a3c LOADADDR (.data)
                0x00000000000000e8        0x4 LONG 0x10000000 ADDR (.data)
                0x00000000000000ec        0x4 LONG 0xd00 SIZEOF (.data)
                0x00000000000000f0        0x4 LONG 0x9a3c LOADADDR (.data_RAM2)
                0x00000000000000f4        0x4 LONG 0x20000000 ADDR (.data_RAM2)
                0x00000000000000f8        0x4 LONG 0x0 SIZEOF (.data_RAM2)
                0x00000000000000fc                data_section_table_end = .
                0x00000000000000fc                bss_section_table = .
                0x00000000000000fc        0x4 LONG 0x10000d00 ADDR (.bss)
                0x0000000000000100        0x4 LONG 0xa20 SIZEOF (.bss)
                0x0000000000000104        0x4 LONG 0x20000000 ADDR (.bss_RAM2)
                0x0000000000000108        0x4 LONG 0x0 SIZEOF (.bss_RAM2)
                0x000000000000010c                bss_section_table_end = .
                0x000000000000010c                section_table_end = .
 *(.after_vectors*)
                0x00000000000002fc                . = 0x2fc
 *fill*         0x000000000000010c      0x1f0 ff
                0x00000000000002fc                PROVIDE (__CRP_WORD_START__ = .)
 *(.crp)
 .crp           0x00000000000002fc        0x4 /home/vsawce/Documents/SJSU-Dev2/library/static_libraries/lpc40xx/liblpc40xx.a(startup.cpp.o)
                0x0000000000000300                PROVIDE (__CRP_WORD_END__ = .)
                0x0000000000000001                ASSERT (! ((__CRP_WORD_START__ == __CRP_WORD_END__)), Linker CRP Enabled, but no CRP_WORD provided within application)
                0x0000000000000300                . = ALIGN (0x4)
 *(.init)
 .init          0x0000000000000300        0x4 /home/vsawce/Documents/SJSU-Dev2/tools/gcc-arm-none-eabi-9-2019-q4-major/bin/../lib/gcc/arm-none-eabi/9.2.1/thumb/v7e-m+fp/hard/crti.o
                0x0000000000000300                _init
 .init          0x0000000000000304        0x8 /home/vsawce/Documents/SJSU-Dev2/tools/gcc-arm-none-eabi-9-2019-q4-major/bin/../lib/gcc/arm-none-eabi/9.2.1/thumb/v7e-m+fp/hard/crtn.o
                0x000000000000030c                . = ALIGN (0x4)
                0x000000000000030c                __preinit_array_start = .
 *(.preinit_array)
                0x000000000000030c                __preinit_array_end = .
                0x000000000000030c                . = ALIGN (0x4)
                0x000000000000030c                __init_array_start = .
 *(SORT_BY_NAME(.init_array.*))
 *(.init_array)
 .init_array    0x000000000000030c        0x4 /home/vsawce/Documents/SJSU-Dev2/tools/gcc-arm-none-eabi-9-2019-q4-major/bin/../lib/gcc/arm-none-eabi/9.2.1/thumb/v7e-m+fp/hard/crtbegin.o
 .init_array    0x0000000000000310        0x4 build/lpc40xx/compiled/source/main.cpp.o
 .init_array    0x0000000000000314        0x4 build/lpc40xx/compiled//home/vsawce/Documents/SJSU-Dev2/library/L3_Application/task_scheduler.cpp.o
 .init_array    0x0000000000000318        0x4 /home/vsawce/Documents/SJSU-Dev2/library/static_libraries/lpc40xx/liblpc40xx.a(exceptions.cpp.o)
 .init_array    0x000000000000031c        0x4 /home/vsawce/Documents/SJSU-Dev2/library/static_libraries/lpc40xx/liblpc40xx.a(startup.cpp.o)
                0x0000000000000320                __init_array_end = .
 *(.fini)
 .fini          0x0000000000000320        0x4 /home/vsawce/Documents/SJSU-Dev2/tools/gcc-arm-none-eabi-9-2019-q4-major/bin/../lib/gcc/arm-none-eabi/9.2.1/thumb/v7e-m+fp/hard/crti.o
                0x0000000000000320                _fini
 .fini          0x0000000000000324        0x8 /home/vsawce/Documents/SJSU-Dev2/tools/gcc-arm-none-eabi-9-2019-q4-major/bin/../lib/gcc/arm-none-eabi/9.2.1/thumb/v7e-m+fp/hard/crtn.o
                0x000000000000032c                . = ALIGN (0x4)
 *crtbegin.o(.ctors)
 *(EXCLUDE_FILE(*crtend.o) .ctors)
 *(SORT_BY_NAME(.ctors.*))
 *crtend.o(.ctors)
                0x000000000000032c                . = ALIGN (0x4)
 *crtbegin.o(.dtors)
 *(EXCLUDE_FILE(*crtend.o) .dtors)
 *(SORT_BY_NAME(.dtors.*))
 *crtend.o(.dtors)
 *(.text*)
 .text          0x000000000000032c       0x40 /home/vsawce/Documents/SJSU-Dev2/tools/gcc-arm-none-eabi-9-2019-q4-major/bin/../lib/gcc/arm-none-eabi/9.2.1/thumb/v7e-m+fp/hard/crtbegin.o
 .text._ZnwjPv  0x000000000000036c       0x18 build/lpc40xx/compiled/source/main.cpp.o
                0x000000000000036c                operator new(unsigned int, void*)
 .text._ZNSt14numeric_limitsIxE3maxEv
                0x0000000000000384       0x18 build/lpc40xx/compiled/source/main.cpp.o
                0x0000000000000384                std::numeric_limits<long long>::max()
 .text._ZNSt9_Any_data9_M_accessEv
                0x000000000000039c       0x16 build/lpc40xx/compiled/source/main.cpp.o
                0x000000000000039c                std::_Any_data::_M_access()
 .text._ZNKSt9_Any_data9_M_accessEv
                0x00000000000003b2       0x16 build/lpc40xx/compiled/source/main.cpp.o
                0x00000000000003b2                std::_Any_data::_M_access() const
 .text._ZNSt14_Function_baseC2Ev
                0x00000000000003c8       0x1c build/lpc40xx/compiled/source/main.cpp.o
                0x00000000000003c8                std::_Function_base::_Function_base()
                0x00000000000003c8                std::_Function_base::_Function_base()
 .text._ZNSt14_Function_baseD2Ev
                0x00000000000003e4       0x26 build/lpc40xx/compiled/source/main.cpp.o
                0x00000000000003e4                std::_Function_base::~_Function_base()
                0x00000000000003e4                std::_Function_base::~_Function_base()
 .text._ZNKSt14_Function_base8_M_emptyEv
                0x000000000000040a       0x22 build/lpc40xx/compiled/source/main.cpp.o
                0x000000000000040a                std::_Function_base::_M_empty() const
 .text._ZN4sjsu19InterruptController21GetPlatformControllerEv
                0x000000000000042c       0x18 build/lpc40xx/compiled/source/main.cpp.o
                0x000000000000042c                sjsu::InterruptController::GetPlatformController()
 .text._ZN4sjsu3PinC2Ehh
                0x0000000000000444       0x34 build/lpc40xx/compiled/source/main.cpp.o
                0x0000000000000444                sjsu::Pin::Pin(unsigned char, unsigned char)
                0x0000000000000444                sjsu::Pin::Pin(unsigned char, unsigned char)
 .text._ZNK4sjsu3Pin7GetPortEv
                0x0000000000000478       0x18 build/lpc40xx/compiled/source/main.cpp.o
                0x0000000000000478                sjsu::Pin::GetPort() const
 .text._ZNK4sjsu3Pin6GetPinEv
                0x0000000000000490       0x18 build/lpc40xx/compiled/source/main.cpp.o
                0x0000000000000490                sjsu::Pin::GetPin() const
 .text._ZN4sjsu7lpc40xx3PinC2Ehh
                0x00000000000004a8       0x30 build/lpc40xx/compiled/source/main.cpp.o
                0x00000000000004a8                sjsu::lpc40xx::Pin::Pin(unsigned char, unsigned char)
                0x00000000000004a8                sjsu::lpc40xx::Pin::Pin(unsigned char, unsigned char)
 .text._ZNK4sjsu7lpc40xx3Pin10InitializeEv
                0x00000000000004d8       0x14 build/lpc40xx/compiled/source/main.cpp.o
                0x00000000000004d8                sjsu::lpc40xx::Pin::Initialize() const
 .text._ZNK4sjsu7lpc40xx3Pin14SetPinFunctionEh
                0x00000000000004ec       0x34 build/lpc40xx/compiled/source/main.cpp.o
                0x00000000000004ec                sjsu::lpc40xx::Pin::SetPinFunction(unsigned char) const
 .text._ZNK4sjsu7lpc40xx3Pin7SetPullENS_3Pin8ResistorE
                0x0000000000000520       0x34 build/lpc40xx/compiled/source/main.cpp.o
                0x0000000000000520                sjsu::lpc40xx::Pin::SetPull(sjsu::Pin::Resistor) const
 .text._ZNK4sjsu7lpc40xx3Pin15SetAsAnalogModeEb
                0x0000000000000554       0x3c build/lpc40xx/compiled/source/main.cpp.o
                0x0000000000000554                sjsu::lpc40xx::Pin::SetAsAnalogMode(bool) const
 .text._ZNK4sjsu7lpc40xx3Pin14SetAsOpenDrainEb
                0x0000000000000590       0x34 build/lpc40xx/compiled/source/main.cpp.o
                0x0000000000000590                sjsu::lpc40xx::Pin::SetAsOpenDrain(bool) const
 .text._ZNK4sjsu7lpc40xx3Pin14SetPinRegisterEhNS_3bit4MaskE
                0x00000000000005c4       0x7c build/lpc40xx/compiled/source/main.cpp.o
                0x00000000000005c4                sjsu::lpc40xx::Pin::SetPinRegister(unsigned char, sjsu::bit::Mask) const
 .text._ZNKSt6chrono8durationIxSt5ratioILx1ELx1000000000EEE5countEv
                0x0000000000000640       0x1c build/lpc40xx/compiled/source/main.cpp.o
                0x0000000000000640                std::chrono::duration<long long, std::ratio<1ll, 1000000000ll> >::count() const
 .text._ZNSt6chronoltIxSt5ratioILx1ELx1000000000EExS2_EEbRKNS_8durationIT_T0_EERKNS3_IT1_T2_EE
                0x000000000000065c       0x50 build/lpc40xx/compiled/source/main.cpp.o
                0x000000000000065c                bool std::chrono::operator< <long long, std::ratio<1ll, 1000000000ll>, long long, std::ratio<1ll, 1000000000ll> >(std::chrono::duration<long long, std::ratio<1ll, 1000000000ll> > const&, std::chrono::duration<long long, std::ratio<1ll, 1000000000ll> > const&)
 .text._ZNSt6chrono8durationIxSt5ratioILx1ELx1000000000EEEC1IxvEERKT_
                0x00000000000006ac       0x24 build/lpc40xx/compiled/source/main.cpp.o
                0x00000000000006ac                std::chrono::duration<long long, std::ratio<1ll, 1000000000ll> >::duration<long long, void>(long long const&)
 .text._ZN5units8literalsli4_MHzEy
                0x00000000000006d0       0x2c build/lpc40xx/compiled/source/main.cpp.o
                0x00000000000006d0                units::literals::operator"" _MHz(unsigned long long)
 .text._ZN5units6unit_tINS_4unitISt5ratioILx1000000ELx1EENS1_IS2_ILx1ELx1EENS_9base_unitIS2_ILx0ELx1EES6_S2_ILxn1ELx1EES6_S6_S6_S6_S6_S6_EES6_S6_EES6_S6_EEfNS_12linear_scaleEEC1IJEEEfDpRKT_
                0x00000000000006fc       0x22 build/lpc40xx/compiled/source/main.cpp.o
                0x00000000000006fc                units::unit_t<units::unit<std::ratio<1000000ll, 1ll>, units::unit<std::ratio<1ll, 1ll>, units::base_unit<std::ratio<0ll, 1ll>, std::ratio<0ll, 1ll>, std::ratio<-1ll, 1ll>, std::ratio<0ll, 1ll>, std::ratio<0ll, 1ll>, std::ratio<0ll, 1ll>, std::ratio<0ll, 1ll>, std::ratio<0ll, 1ll>, std::ratio<0ll, 1ll> >, std::ratio<0ll, 1ll>, std::ratio<0ll, 1ll> >, std::ratio<0ll, 1ll>, std::ratio<0ll, 1ll> >, float, units::linear_scale>::unit_t<>(float)
 .text._ZN5units12linear_scaleIfEC2IJEEERKfDpOT_
                0x000000000000071e       0x20 build/lpc40xx/compiled/source/main.cpp.o
                0x000000000000071e                units::linear_scale<float>::linear_scale<>(float const&)
 .text._ZN5units6unit_tINS_4unitISt5ratioILx1ELx1EENS_9base_unitIS2_ILx0ELx1EES5_S2_ILxn1ELx1EES5_S5_S5_S5_S5_S5_EES5_S5_EEfNS_12linear_scaleEEC1IJEEEfDpRKT_
                0x000000000000073e       0x22 build/lpc40xx/compiled/source/main.cpp.o
                0x000000000000073e                units::unit_t<units::unit<std::ratio<1ll, 1ll>, units::base_unit<std::ratio<0ll, 1ll>, std::ratio<0ll, 1ll>, std::ratio<-1ll, 1ll>, std::ratio<0ll, 1ll>, std::ratio<0ll, 1ll>, std::ratio<0ll, 1ll>, std::ratio<0ll, 1ll>, std::ratio<0ll, 1ll>, std::ratio<0ll, 1ll> >, std::ratio<0ll, 1ll>, std::ratio<0ll, 1ll> >, float, units::linear_scale>::unit_t<>(float)
 .text._ZN5unitsL7convertINS_4unitISt5ratioILx1ELx1EENS_9base_unitIS2_ILx0ELx1EES5_S2_ILxn1ELx1EES5_S5_S5_S5_S5_S5_EES5_S5_EES8_fEET1_RKS9_
                0x0000000000000760       0x1c build/lpc40xx/compiled/source/main.cpp.o
 .text._ZN5units6detailL7convertINS_4unitISt5ratioILx1ELx1EENS_9base_unitIS3_ILx0ELx1EES6_S3_ILxn1ELx1EES6_S6_S6_S6_S6_S6_EES6_S6_EES9_S4_S6_S6_fEET4_RKSA_St17integral_constantIbLb1EESD_IbLb0EESF_
                0x000000000000077c       0x24 build/lpc40xx/compiled/source/main.cpp.o
 .text._ZNSt6chrono8durationIxSt5ratioILx1ELx1000EEEC1IxvEERKT_
                0x00000000000007a0       0x24 build/lpc40xx/compiled/source/main.cpp.o
                0x00000000000007a0                std::chrono::duration<long long, std::ratio<1ll, 1000ll> >::duration<long long, void>(long long const&)
 .text._ZN4sjsu16SystemController21GetPlatformControllerEv
                0x00000000000007c4       0x18 build/lpc40xx/compiled/source/main.cpp.o
                0x00000000000007c4                sjsu::SystemController::GetPlatformController()
 .text._ZNK4sjsu16SystemController22GetPeripheralFrequencyERKNS0_12PeripheralIDE
                0x00000000000007dc       0x50 build/lpc40xx/compiled/source/main.cpp.o
                0x00000000000007dc                sjsu::SystemController::GetPeripheralFrequency(sjsu::SystemController::PeripheralID const&) const
 .text._ZNSt8literals15chrono_literalsli2nsIJLc48EEEENSt6chrono8durationIxSt5ratioILx1ELx1000000000EEEEv
                0x000000000000082c       0x1a build/lpc40xx/compiled/source/main.cpp.o
                0x000000000000082c                std::chrono::duration<long long, std::ratio<1ll, 1000000000ll> > std::literals::chrono_literals::operator"" ns<(char)48>()
 .text._ZNSt8literals15chrono_literals16__check_overflowINSt6chrono8durationIxSt5ratioILx1ELx1000000000EEEEJLc48EEEET_v
                0x0000000000000846       0x28 build/lpc40xx/compiled/source/main.cpp.o
                0x0000000000000846                std::chrono::duration<long long, std::ratio<1ll, 1000000000ll> > std::literals::chrono_literals::__check_overflow<std::chrono::duration<long long, std::ratio<1ll, 1000000000ll> >, (char)48>()
 .text._ZNSt6chrono8durationIxSt5ratioILx1ELx1000000000EEEpLERKS3_
                0x000000000000086e       0x2c build/lpc40xx/compiled/source/main.cpp.o
                0x000000000000086e                std::chrono::duration<long long, std::ratio<1ll, 1000000000ll> >::operator+=(std::chrono::duration<long long, std::ratio<1ll, 1000000000ll> > const&)
 *fill*         0x000000000000089a        0x2 ff
 .text._ZN4sjsu13DefaultUptimeEv
                0x000000000000089c       0x48 build/lpc40xx/compiled/source/main.cpp.o
                0x000000000000089c                sjsu::DefaultUptime()
 .text._ZNSt8functionIFNSt6chrono8durationIxSt5ratioILx1ELx1000000000EEEEvEED2Ev
                0x00000000000008e4       0x1a build/lpc40xx/compiled/source/main.cpp.o
                0x00000000000008e4                std::function<std::chrono::duration<long long, std::ratio<1ll, 1000000000ll> > ()>::~function()
                0x00000000000008e4                std::function<std::chrono::duration<long long, std::ratio<1ll, 1000000000ll> > ()>::~function()
 *fill*         0x00000000000008fe        0x2 ff
 .text._ZN4sjsu4WaitENSt6chrono8durationIxSt5ratioILx1ELx1000000000EEEESt8functionIFbvEE
                0x0000000000000900       0xc4 build/lpc40xx/compiled/source/main.cpp.o
                0x0000000000000900                sjsu::Wait(std::chrono::duration<long long, std::ratio<1ll, 1000000000ll> >, std::function<bool ()>)
 .text._ZZN4sjsu4WaitENSt6chrono8durationIxSt5ratioILx1ELx1000000000EEEEENKUlvE_clEv
                0x00000000000009c4       0x16 build/lpc40xx/compiled/source/main.cpp.o
                0x00000000000009c4                sjsu::Wait(std::chrono::duration<long long, std::ratio<1ll, 1000000000ll> >)::{lambda()#1}::operator()() const
 .text._ZNSt8functionIFbvEED2Ev
                0x00000000000009da       0x1a build/lpc40xx/compiled/source/main.cpp.o
                0x00000000000009da                std::function<bool ()>::~function()
                0x00000000000009da                std::function<bool ()>::~function()
 .text._ZN4sjsu4WaitENSt6chrono8durationIxSt5ratioILx1ELx1000000000EEEE
                0x00000000000009f4       0x3a build/lpc40xx/compiled/source/main.cpp.o
                0x00000000000009f4                sjsu::Wait(std::chrono::duration<long long, std::ratio<1ll, 1000000000ll> >)
 .text._ZN4sjsu5DelayENSt6chrono8durationIxSt5ratioILx1ELx1000000000EEEE
                0x0000000000000a2e       0x1a build/lpc40xx/compiled/source/main.cpp.o
                0x0000000000000a2e                sjsu::Delay(std::chrono::duration<long long, std::ratio<1ll, 1000000000ll> >)
 .text._ZN4sjsu4GpioC2Ev
                0x0000000000000a48       0x20 build/lpc40xx/compiled/source/main.cpp.o
                0x0000000000000a48                sjsu::Gpio::Gpio()
                0x0000000000000a48                sjsu::Gpio::Gpio()
 .text._ZN4sjsu7lpc17xx3PinC2Ehh
                0x0000000000000a68       0x40 build/lpc40xx/compiled/source/main.cpp.o
                0x0000000000000a68                sjsu::lpc17xx::Pin::Pin(unsigned char, unsigned char)
                0x0000000000000a68                sjsu::lpc17xx::Pin::Pin(unsigned char, unsigned char)
 .text._ZNK4sjsu7lpc17xx3Pin10InitializeEv
                0x0000000000000aa8       0x14 build/lpc40xx/compiled/source/main.cpp.o
                0x0000000000000aa8                sjsu::lpc17xx::Pin::Initialize() const
 .text._ZNK4sjsu7lpc17xx3Pin14SetPinFunctionEh
                0x0000000000000abc       0x48 build/lpc40xx/compiled/source/main.cpp.o
                0x0000000000000abc                sjsu::lpc17xx::Pin::SetPinFunction(unsigned char) const
 .text._ZN4sjsu5ValueINS_3Pin8ResistorEEEDaT_
                0x0000000000000b04       0x18 build/lpc40xx/compiled/source/main.cpp.o
                0x0000000000000b04                auto sjsu::Value<sjsu::Pin::Resistor>(sjsu::Pin::Resistor)
 .text._ZNK4sjsu7lpc17xx3Pin7SetPullENS_3Pin8ResistorE
                0x0000000000000b1c       0x5c build/lpc40xx/compiled/source/main.cpp.o
                0x0000000000000b1c                sjsu::lpc17xx::Pin::SetPull(sjsu::Pin::Resistor) const
 .text._ZNK4sjsu7lpc17xx3Pin15SetAsAnalogModeEb
                0x0000000000000b78       0x2c build/lpc40xx/compiled/source/main.cpp.o
                0x0000000000000b78                sjsu::lpc17xx::Pin::SetAsAnalogMode(bool) const
 .text._ZNK4sjsu7lpc17xx3Pin14SetAsOpenDrainEb
                0x0000000000000ba4       0x48 build/lpc40xx/compiled/source/main.cpp.o
                0x0000000000000ba4                sjsu::lpc17xx::Pin::SetAsOpenDrain(bool) const
 .text._ZN4sjsu7lpc17xx3Pin14GetPinsBitmaskEh
                0x0000000000000bec       0x36 build/lpc40xx/compiled/source/main.cpp.o
                0x0000000000000bec                sjsu::lpc17xx::Pin::GetPinsBitmask(unsigned char)
 .text._ZNK4sjsu7lpc17xx3Pin17PinRegisterLookupEv
                0x0000000000000c22       0x30 build/lpc40xx/compiled/source/main.cpp.o
                0x0000000000000c22                sjsu::lpc17xx::Pin::PinRegisterLookup() const
 *fill*         0x0000000000000c52        0x2 ff
 .text._ZN4sjsu7lpc40xx4Gpio12GpioRegisterEi
                0x0000000000000c54       0x74 build/lpc40xx/compiled/source/main.cpp.o
                0x0000000000000c54                sjsu::lpc40xx::Gpio::GpioRegister(int)
 .text._ZN4sjsu7lpc40xx4Gpio17InterruptRegisterEi
                0x0000000000000cc8       0x80 build/lpc40xx/compiled/source/main.cpp.o
                0x0000000000000cc8                sjsu::lpc40xx::Gpio::InterruptRegister(int)
 .text._ZN4sjsu7lpc40xx4Gpio15InterruptStatusEv
                0x0000000000000d48       0x14 build/lpc40xx/compiled/source/main.cpp.o
                0x0000000000000d48                sjsu::lpc40xx::Gpio::InterruptStatus()
 .text._ZN4sjsu7lpc40xx4Gpio16InterruptHandlerEv
                0x0000000000000d5c       0x70 build/lpc40xx/compiled/source/main.cpp.o
                0x0000000000000d5c                sjsu::lpc40xx::Gpio::InterruptHandler()
 .text._ZN4sjsu7lpc40xx4GpioC2EhhPNS_3PinE
                0x0000000000000dcc       0xac build/lpc40xx/compiled/source/main.cpp.o
                0x0000000000000dcc                sjsu::lpc40xx::Gpio::Gpio(unsigned char, unsigned char, sjsu::Pin*)
                0x0000000000000dcc                sjsu::lpc40xx::Gpio::Gpio(unsigned char, unsigned char, sjsu::Pin*)
 .text._ZNK4sjsu7lpc40xx4Gpio12SetDirectionENS_4Gpio9DirectionE
                0x0000000000000e78       0x68 build/lpc40xx/compiled/source/main.cpp.o
                0x0000000000000e78                sjsu::lpc40xx::Gpio::SetDirection(sjsu::Gpio::Direction) const
 .text._ZNK4sjsu7lpc40xx4Gpio3SetENS_4Gpio5StateE
                0x0000000000000ee0       0x44 build/lpc40xx/compiled/source/main.cpp.o
                0x0000000000000ee0                sjsu::lpc40xx::Gpio::Set(sjsu::Gpio::State) const
 .text._ZNK4sjsu7lpc40xx4Gpio6ToggleEv
                0x0000000000000f24       0x2e build/lpc40xx/compiled/source/main.cpp.o
                0x0000000000000f24                sjsu::lpc40xx::Gpio::Toggle() const
 .text._ZNK4sjsu7lpc40xx4Gpio4ReadEv
                0x0000000000000f52       0x24 build/lpc40xx/compiled/source/main.cpp.o
                0x0000000000000f52                sjsu::lpc40xx::Gpio::Read() const
 .text._ZNK4sjsu7lpc40xx4Gpio6GetPinEv
                0x0000000000000f76       0x18 build/lpc40xx/compiled/source/main.cpp.o
                0x0000000000000f76                sjsu::lpc40xx::Gpio::GetPin() const
 .text._ZNSt8functionIFvvEED2Ev
                0x0000000000000f8e       0x1a build/lpc40xx/compiled/source/main.cpp.o
                0x0000000000000f8e                std::function<void ()>::~function()
                0x0000000000000f8e                std::function<void ()>::~function()
 .text._ZN4sjsu19InterruptController18RegistrationInfo_tD2Ev
                0x0000000000000fa8       0x1c build/lpc40xx/compiled/source/main.cpp.o
                0x0000000000000fa8                sjsu::InterruptController::RegistrationInfo_t::~RegistrationInfo_t()
                0x0000000000000fa8                sjsu::InterruptController::RegistrationInfo_t::~RegistrationInfo_t()
 .text._ZN4sjsu7lpc40xx4Gpio15AttachInterruptESt8functionIFvvEENS_4Gpio4EdgeE
                0x0000000000000fc4       0xdc build/lpc40xx/compiled/source/main.cpp.o
                0x0000000000000fc4                sjsu::lpc40xx::Gpio::AttachInterrupt(std::function<void ()>, sjsu::Gpio::Edge)
 .text._ZNK4sjsu7lpc40xx4Gpio15DetachInterruptEv
                0x00000000000010a0       0x84 build/lpc40xx/compiled/source/main.cpp.o
                0x00000000000010a0                sjsu::lpc40xx::Gpio::DetachInterrupt() const
 .text._ZNK4sjsu7lpc40xx4Gpio12IsAValidPortEv
                0x0000000000001124       0x48 build/lpc40xx/compiled/source/main.cpp.o
                0x0000000000001124                sjsu::lpc40xx::Gpio::IsAValidPort() const
 .text._ZNK4sjsu7lpc40xx4Gpio22LocalInterruptRegisterEv
                0x000000000000116c       0x1c build/lpc40xx/compiled/source/main.cpp.o
                0x000000000000116c                sjsu::lpc40xx::Gpio::LocalInterruptRegister() const
 .text._ZNKSt6chrono8durationIxSt5ratioILx1ELx1000EEE5countEv
                0x0000000000001188       0x1c build/lpc40xx/compiled/source/main.cpp.o
                0x0000000000001188                std::chrono::duration<long long, std::ratio<1ll, 1000ll> >::count() const
 .text._ZN5units6unit_tINS_4unitISt5ratioILx1ELx1EENS_9base_unitIS2_ILx0ELx1EES5_S2_ILxn1ELx1EES5_S5_S5_S5_S5_S5_EES5_S5_EEfNS_12linear_scaleEEC1INS1_IS2_ILx1000000ELx1EES8_S5_S5_EEfS9_EERKNS0_IT_T0_T1_EE
                0x00000000000011a4       0x36 build/lpc40xx/compiled/source/main.cpp.o
                0x00000000000011a4                units::unit_t<units::unit<std::ratio<1ll, 1ll>, units::base_unit<std::ratio<0ll, 1ll>, std::ratio<0ll, 1ll>, std::ratio<-1ll, 1ll>, std::ratio<0ll, 1ll>, std::ratio<0ll, 1ll>, std::ratio<0ll, 1ll>, std::ratio<0ll, 1ll>, std::ratio<0ll, 1ll>, std::ratio<0ll, 1ll> >, std::ratio<0ll, 1ll>, std::ratio<0ll, 1ll> >, float, units::linear_scale>::unit_t<units::unit<std::ratio<1000000ll, 1ll>, units::unit<std::ratio<1ll, 1ll>, units::base_unit<std::ratio<0ll, 1ll>, std::ratio<0ll, 1ll>, std::ratio<-1ll, 1ll>, std::ratio<0ll, 1ll>, std::ratio<0ll, 1ll>, std::ratio<0ll, 1ll>, std::ratio<0ll, 1ll>, std::ratio<0ll, 1ll>, std::ratio<0ll, 1ll> >, std::ratio<0ll, 1ll>, std::ratio<0ll, 1ll> >, std::ratio<0ll, 1ll>, std::ratio<0ll, 1ll> >, float, units::linear_scale>(units::unit_t<units::unit<std::ratio<1000000ll, 1ll>, units::unit<std::ratio<1ll, 1ll>, units::base_unit<std::ratio<0ll, 1ll>, std::ratio<0ll, 1ll>, std::ratio<-1ll, 1ll>, std::ratio<0ll, 1ll>, std::ratio<0ll, 1ll>, std::ratio<0ll, 1ll>, std::ratio<0ll, 1ll>, std::ratio<0ll, 1ll>, std::ratio<0ll, 1ll> >, std::ratio<0ll, 1ll>, std::ratio<0ll, 1ll> >, std::ratio<0ll, 1ll>, std::ratio<0ll, 1ll> >, float, units::linear_scale> const&)
 .text._ZN5units12linear_scaleIfEC2IJSt17integral_constantIbLb1EEEEERKfDpOT_
                0x00000000000011da       0x22 build/lpc40xx/compiled/source/main.cpp.o
                0x00000000000011da                units::linear_scale<float>::linear_scale<std::integral_constant<bool, true> >(float const&, std::integral_constant<bool, true>&&)
 .text._ZN5unitsL7convertINS_4unitISt5ratioILx1000000ELx1EENS1_IS2_ILx1ELx1EENS_9base_unitIS2_ILx0ELx1EES6_S2_ILxn1ELx1EES6_S6_S6_S6_S6_S6_EES6_S6_EES6_S6_EES9_fEET1_RKSB_
                0x00000000000011fc       0x1c build/lpc40xx/compiled/source/main.cpp.o
 .text._ZN5units6detailL7convertINS_4unitISt5ratioILx1000000ELx1EENS2_IS3_ILx1ELx1EENS_9base_unitIS3_ILx0ELx1EES7_S3_ILxn1ELx1EES7_S7_S7_S7_S7_S7_EES7_S7_EES7_S7_EESA_S4_S7_S7_fEET4_RKSC_St17integral_constantIbLb0EESG_SG_
                0x0000000000001218       0x30 build/lpc40xx/compiled/source/main.cpp.o
 .text._ZNK5units12linear_scaleIfEclEv
                0x0000000000001248       0x1e build/lpc40xx/compiled/source/main.cpp.o
                0x0000000000001248                units::linear_scale<float>::operator()() const
 *fill*         0x0000000000001266        0x2 ff
 .text._ZNK4sjsu7lpc40xx3Spi10InitializeEv
                0x0000000000001268      0x108 build/lpc40xx/compiled/source/main.cpp.o
                0x0000000000001268                sjsu::lpc40xx::Spi::Initialize() const
 .text._ZNK4sjsu7lpc40xx3Spi9IsBusBusyEv
                0x0000000000001370       0x34 build/lpc40xx/compiled/source/main.cpp.o
                0x0000000000001370                sjsu::lpc40xx::Spi::IsBusBusy() const
 .text._ZNK4sjsu7lpc40xx3Spi8TransferEt
                0x00000000000013a4       0x38 build/lpc40xx/compiled/source/main.cpp.o
                0x00000000000013a4                sjsu::lpc40xx::Spi::Transfer(unsigned short) const
 .text._ZN4sjsu5ValueINS_3Spi8DataSizeEEEDaT_
                0x00000000000013dc       0x18 build/lpc40xx/compiled/source/main.cpp.o
                0x00000000000013dc                auto sjsu::Value<sjsu::Spi::DataSize>(sjsu::Spi::DataSize)
 .text._ZNK4sjsu7lpc40xx3Spi11SetDataSizeENS_3Spi8DataSizeE
                0x00000000000013f4       0x54 build/lpc40xx/compiled/source/main.cpp.o
                0x00000000000013f4                sjsu::lpc40xx::Spi::SetDataSize(sjsu::Spi::DataSize) const
 .text._ZNK5units6unit_tINS_4unitISt5ratioILx1ELx1EENS_9base_unitIS2_ILx0ELx1EES5_S5_S5_S5_S5_S5_S5_S5_EES5_S5_EEfNS_12linear_scaleEE2toItvEET_v
                0x0000000000001448       0x18 build/lpc40xx/compiled/source/main.cpp.o
                0x0000000000001448                unsigned short units::unit_t<units::unit<std::ratio<1ll, 1ll>, units::base_unit<std::ratio<0ll, 1ll>, std::ratio<0ll, 1ll>, std::ratio<0ll, 1ll>, std::ratio<0ll, 1ll>, std::ratio<0ll, 1ll>, std::ratio<0ll, 1ll>, std::ratio<0ll, 1ll>, std::ratio<0ll, 1ll>, std::ratio<0ll, 1ll> >, std::ratio<0ll, 1ll>, std::ratio<0ll, 1ll> >, float, units::linear_scale>::to<unsigned short, void>() const
 .text._ZN5unitsdvINS_6unit_tINS_4unitISt5ratioILx1ELx1EENS_9base_unitIS3_ILx0ELx1EES6_S3_ILxn1ELx1EES6_S6_S6_S6_S6_S6_EES6_S6_EEfNS_12linear_scaleEEESB_Li0EEENS1_INS2_IS4_NS5_IS6_S6_S6_S6_S6_S6_S6_S6_S6_EES6_S6_EEfSA_EERKT_RKT0_
                0x0000000000001460       0x58 build/lpc40xx/compiled/source/main.cpp.o
                0x0000000000001460                units::unit_t<units::unit<std::ratio<1ll, 1ll>, units::base_unit<std::ratio<0ll, 1ll>, std::ratio<0ll, 1ll>, std::ratio<0ll, 1ll>, std::ratio<0ll, 1ll>, std::ratio<0ll, 1ll>, std::ratio<0ll, 1ll>, std::ratio<0ll, 1ll>, std::ratio<0ll, 1ll>, std::ratio<0ll, 1ll> >, std::ratio<0ll, 1ll>, std::ratio<0ll, 1ll> >, float, units::linear_scale> units::operator/<units::unit_t<units::unit<std::ratio<1ll, 1ll>, units::base_unit<std::ratio<0ll, 1ll>, std::ratio<0ll, 1ll>, std::ratio<-1ll, 1ll>, std::ratio<0ll, 1ll>, std::ratio<0ll, 1ll>, std::ratio<0ll, 1ll>, std::ratio<0ll, 1ll>, std::ratio<0ll, 1ll>, std::ratio<0ll, 1ll> >, std::ratio<0ll, 1ll>, std::ratio<0ll, 1ll> >, float, units::linear_scale>, units::unit_t<units::unit<std::ratio<1ll, 1ll>, units::base_unit<std::ratio<0ll, 1ll>, std::ratio<0ll, 1ll>, std::ratio<-1ll, 1ll>, std::ratio<0ll, 1ll>, std::ratio<0ll, 1ll>, std::ratio<0ll, 1ll>, std::ratio<0ll, 1ll>, std::ratio<0ll, 1ll>, std::ratio<0ll, 1ll> >, std::ratio<0ll, 1ll>, std::ratio<0ll, 1ll> >, float, units::linear_scale>, 0>(units::unit_t<units::unit<std::ratio<1ll, 1ll>, units::base_unit<std::ratio<0ll, 1ll>, std::ratio<0ll, 1ll>, std::ratio<-1ll, 1ll>, std::ratio<0ll, 1ll>, std::ratio<0ll, 1ll>, std::ratio<0ll, 1ll>, std::ratio<0ll, 1ll>, std::ratio<0ll, 1ll>, std::ratio<0ll, 1ll> >, std::ratio<0ll, 1ll>, std::ratio<0ll, 1ll> >, float, units::linear_scale> const&, units::unit_t<units::unit<std::ratio<1ll, 1ll>, units::base_unit<std::ratio<0ll, 1ll>, std::ratio<0ll, 1ll>, std::ratio<-1ll, 1ll>, std::ratio<0ll, 1ll>, std::ratio<0ll, 1ll>, std::ratio<0ll, 1ll>, std::ratio<0ll, 1ll>, std::ratio<0ll, 1ll>, std::ratio<0ll, 1ll> >, std::ratio<0ll, 1ll>, std::ratio<0ll, 1ll> >, float, units::linear_scale> const&)
 .text._ZN5units6unit_tINS_4unitISt5ratioILx1ELx1EENS_9base_unitIS2_ILx0ELx1EES5_S5_S5_S5_S5_S5_S5_S5_EES5_S5_EEfNS_12linear_scaleEEC1IJEEEfDpRKT_
                0x00000000000014b8       0x22 build/lpc40xx/compiled/source/main.cpp.o
                0x00000000000014b8                units::unit_t<units::unit<std::ratio<1ll, 1ll>, units::base_unit<std::ratio<0ll, 1ll>, std::ratio<0ll, 1ll>, std::ratio<0ll, 1ll>, std::ratio<0ll, 1ll>, std::ratio<0ll, 1ll>, std::ratio<0ll, 1ll>, std::ratio<0ll, 1ll>, std::ratio<0ll, 1ll>, std::ratio<0ll, 1ll> >, std::ratio<0ll, 1ll>, std::ratio<0ll, 1ll> >, float, units::linear_scale>::unit_t<>(float)
 *fill*         0x00000000000014da        0x2 ff
 .text._ZNK4sjsu7lpc40xx3Spi8SetClockEN5units6unit_tINS2_4unitISt5ratioILx1ELx1EENS2_9base_unitIS5_ILx0ELx1EES8_S5_ILxn1ELx1EES8_S8_S8_S8_S8_S8_EES8_S8_EEfNS2_12linear_scaleEEEbb
                0x00000000000014dc       0xf0 build/lpc40xx/compiled/source/main.cpp.o
                0x00000000000014dc                sjsu::lpc40xx::Spi::SetClock(units::unit_t<units::unit<std::ratio<1ll, 1ll>, units::base_unit<std::ratio<0ll, 1ll>, std::ratio<0ll, 1ll>, std::ratio<-1ll, 1ll>, std::ratio<0ll, 1ll>, std::ratio<0ll, 1ll>, std::ratio<0ll, 1ll>, std::ratio<0ll, 1ll>, std::ratio<0ll, 1ll>, std::ratio<0ll, 1ll> >, std::ratio<0ll, 1ll>, std::ratio<0ll, 1ll> >, float, units::linear_scale>, bool, bool) const
 .text._ZN4sjsu12PixelDisplay7Color_t7IsBlankEv
                0x00000000000015cc       0x3a build/lpc40xx/compiled/source/main.cpp.o
                0x00000000000015cc                sjsu::PixelDisplay::Color_t::IsBlank()
 .text._ZN4sjsu12PixelDisplay6EnableEv
                0x0000000000001606       0x14 build/lpc40xx/compiled/source/main.cpp.o
                0x0000000000001606                sjsu::PixelDisplay::Enable()
 .text._ZN4sjsu12PixelDisplay7DisableEv
                0x000000000000161a       0x14 build/lpc40xx/compiled/source/main.cpp.o
                0x000000000000161a                sjsu::PixelDisplay::Disable()
 .text._ZN4sjsu7Ssd13068GetWidthEv
                0x000000000000162e       0x16 build/lpc40xx/compiled/source/main.cpp.o
                0x000000000000162e                sjsu::Ssd1306::GetWidth()
 .text._ZN4sjsu7Ssd13069GetHeightEv
                0x0000000000001644       0x16 build/lpc40xx/compiled/source/main.cpp.o
                0x0000000000001644                sjsu::Ssd1306::GetHeight()
 .text._ZN4sjsu7Ssd130615AvailableColorsEv
                0x000000000000165a       0x3e build/lpc40xx/compiled/source/main.cpp.o
                0x000000000000165a                sjsu::Ssd1306::AvailableColors()
 .text._ZN4sjsu7Ssd13065WriteEmNS0_11TransactionEj
                0x0000000000001698       0xb4 build/lpc40xx/compiled/source/main.cpp.o
                0x0000000000001698                sjsu::Ssd1306::Write(unsigned long, sjsu::Ssd1306::Transaction, unsigned int)
 .text._ZN4sjsu7Ssd130610InitializeEv
                0x000000000000174c       0xc4 build/lpc40xx/compiled/source/main.cpp.o
                0x000000000000174c                sjsu::Ssd1306::Initialize()
 .text._ZN4sjsu7Ssd130619InitializationPanelEv
                0x0000000000001810       0xda build/lpc40xx/compiled/source/main.cpp.o
                0x0000000000001810                sjsu::Ssd1306::InitializationPanel()
 *fill*         0x00000000000018ea        0x2 ff
 .text._ZN4sjsu7Ssd130624SetHorizontalAddressModeEv
                0x00000000000018ec       0x40 build/lpc40xx/compiled/source/main.cpp.o
                0x00000000000018ec                sjsu::Ssd1306::SetHorizontalAddressMode()
 .text._ZN4sjsu7Ssd13065ClearEv
                0x000000000000192c       0x20 build/lpc40xx/compiled/source/main.cpp.o
                0x000000000000192c                sjsu::Ssd1306::Clear()
 .text._ZN4sjsu7Ssd13069DrawPixelEllNS_12PixelDisplay7Color_tE
                0x000000000000194c       0x7e build/lpc40xx/compiled/source/main.cpp.o
                0x000000000000194c                sjsu::Ssd1306::DrawPixel(long, long, sjsu::PixelDisplay::Color_t)
 .text._ZN4sjsu7Ssd13066UpdateEv
                0x00000000000019ca       0x5e build/lpc40xx/compiled/source/main.cpp.o
                0x00000000000019ca                sjsu::Ssd1306::Update()
 .text._ZN4sjsu12PixelDisplay7Color_tC2Ev
                0x0000000000001a28       0x2e build/lpc40xx/compiled/source/main.cpp.o
                0x0000000000001a28                sjsu::PixelDisplay::Color_t::Color_t()
                0x0000000000001a28                sjsu::PixelDisplay::Color_t::Color_t()
 .text._ZN4sjsu8GraphicsC2ERNS_12PixelDisplayE
                0x0000000000001a56       0x6a build/lpc40xx/compiled/source/main.cpp.o
                0x0000000000001a56                sjsu::Graphics::Graphics(sjsu::PixelDisplay&)
                0x0000000000001a56                sjsu::Graphics::Graphics(sjsu::PixelDisplay&)
 .text._ZN4sjsu8Graphics10InitializeEv
                0x0000000000001ac0       0x22 build/lpc40xx/compiled/source/main.cpp.o
                0x0000000000001ac0                sjsu::Graphics::Initialize()
 .text._ZN4sjsu8Graphics6UpdateEv
                0x0000000000001ae2       0x22 build/lpc40xx/compiled/source/main.cpp.o
                0x0000000000001ae2                sjsu::Graphics::Update()
 .text._ZN4sjsu8Graphics5ClearEv
                0x0000000000001b04       0x22 build/lpc40xx/compiled/source/main.cpp.o
                0x0000000000001b04                sjsu::Graphics::Clear()
 *fill*         0x0000000000001b26        0x2 ff
 .text._ZN4sjsu8Graphics13DrawCharacterEllc
                0x0000000000001b28       0x84 build/lpc40xx/compiled/source/main.cpp.o
                0x0000000000001b28                sjsu::Graphics::DrawCharacter(long, long, char)
 .text._ZN4sjsu8Graphics9DrawPixelEmm
                0x0000000000001bac       0x40 build/lpc40xx/compiled/source/main.cpp.o
                0x0000000000001bac                sjsu::Graphics::DrawPixel(unsigned long, unsigned long)
 .text._ZN4sjsu17GraphicalTerminal10InitializeEv
                0x0000000000001bec       0x2e build/lpc40xx/compiled/source/main.cpp.o
                0x0000000000001bec                sjsu::GraphicalTerminal::Initialize()
 .text._ZN4sjsu17GraphicalTerminal6printfEPKcz
                0x0000000000001c1a      0x16c build/lpc40xx/compiled/source/main.cpp.o
                0x0000000000001c1a                sjsu::GraphicalTerminal::printf(char const*, ...)
 .text._ZN4sjsu17GraphicalTerminal6UpdateEv
                0x0000000000001d86       0x94 build/lpc40xx/compiled/source/main.cpp.o
                0x0000000000001d86                sjsu::GraphicalTerminal::Update()
 .text._ZN4sjsu17GraphicalTerminal8ClearRowEm
                0x0000000000001e1a       0x3a build/lpc40xx/compiled/source/main.cpp.o
                0x0000000000001e1a                sjsu::GraphicalTerminal::ClearRow(unsigned long)
 .text._ZN4sjsu17GraphicalTerminal7GetCharEmm
                0x0000000000001e54       0x2c build/lpc40xx/compiled/source/main.cpp.o
                0x0000000000001e54                sjsu::GraphicalTerminal::GetChar(unsigned long, unsigned long)
 .text.main     0x0000000000001e80      0x14c build/lpc40xx/compiled/source/main.cpp.o
                0x0000000000001e80                main
 .text._ZN4sjsu3bit6InsertImhEET_S2_T0_NS0_4MaskE
                0x0000000000001fcc       0x26 build/lpc40xx/compiled/source/main.cpp.o
                0x0000000000001fcc                unsigned long sjsu::bit::Insert<unsigned long, unsigned char>(unsigned long, unsigned char, sjsu::bit::Mask)
 .text._ZN5unitsdvINS_6unit_tINS_4unitISt5ratioILx1ELx1EENS_9base_unitIS3_ILx0ELx1EES6_S3_ILxn1ELx1EES6_S6_S6_S6_S6_S6_EES6_S6_EEfNS_12linear_scaleEEEmLi0EEET_RKSC_T0_
                0x0000000000001ff2       0x3c build/lpc40xx/compiled/source/main.cpp.o
                0x0000000000001ff2                units::unit_t<units::unit<std::ratio<1ll, 1ll>, units::base_unit<std::ratio<0ll, 1ll>, std::ratio<0ll, 1ll>, std::ratio<-1ll, 1ll>, std::ratio<0ll, 1ll>, std::ratio<0ll, 1ll>, std::ratio<0ll, 1ll>, std::ratio<0ll, 1ll>, std::ratio<0ll, 1ll>, std::ratio<0ll, 1ll> >, std::ratio<0ll, 1ll>, std::ratio<0ll, 1ll> >, float, units::linear_scale> units::operator/<units::unit_t<units::unit<std::ratio<1ll, 1ll>, units::base_unit<std::ratio<0ll, 1ll>, std::ratio<0ll, 1ll>, std::ratio<-1ll, 1ll>, std::ratio<0ll, 1ll>, std::ratio<0ll, 1ll>, std::ratio<0ll, 1ll>, std::ratio<0ll, 1ll>, std::ratio<0ll, 1ll>, std::ratio<0ll, 1ll> >, std::ratio<0ll, 1ll>, std::ratio<0ll, 1ll> >, float, units::linear_scale>, unsigned long, 0>(units::unit_t<units::unit<std::ratio<1ll, 1ll>, units::base_unit<std::ratio<0ll, 1ll>, std::ratio<0ll, 1ll>, std::ratio<-1ll, 1ll>, std::ratio<0ll, 1ll>, std::ratio<0ll, 1ll>, std::ratio<0ll, 1ll>, std::ratio<0ll, 1ll>, std::ratio<0ll, 1ll>, std::ratio<0ll, 1ll> >, std::ratio<0ll, 1ll>, std::ratio<0ll, 1ll> >, float, units::linear_scale> const&, unsigned long)
 .text._ZNSt8literals15chrono_literalsli2usIJLc49EEEENSt6chrono8durationIxSt5ratioILx1ELx1000000EEEEv
                0x000000000000202e       0x1a build/lpc40xx/compiled/source/main.cpp.o
                0x000000000000202e                std::chrono::duration<long long, std::ratio<1ll, 1000000ll> > std::literals::chrono_literals::operator"" us<(char)49>()
 .text._ZNSt6chrono8durationIxSt5ratioILx1ELx1000000000EEEC2IxS1_ILx1ELx1000000EEvEERKNS0_IT_T0_EE
                0x0000000000002048       0x34 build/lpc40xx/compiled/source/main.cpp.o
                0x0000000000002048                std::chrono::duration<long long, std::ratio<1ll, 1000000000ll> >::duration<long long, std::ratio<1ll, 1000000ll>, void>(std::chrono::duration<long long, std::ratio<1ll, 1000000ll> > const&)
                0x0000000000002048                std::chrono::duration<long long, std::ratio<1ll, 1000000000ll> >::duration<long long, std::ratio<1ll, 1000000ll>, void>(std::chrono::duration<long long, std::ratio<1ll, 1000000ll> > const&)
 .text._ZNSt8functionIFNSt6chrono8durationIxSt5ratioILx1ELx1000000000EEEEvEEC2IPS5_vvEET_
                0x000000000000207c       0x54 build/lpc40xx/compiled/source/main.cpp.o
                0x000000000000207c                std::function<std::chrono::duration<long long, std::ratio<1ll, 1000000000ll> > ()>::function<std::chrono::duration<long long, std::ratio<1ll, 1000000000ll> > (*)(), void, void>(std::chrono::duration<long long, std::ratio<1ll, 1000000000ll> > (*)())
                0x000000000000207c                std::function<std::chrono::duration<long long, std::ratio<1ll, 1000000000ll> > ()>::function<std::chrono::duration<long long, std::ratio<1ll, 1000000000ll> > (*)(), void, void>(std::chrono::duration<long long, std::ratio<1ll, 1000000000ll> > (*)())
 .text._ZNSt6chrono8durationIxSt5ratioILx1ELx1000000000EEE3maxEv
                0x00000000000020d0       0x28 build/lpc40xx/compiled/source/main.cpp.o
                0x00000000000020d0                std::chrono::duration<long long, std::ratio<1ll, 1000000000ll> >::max()
 .text._ZNSt6chronoeqIxSt5ratioILx1ELx1000000000EExS2_EEbRKNS_8durationIT_T0_EERKNS3_IT1_T2_EE
                0x00000000000020f8       0x4e build/lpc40xx/compiled/source/main.cpp.o
                0x00000000000020f8                bool std::chrono::operator==<long long, std::ratio<1ll, 1000000000ll>, long long, std::ratio<1ll, 1000000000ll> >(std::chrono::duration<long long, std::ratio<1ll, 1000000000ll> > const&, std::chrono::duration<long long, std::ratio<1ll, 1000000000ll> > const&)
 .text._ZNKSt8functionIFNSt6chrono8durationIxSt5ratioILx1ELx1000000000EEEEvEEclEv
                0x0000000000002146       0x32 build/lpc40xx/compiled/source/main.cpp.o
                0x0000000000002146                std::function<std::chrono::duration<long long, std::ratio<1ll, 1000000000ll> > ()>::operator()() const
 .text._ZNSt6chronoplIxSt5ratioILx1ELx1000000000EExS2_EENSt11common_typeIJNS_8durationIT_T0_EENS4_IT1_T2_EEEE4typeERKS7_RKSA_
                0x0000000000002178       0x60 build/lpc40xx/compiled/source/main.cpp.o
                0x0000000000002178                std::common_type<std::chrono::duration<long long, std::ratio<1ll, 1000000000ll> >, std::chrono::duration<long long, std::ratio<1ll, 1000000000ll> > >::type std::chrono::operator+<long long, std::ratio<1ll, 1000000000ll>, long long, std::ratio<1ll, 1000000000ll> >(std::chrono::duration<long long, std::ratio<1ll, 1000000000ll> > const&, std::chrono::duration<long long, std::ratio<1ll, 1000000000ll> > const&)
 .text._ZNSt6chronoleIxSt5ratioILx1ELx1000000000EExS2_EEbRKNS_8durationIT_T0_EERKNS3_IT1_T2_EE
                0x00000000000021d8       0x22 build/lpc40xx/compiled/source/main.cpp.o
                0x00000000000021d8                bool std::chrono::operator<=<long long, std::ratio<1ll, 1000000000ll>, long long, std::ratio<1ll, 1000000000ll> >(std::chrono::duration<long long, std::ratio<1ll, 1000000000ll> > const&, std::chrono::duration<long long, std::ratio<1ll, 1000000000ll> > const&)
 .text._ZNKSt8functionIFbvEEclEv
                0x00000000000021fa       0x2e build/lpc40xx/compiled/source/main.cpp.o
                0x00000000000021fa                std::function<bool ()>::operator()() const
 .text._ZNSt8functionIFbvEEC2IZN4sjsu4WaitENSt6chrono8durationIxSt5ratioILx1ELx1000000000EEEEEUlvE_vvEET_
                0x0000000000002228       0x54 build/lpc40xx/compiled/source/main.cpp.o
                0x0000000000002228                std::function<bool ()>::function<sjsu::Wait(std::chrono::duration<long long, std::ratio<1ll, 1000000000ll> >)::{lambda()#1}, void, void>(sjsu::Wait(std::chrono::duration<long long, std::ratio<1ll, 1000000000ll> >)::{lambda()#1})
                0x0000000000002228                std::function<bool ()>::function<sjsu::Wait(std::chrono::duration<long long, std::ratio<1ll, 1000000000ll> >)::{lambda()#1}, void, void>(sjsu::Wait(std::chrono::duration<long long, std::ratio<1ll, 1000000000ll> >)::{lambda()#1})
 .text._ZN4sjsu3bit6InsertImbEET_S2_T0_NS0_4MaskE
                0x000000000000227c       0x26 build/lpc40xx/compiled/source/main.cpp.o
                0x000000000000227c                unsigned long sjsu::bit::Insert<unsigned long, bool>(unsigned long, bool, sjsu::bit::Mask)
 .text._ZNSt8functionIFvvEEC2Ev
                0x00000000000022a2       0x1a build/lpc40xx/compiled/source/main.cpp.o
                0x00000000000022a2                std::function<void ()>::function()
                0x00000000000022a2                std::function<void ()>::function()
 .text._ZNKSt8functionIFvvEEclEv
                0x00000000000022bc       0x2c build/lpc40xx/compiled/source/main.cpp.o
                0x00000000000022bc                std::function<void ()>::operator()() const
 .text._ZN4sjsu3bit5ClearImEET_S2_m
                0x00000000000022e8       0x26 build/lpc40xx/compiled/source/main.cpp.o
                0x00000000000022e8                unsigned long sjsu::bit::Clear<unsigned long>(unsigned long, unsigned long)
 .text._ZN4sjsu3bit3SetImEET_S2_m
                0x000000000000230e       0x24 build/lpc40xx/compiled/source/main.cpp.o
                0x000000000000230e                unsigned long sjsu::bit::Set<unsigned long>(unsigned long, unsigned long)
 .text._ZN4sjsu3bit4ReadImEEbT_m
                0x0000000000002332       0x2e build/lpc40xx/compiled/source/main.cpp.o
                0x0000000000002332                bool sjsu::bit::Read<unsigned long>(unsigned long, unsigned long)
 .text._ZNSt8functionIFvvEEC2IPS0_vvEET_
                0x0000000000002360       0x54 build/lpc40xx/compiled/source/main.cpp.o
                0x0000000000002360                std::function<void ()>::function<void (*)(), void, void>(void (*)())
                0x0000000000002360                std::function<void ()>::function<void (*)(), void, void>(void (*)())
 .text._ZNSt8functionIFvvEEaSERKS1_
                0x00000000000023b4       0x36 build/lpc40xx/compiled/source/main.cpp.o
                0x00000000000023b4                std::function<void ()>::operator=(std::function<void ()> const&)
 .text._ZNSt8functionIFvvEEaSEDn
                0x00000000000023ea       0x34 build/lpc40xx/compiled/source/main.cpp.o
                0x00000000000023ea                std::function<void ()>::operator=(decltype(nullptr))
 .text._ZNSt6chrono8durationIxSt5ratioILx1ELx1000000000EEEC2IxS1_ILx1ELx1000EEvEERKNS0_IT_T0_EE
                0x000000000000241e       0x34 build/lpc40xx/compiled/source/main.cpp.o
                0x000000000000241e                std::chrono::duration<long long, std::ratio<1ll, 1000000000ll> >::duration<long long, std::ratio<1ll, 1000ll>, void>(std::chrono::duration<long long, std::ratio<1ll, 1000ll> > const&)
                0x000000000000241e                std::chrono::duration<long long, std::ratio<1ll, 1000000000ll> >::duration<long long, std::ratio<1ll, 1000ll>, void>(std::chrono::duration<long long, std::ratio<1ll, 1000ll> > const&)
 .text._ZN4sjsu3bit5ClearImEET_S2_NS0_4MaskE
                0x0000000000002452       0x1e build/lpc40xx/compiled/source/main.cpp.o
                0x0000000000002452                unsigned long sjsu::bit::Clear<unsigned long>(unsigned long, sjsu::bit::Mask)
 .text._ZN4sjsu3bit3SetImEET_S2_NS0_4MaskE
                0x0000000000002470       0x1e build/lpc40xx/compiled/source/main.cpp.o
                0x0000000000002470                unsigned long sjsu::bit::Set<unsigned long>(unsigned long, sjsu::bit::Mask)
 .text._ZN4sjsu3bit4ReadImEEbT_NS0_4MaskE
                0x000000000000248e       0x1e build/lpc40xx/compiled/source/main.cpp.o
                0x000000000000248e                bool sjsu::bit::Read<unsigned long>(unsigned long, sjsu::bit::Mask)
 .text._ZNK5units6unit_tINS_4unitISt5ratioILx1ELx1EENS_9base_unitIS2_ILx0ELx1EES5_S5_S5_S5_S5_S5_S5_S5_EES5_S5_EEfNS_12linear_scaleEEcvT_ItLi0EEEv
                0x00000000000024ac       0x38 build/lpc40xx/compiled/source/main.cpp.o
                0x00000000000024ac                units::unit_t<units::unit<std::ratio<1ll, 1ll>, units::base_unit<std::ratio<0ll, 1ll>, std::ratio<0ll, 1ll>, std::ratio<0ll, 1ll>, std::ratio<0ll, 1ll>, std::ratio<0ll, 1ll>, std::ratio<0ll, 1ll>, std::ratio<0ll, 1ll>, std::ratio<0ll, 1ll>, std::ratio<0ll, 1ll> >, std::ratio<0ll, 1ll>, std::ratio<0ll, 1ll> >, float, units::linear_scale>::operator unsigned short<unsigned short, 0>() const
 .text._ZN4sjsu3bit6InsertImiEET_S2_T0_NS0_4MaskE
                0x00000000000024e4       0x24 build/lpc40xx/compiled/source/main.cpp.o
                0x00000000000024e4                unsigned long sjsu::bit::Insert<unsigned long, int>(unsigned long, int, sjsu::bit::Mask)
 .text._ZN4sjsu17GraphicalTerminalC2ILm8ELm16EEEPNS_8GraphicsEPNS_15TerminalCache_tIXT_EXT0_EEE
                0x0000000000002508       0x44 build/lpc40xx/compiled/source/main.cpp.o
                0x0000000000002508                sjsu::GraphicalTerminal::GraphicalTerminal<8ul, 16ul>(sjsu::Graphics*, sjsu::TerminalCache_t<8ul, 16ul>*)
                0x0000000000002508                sjsu::GraphicalTerminal::GraphicalTerminal<8ul, 16ul>(sjsu::Graphics*, sjsu::TerminalCache_t<8ul, 16ul>*)
 .text._ZNSt8literals15chrono_literalsli2msIJLc53ELc48ELc48EEEENSt6chrono8durationIxSt5ratioILx1ELx1000EEEEv
                0x000000000000254c       0x1a build/lpc40xx/compiled/source/main.cpp.o
                0x000000000000254c                std::chrono::duration<long long, std::ratio<1ll, 1000ll> > std::literals::chrono_literals::operator"" ms<(char)53, (char)48, (char)48>()
 .text._ZN4sjsu3bit6InsertImhEET_S2_T0_mm
                0x0000000000002566       0x5a build/lpc40xx/compiled/source/main.cpp.o
                0x0000000000002566                unsigned long sjsu::bit::Insert<unsigned long, unsigned char>(unsigned long, unsigned char, unsigned long, unsigned long)
 .text._ZNSt8literals15chrono_literals16__check_overflowINSt6chrono8durationIxSt5ratioILx1ELx1000000EEEEJLc49EEEET_v
                0x00000000000025c0       0x28 build/lpc40xx/compiled/source/main.cpp.o
                0x00000000000025c0                std::chrono::duration<long long, std::ratio<1ll, 1000000ll> > std::literals::chrono_literals::__check_overflow<std::chrono::duration<long long, std::ratio<1ll, 1000000ll> >, (char)49>()
 .text._ZNSt6chrono13duration_castINS_8durationIxSt5ratioILx1ELx1000000000EEEExS2_ILx1ELx1000000EEEENSt9enable_ifIXsrNS_13__is_durationIT_EE5valueES8_E4typeERKNS1_IT0_T1_EE
                0x00000000000025e8       0x1e build/lpc40xx/compiled/source/main.cpp.o
                0x00000000000025e8                std::enable_if<std::chrono::__is_duration<std::chrono::duration<long long, std::ratio<1ll, 1000000000ll> > >::value, std::chrono::duration<long long, std::ratio<1ll, 1000000000ll> > >::type std::chrono::duration_cast<std::chrono::duration<long long, std::ratio<1ll, 1000000000ll> >, long long, std::ratio<1ll, 1000000ll> >(std::chrono::duration<long long, std::ratio<1ll, 1000000ll> > const&)
 .text._ZNSt14_Function_base13_Base_managerIPFNSt6chrono8durationIxSt5ratioILx1ELx1000000000EEEEvEE21_M_not_empty_functionIS6_EEbPT_
                0x0000000000002606       0x20 build/lpc40xx/compiled/source/main.cpp.o
                0x0000000000002606                bool std::_Function_base::_Base_manager<std::chrono::duration<long long, std::ratio<1ll, 1000000000ll> > (*)()>::_M_not_empty_function<std::chrono::duration<long long, std::ratio<1ll, 1000000000ll> > ()>(std::chrono::duration<long long, std::ratio<1ll, 1000000000ll> > (*)())
 .text._ZSt4moveIRPFNSt6chrono8durationIxSt5ratioILx1ELx1000000000EEEEvEEONSt16remove_referenceIT_E4typeEOS9_
                0x0000000000002626       0x16 build/lpc40xx/compiled/source/main.cpp.o
                0x0000000000002626                std::remove_reference<std::chrono::duration<long long, std::ratio<1ll, 1000000000ll> > (*&)()>::type&& std::move<std::chrono::duration<long long, std::ratio<1ll, 1000000000ll> > (*&)()>(std::chrono::duration<long long, std::ratio<1ll, 1000000000ll> > (*&)())
 .text._ZNSt14_Function_base13_Base_managerIPFNSt6chrono8durationIxSt5ratioILx1ELx1000000000EEEEvEE15_M_init_functorERSt9_Any_dataOS7_
                0x000000000000263c       0x24 build/lpc40xx/compiled/source/main.cpp.o
                0x000000000000263c                std::_Function_base::_Base_manager<std::chrono::duration<long long, std::ratio<1ll, 1000000000ll> > (*)()>::_M_init_functor(std::_Any_data&, std::chrono::duration<long long, std::ratio<1ll, 1000000000ll> > (*&&)())
 .text._ZNSt17_Function_handlerIFNSt6chrono8durationIxSt5ratioILx1ELx1000000000EEEEvEPS5_E9_M_invokeERKSt9_Any_data
                0x0000000000002660       0x24 build/lpc40xx/compiled/source/main.cpp.o
                0x0000000000002660                std::_Function_handler<std::chrono::duration<long long, std::ratio<1ll, 1000000000ll> > (), std::chrono::duration<long long, std::ratio<1ll, 1000000000ll> > (*)()>::_M_invoke(std::_Any_data const&)
 .text._ZNSt14_Function_base13_Base_managerIPFNSt6chrono8durationIxSt5ratioILx1ELx1000000000EEEEvEE10_M_managerERSt9_Any_dataRKS9_St18_Manager_operation
                0x0000000000002684       0x56 build/lpc40xx/compiled/source/main.cpp.o
                0x0000000000002684                std::_Function_base::_Base_manager<std::chrono::duration<long long, std::ratio<1ll, 1000000000ll> > (*)()>::_M_manager(std::_Any_data&, std::_Any_data const&, std::_Manager_operation)
 .text._ZNSt6chrono15duration_valuesIxE3maxEv
                0x00000000000026da       0x12 build/lpc40xx/compiled/source/main.cpp.o
                0x00000000000026da                std::chrono::duration_values<long long>::max()
 .text._ZNSt14_Function_base13_Base_managerIZN4sjsu4WaitENSt6chrono8durationIxSt5ratioILx1ELx1000000000EEEEEUlvE_E21_M_not_empty_functionIS7_EEbRKT_
                0x00000000000026ec       0x16 build/lpc40xx/compiled/source/main.cpp.o
                0x00000000000026ec                bool std::_Function_base::_Base_manager<sjsu::Wait(std::chrono::duration<long long, std::ratio<1ll, 1000000000ll> >)::{lambda()#1}>::_M_not_empty_function<{lambda()#1}>({lambda()#1} const&)
 .text._ZSt4moveIRZN4sjsu4WaitENSt6chrono8durationIxSt5ratioILx1ELx1000000000EEEEEUlvE_EONSt16remove_referenceIT_E4typeEOS9_
                0x0000000000002702       0x16 build/lpc40xx/compiled/source/main.cpp.o
                0x0000000000002702                std::remove_reference<sjsu::Wait(std::chrono::duration<long long, std::ratio<1ll, 1000000000ll> >)::{lambda()#1}&>::type&& std::move<sjsu::Wait(std::chrono::duration<long long, std::ratio<1ll, 1000000000ll> >)::{lambda()#1}&>(std::remove_reference&&)
 .text._ZNSt14_Function_base13_Base_managerIZN4sjsu4WaitENSt6chrono8durationIxSt5ratioILx1ELx1000000000EEEEEUlvE_E15_M_init_functorERSt9_Any_dataOS7_
                0x0000000000002718       0x24 build/lpc40xx/compiled/source/main.cpp.o
                0x0000000000002718                std::_Function_base::_Base_manager<sjsu::Wait(std::chrono::duration<long long, std::ratio<1ll, 1000000000ll> >)::{lambda()#1}>::_M_init_functor(std::_Any_data&, {lambda()#1}&&)
 .text._ZNSt17_Function_handlerIFbvEZN4sjsu4WaitENSt6chrono8durationIxSt5ratioILx1ELx1000000000EEEEEUlvE_E9_M_invokeERKSt9_Any_data
                0x000000000000273c       0x20 build/lpc40xx/compiled/source/main.cpp.o
                0x000000000000273c                std::_Function_handler<bool (), sjsu::Wait(std::chrono::duration<long long, std::ratio<1ll, 1000000000ll> >)::{lambda()#1}>::_M_invoke(std::_Any_data const&)
 .text._ZNSt14_Function_base13_Base_managerIZN4sjsu4WaitENSt6chrono8durationIxSt5ratioILx1ELx1000000000EEEEEUlvE_E10_M_managerERSt9_Any_dataRKS9_St18_Manager_operation
                0x000000000000275c       0x56 build/lpc40xx/compiled/source/main.cpp.o
                0x000000000000275c                std::_Function_base::_Base_manager<sjsu::Wait(std::chrono::duration<long long, std::ratio<1ll, 1000000000ll> >)::{lambda()#1}>::_M_manager(std::_Any_data&, std::_Function_base::_Base_manager<sjsu::Wait(std::chrono::duration<long long, std::ratio<1ll, 1000000000ll> >)::{lambda()#1}> const&, std::_Manager_operation)
 .text._ZN4sjsu3bit6InsertImbEET_S2_T0_mm
                0x00000000000027b2       0x5a build/lpc40xx/compiled/source/main.cpp.o
                0x00000000000027b2                unsigned long sjsu::bit::Insert<unsigned long, bool>(unsigned long, bool, unsigned long, unsigned long)
 .text._ZNSt14_Function_base13_Base_managerIPFvvEE21_M_not_empty_functionIS1_EEbPT_
                0x000000000000280c       0x20 build/lpc40xx/compiled/source/main.cpp.o
                0x000000000000280c                bool std::_Function_base::_Base_manager<void (*)()>::_M_not_empty_function<void ()>(void (*)())
 .text._ZSt4moveIRPFvvEEONSt16remove_referenceIT_E4typeEOS4_
                0x000000000000282c       0x16 build/lpc40xx/compiled/source/main.cpp.o
                0x000000000000282c                std::remove_reference<void (*&)()>::type&& std::move<void (*&)()>(void (*&)())
 .text._ZNSt14_Function_base13_Base_managerIPFvvEE15_M_init_functorERSt9_Any_dataOS2_
                0x0000000000002842       0x24 build/lpc40xx/compiled/source/main.cpp.o
                0x0000000000002842                std::_Function_base::_Base_manager<void (*)()>::_M_init_functor(std::_Any_data&, void (*&&)())
 .text._ZNSt17_Function_handlerIFvvEPS0_E9_M_invokeERKSt9_Any_data
                0x0000000000002866       0x1c build/lpc40xx/compiled/source/main.cpp.o
                0x0000000000002866                std::_Function_handler<void (), void (*)()>::_M_invoke(std::_Any_data const&)
 .text._ZNSt14_Function_base13_Base_managerIPFvvEE10_M_managerERSt9_Any_dataRKS4_St18_Manager_operation
                0x0000000000002882       0x56 build/lpc40xx/compiled/source/main.cpp.o
                0x0000000000002882                std::_Function_base::_Base_manager<void (*)()>::_M_manager(std::_Any_data&, std::_Any_data const&, std::_Manager_operation)
 .text._ZNSt8functionIFvvEEC2ERKS1_
                0x00000000000028d8       0x44 build/lpc40xx/compiled/source/main.cpp.o
                0x00000000000028d8                std::function<void ()>::function(std::function<void ()> const&)
                0x00000000000028d8                std::function<void ()>::function(std::function<void ()> const&)
 .text._ZNSt8functionIFvvEE4swapERS1_
                0x000000000000291c       0x42 build/lpc40xx/compiled/source/main.cpp.o
                0x000000000000291c                std::function<void ()>::swap(std::function<void ()>&)
 .text._ZN5unitsL7convertINS_4unitISt5ratioILx1ELx1EENS_9base_unitIS2_ILx0ELx1EES5_S5_S5_S5_S5_S5_S5_S5_EES5_S5_EES7_fEET1_RKS8_
                0x000000000000295e       0x1c build/lpc40xx/compiled/source/main.cpp.o
 .text._ZNSt6chrono13duration_castINS_8durationIxSt5ratioILx1ELx1000000000EEEExS2_ILx1ELx1000EEEENSt9enable_ifIXsrNS_13__is_durationIT_EE5valueES8_E4typeERKNS1_IT0_T1_EE
                0x000000000000297a       0x1e build/lpc40xx/compiled/source/main.cpp.o
                0x000000000000297a                std::enable_if<std::chrono::__is_duration<std::chrono::duration<long long, std::ratio<1ll, 1000000000ll> > >::value, std::chrono::duration<long long, std::ratio<1ll, 1000000000ll> > >::type std::chrono::duration_cast<std::chrono::duration<long long, std::ratio<1ll, 1000000000ll> >, long long, std::ratio<1ll, 1000ll> >(std::chrono::duration<long long, std::ratio<1ll, 1000ll> > const&)
 .text._ZN4sjsu3bit6InsertImiEET_S2_T0_mm
                0x0000000000002998       0x58 build/lpc40xx/compiled/source/main.cpp.o
                0x0000000000002998                unsigned long sjsu::bit::Insert<unsigned long, int>(unsigned long, int, unsigned long, unsigned long)
 .text._ZNSt8literals15chrono_literals16__check_overflowINSt6chrono8durationIxSt5ratioILx1ELx1000EEEEJLc53ELc48ELc48EEEET_v
                0x00000000000029f0       0x28 build/lpc40xx/compiled/source/main.cpp.o
                0x00000000000029f0                std::chrono::duration<long long, std::ratio<1ll, 1000ll> > std::literals::chrono_literals::__check_overflow<std::chrono::duration<long long, std::ratio<1ll, 1000ll> >, (char)53, (char)48, (char)48>()
 .text._ZNSt6chrono8durationIxSt5ratioILx1ELx1000000EEEC2IxvEERKT_
                0x0000000000002a18       0x24 build/lpc40xx/compiled/source/main.cpp.o
                0x0000000000002a18                std::chrono::duration<long long, std::ratio<1ll, 1000000ll> >::duration<long long, void>(long long const&)
                0x0000000000002a18                std::chrono::duration<long long, std::ratio<1ll, 1000000ll> >::duration<long long, void>(long long const&)
 .text._ZNKSt6chrono8durationIxSt5ratioILx1ELx1000000EEE5countEv
                0x0000000000002a3c       0x1c build/lpc40xx/compiled/source/main.cpp.o
                0x0000000000002a3c                std::chrono::duration<long long, std::ratio<1ll, 1000000ll> >::count() const
 .text._ZNSt6chrono20__duration_cast_implINS_8durationIxSt5ratioILx1ELx1000000000EEEES2_ILx1000ELx1EExLb0ELb1EE6__castIxS2_ILx1ELx1000000EEEES4_RKNS1_IT_T0_EE
                0x0000000000002a58       0x74 build/lpc40xx/compiled/source/main.cpp.o
                0x0000000000002a58                std::chrono::duration<long long, std::ratio<1ll, 1000000000ll> > std::chrono::__duration_cast_impl<std::chrono::duration<long long, std::ratio<1ll, 1000000000ll> >, std::ratio<1000ll, 1ll>, long long, false, true>::__cast<long long, std::ratio<1ll, 1000000ll> >(std::chrono::duration<long long, std::ratio<1ll, 1000000ll> > const&)
 .text._ZNSt14_Function_base13_Base_managerIPFNSt6chrono8durationIxSt5ratioILx1ELx1000000000EEEEvEE15_M_init_functorERSt9_Any_dataOS7_St17integral_constantIbLb1EE
                0x0000000000002acc       0x32 build/lpc40xx/compiled/source/main.cpp.o
                0x0000000000002acc                std::_Function_base::_Base_manager<std::chrono::duration<long long, std::ratio<1ll, 1000000000ll> > (*)()>::_M_init_functor(std::_Any_data&, std::chrono::duration<long long, std::ratio<1ll, 1000000000ll> > (*&&)(), std::integral_constant<bool, true>)
 .text._ZNSt14_Function_base13_Base_managerIPFNSt6chrono8durationIxSt5ratioILx1ELx1000000000EEEEvEE14_M_get_pointerERKSt9_Any_data
                0x0000000000002afe       0x20 build/lpc40xx/compiled/source/main.cpp.o
                0x0000000000002afe                std::_Function_base::_Base_manager<std::chrono::duration<long long, std::ratio<1ll, 1000000000ll> > (*)()>::_M_get_pointer(std::_Any_data const&)
 .text._ZNSt9_Any_data9_M_accessIPPFNSt6chrono8durationIxSt5ratioILx1ELx1000000000EEEEvEEERT_v
                0x0000000000002b1e       0x18 build/lpc40xx/compiled/source/main.cpp.o
                0x0000000000002b1e                std::chrono::duration<long long, std::ratio<1ll, 1000000000ll> > (**&std::_Any_data::_M_access<std::chrono::duration<long long, std::ratio<1ll, 1000000000ll> > (**)()>())()
 .text._ZNSt14_Function_base13_Base_managerIPFNSt6chrono8durationIxSt5ratioILx1ELx1000000000EEEEvEE8_M_cloneERSt9_Any_dataRKS9_St17integral_constantIbLb1EE
                0x0000000000002b36       0x32 build/lpc40xx/compiled/source/main.cpp.o
                0x0000000000002b36                std::_Function_base::_Base_manager<std::chrono::duration<long long, std::ratio<1ll, 1000000000ll> > (*)()>::_M_clone(std::_Any_data&, std::_Any_data const&, std::integral_constant<bool, true>)
 .text._ZNSt14_Function_base13_Base_managerIPFNSt6chrono8durationIxSt5ratioILx1ELx1000000000EEEEvEE10_M_destroyERSt9_Any_dataSt17integral_constantIbLb1EE
                0x0000000000002b68       0x18 build/lpc40xx/compiled/source/main.cpp.o
                0x0000000000002b68                std::_Function_base::_Base_manager<std::chrono::duration<long long, std::ratio<1ll, 1000000000ll> > (*)()>::_M_destroy(std::_Any_data&, std::integral_constant<bool, true>)
 .text._ZSt4moveIRSt9_Any_dataEONSt16remove_referenceIT_E4typeEOS3_
                0x0000000000002b80       0x16 build/lpc40xx/compiled/source/main.cpp.o
                0x0000000000002b80                std::remove_reference<std::_Any_data&>::type&& std::move<std::_Any_data&>(std::_Any_data&)
 .text._ZSt4swapISt9_Any_dataENSt9enable_ifIXsrSt6__and_IJSt6__not_ISt15__is_tuple_likeIT_EESt21is_move_constructibleIS5_ESt18is_move_assignableIS5_EEE5valueEvE4typeERS5_SF_
                0x0000000000002b96       0x4e build/lpc40xx/compiled/source/main.cpp.o
                0x0000000000002b96                std::enable_if<std::__and_<std::__not_<std::__is_tuple_like<std::_Any_data> >, std::is_move_constructible<std::_Any_data>, std::is_move_assignable<std::_Any_data> >::value, void>::type std::swap<std::_Any_data>(std::_Any_data&, std::_Any_data&)
 .text._ZSt4moveIRPFbRSt9_Any_dataRKS0_St18_Manager_operationEEONSt16remove_referenceIT_E4typeEOS9_
                0x0000000000002be4       0x16 build/lpc40xx/compiled/source/main.cpp.o
                0x0000000000002be4                std::remove_reference<bool (*&)(std::_Any_data&, std::_Any_data const&, std::_Manager_operation)>::type&& std::move<bool (*&)(std::_Any_data&, std::_Any_data const&, std::_Manager_operation)>(bool (*&)(std::_Any_data&, std::_Any_data const&, std::_Manager_operation))
 .text._ZSt4swapIPFbRSt9_Any_dataRKS0_St18_Manager_operationEENSt9enable_ifIXsrSt6__and_IJSt6__not_ISt15__is_tuple_likeIT_EESt21is_move_constructibleISB_ESt18is_move_assignableISB_EEE5valueEvE4typeERSB_SL_
                0x0000000000002bfa       0x3e build/lpc40xx/compiled/source/main.cpp.o
                0x0000000000002bfa                std::enable_if<std::__and_<std::__not_<std::__is_tuple_like<bool (*)(std::_Any_data&, std::_Any_data const&, std::_Manager_operation)> >, std::is_move_constructible<bool (*)(std::_Any_data&, std::_Any_data const&, std::_Manager_operation)>, std::is_move_assignable<bool (*)(std::_Any_data&, std::_Any_data const&, std::_Manager_operation)> >::value, void>::type std::swap<bool (*)(std::_Any_data&, std::_Any_data const&, std::_Manager_operation)>(bool (*&)(std::_Any_data&, std::_Any_data const&, std::_Manager_operation), bool (*&)(std::_Any_data&, std::_Any_data const&, std::_Manager_operation))
 .text._ZNSt14_Function_base13_Base_managerIZN4sjsu4WaitENSt6chrono8durationIxSt5ratioILx1ELx1000000000EEEEEUlvE_E15_M_init_functorERSt9_Any_dataOS7_St17integral_constantIbLb1EE
                0x0000000000002c38       0x2a build/lpc40xx/compiled/source/main.cpp.o
                0x0000000000002c38                std::_Function_base::_Base_manager<sjsu::Wait(std::chrono::duration<long long, std::ratio<1ll, 1000000000ll> >)::{lambda()#1}>::_M_init_functor(std::_Any_data&, {lambda()#1}&&, std::integral_constant<bool, true>)
 .text._ZNSt14_Function_base13_Base_managerIZN4sjsu4WaitENSt6chrono8durationIxSt5ratioILx1ELx1000000000EEEEEUlvE_E14_M_get_pointerERKSt9_Any_data
                0x0000000000002c62       0x20 build/lpc40xx/compiled/source/main.cpp.o
                0x0000000000002c62                std::_Function_base::_Base_manager<sjsu::Wait(std::chrono::duration<long long, std::ratio<1ll, 1000000000ll> >)::{lambda()#1}>::_M_get_pointer(std::_Any_data const&)
 .text._ZNSt9_Any_data9_M_accessIPZN4sjsu4WaitENSt6chrono8durationIxSt5ratioILx1ELx1000000000EEEEEUlvE_EERT_v
                0x0000000000002c82       0x18 build/lpc40xx/compiled/source/main.cpp.o
                0x0000000000002c82                sjsu::Wait(std::chrono::duration<long long, std::ratio<1ll, 1000000000ll> >)::{lambda()#1}*& std::_Any_data::_M_access<sjsu::Wait(std::chrono::duration<long long, std::ratio<1ll, 1000000000ll> >)::{lambda()#1}*>()
 .text._ZNSt14_Function_base13_Base_managerIZN4sjsu4WaitENSt6chrono8durationIxSt5ratioILx1ELx1000000000EEEEEUlvE_E8_M_cloneERSt9_Any_dataRKS9_St17integral_constantIbLb1EE
                0x0000000000002c9a       0x2a build/lpc40xx/compiled/source/main.cpp.o
                0x0000000000002c9a                std::_Function_base::_Base_manager<sjsu::Wait(std::chrono::duration<long long, std::ratio<1ll, 1000000000ll> >)::{lambda()#1}>::_M_clone(std::_Any_data&, std::_Function_base::_Base_manager<sjsu::Wait(std::chrono::duration<long long, std::ratio<1ll, 1000000000ll> >)::{lambda()#1}> const&, std::integral_constant<bool, true>)
 .text._ZNSt14_Function_base13_Base_managerIZN4sjsu4WaitENSt6chrono8durationIxSt5ratioILx1ELx1000000000EEEEEUlvE_E10_M_destroyERSt9_Any_dataSt17integral_constantIbLb1EE
                0x0000000000002cc4       0x18 build/lpc40xx/compiled/source/main.cpp.o
                0x0000000000002cc4                std::_Function_base::_Base_manager<sjsu::Wait(std::chrono::duration<long long, std::ratio<1ll, 1000000000ll> >)::{lambda()#1}>::_M_destroy(std::_Any_data&, std::integral_constant<bool, true>)
 .text._ZNSt14_Function_base13_Base_managerIPFvvEE15_M_init_functorERSt9_Any_dataOS2_St17integral_constantIbLb1EE
                0x0000000000002cdc       0x32 build/lpc40xx/compiled/source/main.cpp.o
                0x0000000000002cdc                std::_Function_base::_Base_manager<void (*)()>::_M_init_functor(std::_Any_data&, void (*&&)(), std::integral_constant<bool, true>)
 .text._ZNSt14_Function_base13_Base_managerIPFvvEE14_M_get_pointerERKSt9_Any_data
                0x0000000000002d0e       0x20 build/lpc40xx/compiled/source/main.cpp.o
                0x0000000000002d0e                std::_Function_base::_Base_manager<void (*)()>::_M_get_pointer(std::_Any_data const&)
 .text._ZNSt9_Any_data9_M_accessIPPFvvEEERT_v
                0x0000000000002d2e       0x18 build/lpc40xx/compiled/source/main.cpp.o
                0x0000000000002d2e                void (**&std::_Any_data::_M_access<void (**)()>())()
 .text._ZNSt14_Function_base13_Base_managerIPFvvEE8_M_cloneERSt9_Any_dataRKS4_St17integral_constantIbLb1EE
                0x0000000000002d46       0x32 build/lpc40xx/compiled/source/main.cpp.o
                0x0000000000002d46                std::_Function_base::_Base_manager<void (*)()>::_M_clone(std::_Any_data&, std::_Any_data const&, std::integral_constant<bool, true>)
 .text._ZNSt14_Function_base13_Base_managerIPFvvEE10_M_destroyERSt9_Any_dataSt17integral_constantIbLb1EE
                0x0000000000002d78       0x18 build/lpc40xx/compiled/source/main.cpp.o
                0x0000000000002d78                std::_Function_base::_Base_manager<void (*)()>::_M_destroy(std::_Any_data&, std::integral_constant<bool, true>)
 .text._ZNKSt8functionIFvvEEcvbEv
                0x0000000000002d90       0x20 build/lpc40xx/compiled/source/main.cpp.o
                0x0000000000002d90                std::function<void ()>::operator bool() const
 .text._ZSt4moveIRPFvRKSt9_Any_dataEEONSt16remove_referenceIT_E4typeEOS7_
                0x0000000000002db0       0x16 build/lpc40xx/compiled/source/main.cpp.o
                0x0000000000002db0                std::remove_reference<void (*&)(std::_Any_data const&)>::type&& std::move<void (*&)(std::_Any_data const&)>(void (*&)(std::_Any_data const&))
 .text._ZSt4swapIPFvRKSt9_Any_dataEENSt9enable_ifIXsrSt6__and_IJSt6__not_ISt15__is_tuple_likeIT_EESt21is_move_constructibleIS9_ESt18is_move_assignableIS9_EEE5valueEvE4typeERS9_SJ_
                0x0000000000002dc6       0x3e build/lpc40xx/compiled/source/main.cpp.o
                0x0000000000002dc6                std::enable_if<std::__and_<std::__not_<std::__is_tuple_like<void (*)(std::_Any_data const&)> >, std::is_move_constructible<void (*)(std::_Any_data const&)>, std::is_move_assignable<void (*)(std::_Any_data const&)> >::value, void>::type std::swap<void (*)(std::_Any_data const&)>(void (*&)(std::_Any_data const&), void (*&)(std::_Any_data const&))
 .text._ZN5units6detailL7convertINS_4unitISt5ratioILx1ELx1EENS_9base_unitIS3_ILx0ELx1EES6_S6_S6_S6_S6_S6_S6_S6_EES6_S6_EES8_S4_S6_S6_fEET4_RKS9_St17integral_constantIbLb1EESC_IbLb0EESE_
                0x0000000000002e04       0x24 build/lpc40xx/compiled/source/main.cpp.o
 .text._ZNSt6chrono20__duration_cast_implINS_8durationIxSt5ratioILx1ELx1000000000EEEES2_ILx1000000ELx1EExLb0ELb1EE6__castIxS2_ILx1ELx1000EEEES4_RKNS1_IT_T0_EE
                0x0000000000002e28       0x86 build/lpc40xx/compiled/source/main.cpp.o
                0x0000000000002e28                std::chrono::duration<long long, std::ratio<1ll, 1000000000ll> > std::chrono::__duration_cast_impl<std::chrono::duration<long long, std::ratio<1ll, 1000000000ll> >, std::ratio<1000000ll, 1ll>, long long, false, true>::__cast<long long, std::ratio<1ll, 1000ll> >(std::chrono::duration<long long, std::ratio<1ll, 1000ll> > const&)
 .text._ZNKSt9_Any_data9_M_accessIPFNSt6chrono8durationIxSt5ratioILx1ELx1000000000EEEEvEEERKT_v
                0x0000000000002eae       0x18 build/lpc40xx/compiled/source/main.cpp.o
                0x0000000000002eae                std::chrono::duration<long long, std::ratio<1ll, 1000000000ll> > (* const&std::_Any_data::_M_access<std::chrono::duration<long long, std::ratio<1ll, 1000000000ll> > (*)()>() const)()
 .text._ZSt11__addressofIKPFNSt6chrono8durationIxSt5ratioILx1ELx1000000000EEEEvEEPT_RS8_
                0x0000000000002ec6       0x16 build/lpc40xx/compiled/source/main.cpp.o
                0x0000000000002ec6                std::chrono::duration<long long, std::ratio<1ll, 1000000000ll> > (* const*std::__addressof<std::chrono::duration<long long, std::ratio<1ll, 1000000000ll> > (* const)()>(std::chrono::duration<long long, std::ratio<1ll, 1000000000ll> > (* const&)()))()
 .text._ZNSt9_Any_data9_M_accessIPFNSt6chrono8durationIxSt5ratioILx1ELx1000000000EEEEvEEERT_v
                0x0000000000002edc       0x18 build/lpc40xx/compiled/source/main.cpp.o
                0x0000000000002edc                std::chrono::duration<long long, std::ratio<1ll, 1000000000ll> > (*&std::_Any_data::_M_access<std::chrono::duration<long long, std::ratio<1ll, 1000000000ll> > (*)()>())()
 .text._ZNKSt9_Any_data9_M_accessIZN4sjsu4WaitENSt6chrono8durationIxSt5ratioILx1ELx1000000000EEEEEUlvE_EERKT_v
                0x0000000000002ef4       0x18 build/lpc40xx/compiled/source/main.cpp.o
                0x0000000000002ef4                sjsu::Wait(std::chrono::duration<long long, std::ratio<1ll, 1000000000ll> >)::{lambda()#1} const& std::_Any_data::_M_access<sjsu::Wait(std::chrono::duration<long long, std::ratio<1ll, 1000000000ll> >)::{lambda()#1}>() const
 .text._ZSt11__addressofIKZN4sjsu4WaitENSt6chrono8durationIxSt5ratioILx1ELx1000000000EEEEEUlvE_EPT_RS8_
                0x0000000000002f0c       0x16 build/lpc40xx/compiled/source/main.cpp.o
                0x0000000000002f0c                sjsu::Wait(std::chrono::duration<long long, std::ratio<1ll, 1000000000ll> >)::{lambda()#1} const* std::__addressof<sjsu::Wait(std::chrono::duration<long long, std::ratio<1ll, 1000000000ll> >)::{lambda()#1} const>(sjsu::Wait(std::chrono::duration<long long, std::ratio<1ll, 1000000000ll> >)::{lambda()#1} const&)
 .text._ZNSt9_Any_data9_M_accessIZN4sjsu4WaitENSt6chrono8durationIxSt5ratioILx1ELx1000000000EEEEEUlvE_EERT_v
                0x0000000000002f22       0x18 build/lpc40xx/compiled/source/main.cpp.o
                0x0000000000002f22                sjsu::Wait(std::chrono::duration<long long, std::ratio<1ll, 1000000000ll> >)::{lambda()#1}& std::_Any_data::_M_access<sjsu::Wait(std::chrono::duration<long long, std::ratio<1ll, 1000000000ll> >)::{lambda()#1}>()
 .text._ZNKSt9_Any_data9_M_accessIPFvvEEERKT_v
                0x0000000000002f3a       0x18 build/lpc40xx/compiled/source/main.cpp.o
                0x0000000000002f3a                void (* const&std::_Any_data::_M_access<void (*)()>() const)()
 .text._ZSt11__addressofIKPFvvEEPT_RS3_
                0x0000000000002f52       0x16 build/lpc40xx/compiled/source/main.cpp.o
                0x0000000000002f52                void (* const*std::__addressof<void (* const)()>(void (* const&)()))()
 .text._ZNSt9_Any_data9_M_accessIPFvvEEERT_v
                0x0000000000002f68       0x18 build/lpc40xx/compiled/source/main.cpp.o
                0x0000000000002f68                void (*&std::_Any_data::_M_access<void (*)()>())()
 .text.__tcf_0  0x0000000000002f80       0x28 build/lpc40xx/compiled/source/main.cpp.o
 .text._Z41__static_initialization_and_destruction_0ii
                0x0000000000002fa8      0x2d0 build/lpc40xx/compiled/source/main.cpp.o
 .text._GLOBAL__sub_I_main
                0x0000000000003278       0x10 build/lpc40xx/compiled/source/main.cpp.o
 .text._Unwind_GetGR
                0x0000000000003288       0x26 build/lpc40xx/compiled//home/vsawce/Documents/SJSU-Dev2/library/L3_Application/task_scheduler.cpp.o
 *fill*         0x00000000000032ae        0x2 ff
 .text._ZN4sjsu5debug18PrintAddressAsListEP15_Unwind_ContextPv
                0x00000000000032b0       0x48 build/lpc40xx/compiled//home/vsawce/Documents/SJSU-Dev2/library/L3_Application/task_scheduler.cpp.o
                0x00000000000032b0                sjsu::debug::PrintAddressAsList(_Unwind_Context*, void*)
 .text._ZN4sjsu5debug17PrintAddressInRowEP15_Unwind_ContextPv
                0x00000000000032f8       0x44 build/lpc40xx/compiled//home/vsawce/Documents/SJSU-Dev2/library/L3_Application/task_scheduler.cpp.o
                0x00000000000032f8                sjsu::debug::PrintAddressInRow(_Unwind_Context*, void*)
 .text._ZN4sjsu5debug14PrintBacktraceEbPv
                0x000000000000333c       0x98 build/lpc40xx/compiled//home/vsawce/Documents/SJSU-Dev2/library/L3_Application/task_scheduler.cpp.o
                0x000000000000333c                sjsu::debug::PrintBacktrace(bool, void*)
 .text._ZN4sjsu4HaltEv
                0x00000000000033d4        0x8 build/lpc40xx/compiled//home/vsawce/Documents/SJSU-Dev2/library/L3_Application/task_scheduler.cpp.o
                0x00000000000033d4                sjsu::Halt()
 .text._Z41__static_initialization_and_destruction_0ii
                0x00000000000033dc       0x5c build/lpc40xx/compiled//home/vsawce/Documents/SJSU-Dev2/library/L3_Application/task_scheduler.cpp.o
 .text._GLOBAL__sub_I__ZN4sjsu4rtos13TaskScheduler7RunTaskEPv
                0x0000000000003438       0x10 build/lpc40xx/compiled//home/vsawce/Documents/SJSU-Dev2/library/L3_Application/task_scheduler.cpp.o
 .text._ZN4sjsu21InitializeDataSectionEv
                0x0000000000003448       0x9c /home/vsawce/Documents/SJSU-Dev2/library/static_libraries/lpc40xx/liblpc40xx.a(exceptions.cpp.o)
                0x0000000000003448                sjsu::InitializeDataSection()
 .text._ZN4sjsu20InitializeBssSectionEv
                0x00000000000034e4       0x6c /home/vsawce/Documents/SJSU-Dev2/library/static_libraries/lpc40xx/liblpc40xx.a(exceptions.cpp.o)
                0x00000000000034e4                sjsu::InitializeBssSection()
 .text._ZN4sjsu16SystemInitializeEv
                0x0000000000003550       0x14 /home/vsawce/Documents/SJSU-Dev2/library/static_libraries/lpc40xx/liblpc40xx.a(exceptions.cpp.o)
                0x0000000000003550                sjsu::SystemInitialize()
 .text.GetRegistersFromStack
                0x0000000000003564       0x84 /home/vsawce/Documents/SJSU-Dev2/library/static_libraries/lpc40xx/liblpc40xx.a(exceptions.cpp.o)
                0x0000000000003564                GetRegistersFromStack
 .text.ArmHardFaultHandler
                0x00000000000035e8       0x26 /home/vsawce/Documents/SJSU-Dev2/library/static_libraries/lpc40xx/liblpc40xx.a(exceptions.cpp.o)
                0x00000000000035e8                ArmHardFaultHandler
 *fill*         0x000000000000360e        0x2 ff
 .text.ArmResetHandler
                0x0000000000003610       0x80 /home/vsawce/Documents/SJSU-Dev2/library/static_libraries/lpc40xx/liblpc40xx.a(exceptions.cpp.o)
                0x0000000000003610                ArmResetHandler
 .text._Z41__static_initialization_and_destruction_0ii
                0x0000000000003690       0x5c /home/vsawce/Documents/SJSU-Dev2/library/static_libraries/lpc40xx/liblpc40xx.a(exceptions.cpp.o)
 .text._GLOBAL__sub_I_GetRegistersFromStack
                0x00000000000036ec       0x10 /home/vsawce/Documents/SJSU-Dev2/library/static_libraries/lpc40xx/liblpc40xx.a(exceptions.cpp.o)
 .text.vTaskSwitchContext
                0x00000000000036fc       0xc4 /home/vsawce/Documents/SJSU-Dev2/library/static_libraries/lpc40xx/libfreertos.a(tasks.c.o)
                0x00000000000036fc                vTaskSwitchContext
 .text._getpid  0x00000000000037c0       0x10 /home/vsawce/Documents/SJSU-Dev2/library/static_libraries/lpc40xx/libnewlib.a(newlib.cpp.o)
                0x00000000000037c0                _getpid
 .text._kill    0x00000000000037d0       0x1a /home/vsawce/Documents/SJSU-Dev2/library/static_libraries/lpc40xx/libnewlib.a(newlib.cpp.o)
                0x00000000000037d0                _kill
 *fill*         0x00000000000037ea        0x2 ff
 .text._write   0x00000000000037ec       0x30 /home/vsawce/Documents/SJSU-Dev2/library/static_libraries/lpc40xx/libnewlib.a(newlib.cpp.o)
                0x00000000000037ec                _write
 .text.puts     0x000000000000381c       0x48 /home/vsawce/Documents/SJSU-Dev2/library/static_libraries/lpc40xx/libnewlib.a(newlib.cpp.o)
                0x000000000000381c                puts
 .text._exit    0x0000000000003864        0xc /home/vsawce/Documents/SJSU-Dev2/library/static_libraries/lpc40xx/libnewlib.a(newlib.cpp.o)
                0x0000000000003864                _exit
 .text._ZL11_out_buffercPvjj
                0x0000000000003870       0x2e /home/vsawce/Documents/SJSU-Dev2/library/static_libraries/lpc40xx/libprintf.a(printf.cpp.o)
 .text._Z10_out_chunkcPvjj
                0x000000000000389e       0x72 /home/vsawce/Documents/SJSU-Dev2/library/static_libraries/lpc40xx/libprintf.a(printf.cpp.o)
                0x000000000000389e                _out_chunk(char, void*, unsigned int, unsigned int)
 .text._ZL9_out_nullcPvjj
                0x0000000000003910       0x1c /home/vsawce/Documents/SJSU-Dev2/library/static_libraries/lpc40xx/libprintf.a(printf.cpp.o)
 .text._ZL7_strlenPKc
                0x000000000000392c       0x2e /home/vsawce/Documents/SJSU-Dev2/library/static_libraries/lpc40xx/libprintf.a(printf.cpp.o)
 .text._ZL9_is_digitc
                0x000000000000395a       0x28 /home/vsawce/Documents/SJSU-Dev2/library/static_libraries/lpc40xx/libprintf.a(printf.cpp.o)
 .text._ZL5_atoiPPKc
                0x0000000000003982       0x48 /home/vsawce/Documents/SJSU-Dev2/library/static_libraries/lpc40xx/libprintf.a(printf.cpp.o)
 .text._ZL12_ntoa_formatPFvcPvjjEPcjjS2_jbjjjj
                0x00000000000039ca      0x242 /home/vsawce/Documents/SJSU-Dev2/library/static_libraries/lpc40xx/libprintf.a(printf.cpp.o)
 .text._ZL10_ntoa_longPFvcPvjjEPcjjmbmjjj
                0x0000000000003c0c       0xd0 /home/vsawce/Documents/SJSU-Dev2/library/static_libraries/lpc40xx/libprintf.a(printf.cpp.o)
 .text._ZL15_ntoa_long_longPFvcPvjjEPcjjybyjjj
                0x0000000000003cdc       0xde /home/vsawce/Documents/SJSU-Dev2/library/static_libraries/lpc40xx/libprintf.a(printf.cpp.o)
 *fill*         0x0000000000003dba        0x2 ff
 .text._ZL5_ftoaPFvcPvjjEPcjjdjjj
                0x0000000000003dbc      0x444 /home/vsawce/Documents/SJSU-Dev2/library/static_libraries/lpc40xx/libprintf.a(printf.cpp.o)
 .text._ZL10_vsnprintfPFvcPvjjEPcjPKcSt9__va_list
                0x0000000000004200      0x8d8 /home/vsawce/Documents/SJSU-Dev2/library/static_libraries/lpc40xx/libprintf.a(printf.cpp.o)
 .text.printf   0x0000000000004ad8       0x44 /home/vsawce/Documents/SJSU-Dev2/library/static_libraries/lpc40xx/libprintf.a(printf.cpp.o)
                0x0000000000004ad8                printf
 .text.vsnprintf
                0x0000000000004b1c       0x2c /home/vsawce/Documents/SJSU-Dev2/library/static_libraries/lpc40xx/libprintf.a(printf.cpp.o)
                0x0000000000004b1c                vsnprintf
 .text.trace_initialize
                0x0000000000004b48        0xe /home/vsawce/Documents/SJSU-Dev2/library/static_libraries/lpc40xx/libsemihost.a(trace_impl.cpp.o)
                0x0000000000004b48                trace_initialize
 .text.trace_write
                0x0000000000004b56       0x1e /home/vsawce/Documents/SJSU-Dev2/library/static_libraries/lpc40xx/libsemihost.a(trace_impl.cpp.o)
                0x0000000000004b56                trace_write
 .text._ZL31_trace_write_semihosting_stdoutPKcj
                0x0000000000004b74       0xc8 /home/vsawce/Documents/SJSU-Dev2/library/static_libraries/lpc40xx/libsemihost.a(trace_impl.cpp.o)
 .text._ZN4sjsu6cortex10DwtCounter10InitializeEv
                0x0000000000004c3c       0x44 /home/vsawce/Documents/SJSU-Dev2/library/static_libraries/lpc40xx/liblpc40xx.a(startup.cpp.o)
                0x0000000000004c3c                sjsu::cortex::DwtCounter::Initialize()
 .text._ZN4sjsu6cortex10DwtCounter8GetCountEv
                0x0000000000004c80       0x20 /home/vsawce/Documents/SJSU-Dev2/library/static_libraries/lpc40xx/liblpc40xx.a(startup.cpp.o)
                0x0000000000004c80                sjsu::cortex::DwtCounter::GetCount()
 .text._ZN4sjsu6cortex27InitializeFloatingPointUnitEv
                0x0000000000004ca0       0x28 /home/vsawce/Documents/SJSU-Dev2/library/static_libraries/lpc40xx/liblpc40xx.a(startup.cpp.o)
                0x0000000000004ca0                sjsu::cortex::InitializeFloatingPointUnit()
 .text._ZN4sjsu19InterruptController21SetPlatformControllerEPS0_
                0x0000000000004cc8       0x20 /home/vsawce/Documents/SJSU-Dev2/library/static_libraries/lpc40xx/liblpc40xx.a(startup.cpp.o)
                0x0000000000004cc8                sjsu::InterruptController::SetPlatformController(sjsu::InterruptController*)
 .text._ZN5units8literalsli3_HzEy
                0x0000000000004ce8       0x2c /home/vsawce/Documents/SJSU-Dev2/library/static_libraries/lpc40xx/liblpc40xx.a(startup.cpp.o)
                0x0000000000004ce8                units::literals::operator"" _Hz(unsigned long long)
 .text._ZN5unitsL7convertINS_4unitISt5ratioILx1000000ELx1EENS1_IS2_ILx1ELx1EENS_9base_unitIS2_ILx0ELx1EES6_S2_ILxn1ELx1EES6_S6_S6_S6_S6_S6_EES6_S6_EES6_S6_EESA_fEET1_RKSB_
                0x0000000000004d14       0x1c /home/vsawce/Documents/SJSU-Dev2/library/static_libraries/lpc40xx/liblpc40xx.a(startup.cpp.o)
 .text._ZN5units6detailL7convertINS_4unitISt5ratioILx1000000ELx1EENS2_IS3_ILx1ELx1EENS_9base_unitIS3_ILx0ELx1EES7_S3_ILxn1ELx1EES7_S7_S7_S7_S7_S7_EES7_S7_EES7_S7_EESB_S5_S7_S7_fEET4_RKSC_St17integral_constantIbLb1EESF_IbLb0EESH_
                0x0000000000004d30       0x24 /home/vsawce/Documents/SJSU-Dev2/library/static_libraries/lpc40xx/liblpc40xx.a(startup.cpp.o)
 .text._ZN5unitsL7convertINS_4unitISt5ratioILx1ELx1EENS_9base_unitIS2_ILx0ELx1EES5_S2_ILxn1ELx1EES5_S5_S5_S5_S5_S5_EES5_S5_EES8_fEET1_RKS9_
                0x0000000000004d54       0x1c /home/vsawce/Documents/SJSU-Dev2/library/static_libraries/lpc40xx/liblpc40xx.a(startup.cpp.o)
 .text._ZN5units6detailL7convertINS_4unitISt5ratioILx1ELx1EENS_9base_unitIS3_ILx0ELx1EES6_S3_ILxn1ELx1EES6_S6_S6_S6_S6_S6_EES6_S6_EES9_S4_S6_S6_fEET4_RKSA_St17integral_constantIbLb1EESD_IbLb0EESF_
                0x0000000000004d70       0x24 /home/vsawce/Documents/SJSU-Dev2/library/static_libraries/lpc40xx/liblpc40xx.a(startup.cpp.o)
 .text._ZNK5units6unit_tINS_4unitISt5ratioILx1ELx1EENS_9base_unitIS2_ILx0ELx1EES5_S2_ILxn1ELx1EES5_S5_S5_S5_S5_S5_EES5_S5_EEfNS_12linear_scaleEEleIS8_fS9_EEbRKNS0_IT_T0_T1_EE
                0x0000000000004d94       0x3c /home/vsawce/Documents/SJSU-Dev2/library/static_libraries/lpc40xx/liblpc40xx.a(startup.cpp.o)
                0x0000000000004d94                bool units::unit_t<units::unit<std::ratio<1ll, 1ll>, units::base_unit<std::ratio<0ll, 1ll>, std::ratio<0ll, 1ll>, std::ratio<-1ll, 1ll>, std::ratio<0ll, 1ll>, std::ratio<0ll, 1ll>, std::ratio<0ll, 1ll>, std::ratio<0ll, 1ll>, std::ratio<0ll, 1ll>, std::ratio<0ll, 1ll> >, std::ratio<0ll, 1ll>, std::ratio<0ll, 1ll> >, float, units::linear_scale>::operator<=<units::unit<std::ratio<1ll, 1ll>, units::base_unit<std::ratio<0ll, 1ll>, std::ratio<0ll, 1ll>, std::ratio<-1ll, 1ll>, std::ratio<0ll, 1ll>, std::ratio<0ll, 1ll>, std::ratio<0ll, 1ll>, std::ratio<0ll, 1ll>, std::ratio<0ll, 1ll>, std::ratio<0ll, 1ll> >, std::ratio<0ll, 1ll>, std::ratio<0ll, 1ll> >, float, units::linear_scale>(units::unit_t<units::unit<std::ratio<1ll, 1ll>, units::base_unit<std::ratio<0ll, 1ll>, std::ratio<0ll, 1ll>, std::ratio<-1ll, 1ll>, std::ratio<0ll, 1ll>, std::ratio<0ll, 1ll>, std::ratio<0ll, 1ll>, std::ratio<0ll, 1ll>, std::ratio<0ll, 1ll>, std::ratio<0ll, 1ll> >, std::ratio<0ll, 1ll>, std::ratio<0ll, 1ll> >, float, units::linear_scale> const&) const
 .text._ZN4sjsu17SetUptimeFunctionESt8functionIFNSt6chrono8durationIxSt5ratioILx1ELx1000000000EEEEvEE
                0x0000000000004dd0       0x1c /home/vsawce/Documents/SJSU-Dev2/library/static_libraries/lpc40xx/liblpc40xx.a(startup.cpp.o)
                0x0000000000004dd0                sjsu::SetUptimeFunction(std::function<std::chrono::duration<long long, std::ratio<1ll, 1000000000ll> > ()>)
 .text._ZN4sjsu16SystemController21SetPlatformControllerEPS0_
                0x0000000000004dec       0x20 /home/vsawce/Documents/SJSU-Dev2/library/static_libraries/lpc40xx/liblpc40xx.a(startup.cpp.o)
                0x0000000000004dec                sjsu::SystemController::SetPlatformController(sjsu::SystemController*)
 .text._ZN4sjsu6cortex11SystemTimer18SystemTimerHandlerEv
                0x0000000000004e0c       0x4c /home/vsawce/Documents/SJSU-Dev2/library/static_libraries/lpc40xx/liblpc40xx.a(startup.cpp.o)
                0x0000000000004e0c                sjsu::cortex::SystemTimer::SystemTimerHandler()
 .text._ZNSt6chronomlImxSt5ratioILx1ELx1000000000EEEENS_8durationINSt9enable_ifIXsrSt14is_convertibleIRKT_NSt11common_typeIJT0_S6_EE4typeEE5valueESC_E4typeET1_EES8_RKNS3_ISA_SG_EE
                0x0000000000004e58       0x22 /home/vsawce/Documents/SJSU-Dev2/library/static_libraries/lpc40xx/liblpc40xx.a(startup.cpp.o)