Archive member included to satisfy reference by file (symbol)

/home/vsawce/Documents/SJSU-Dev2/library/static_libraries/lpc40xx/liblpc40xx.a(exceptions.cpp.o)
                              (ArmResetHandler)
/home/vsawce/Documents/SJSU-Dev2/library/static_libraries/lpc40xx/libfreertos.a(event_groups.c.o)
                              build/lpc40xx/compiled//home/vsawce/Documents/SJSU-Dev2/library/L3_Application/task_scheduler.cpp.o (xEventGroupCreateStatic)
/home/vsawce/Documents/SJSU-Dev2/library/static_libraries/lpc40xx/libfreertos.a(list.c.o)
                              /home/vsawce/Documents/SJSU-Dev2/library/static_libraries/lpc40xx/libfreertos.a(event_groups.c.o) (vListInitialise)
/home/vsawce/Documents/SJSU-Dev2/library/static_libraries/lpc40xx/libfreertos.a(tasks.c.o)
                              build/lpc40xx/compiled//home/vsawce/Documents/SJSU-Dev2/library/L3_Application/task_scheduler.cpp.o (xTaskCreateStatic)
/home/vsawce/Documents/SJSU-Dev2/library/static_libraries/lpc40xx/libfreertos.a(heap_3.c.o)
                              /home/vsawce/Documents/SJSU-Dev2/library/static_libraries/lpc40xx/libfreertos.a(event_groups.c.o) (pvPortMalloc)
/home/vsawce/Documents/SJSU-Dev2/library/static_libraries/lpc40xx/libnewlib.a(newlib.cpp.o)
                              build/lpc40xx/compiled//home/vsawce/Documents/SJSU-Dev2/library/L3_Application/task_scheduler.cpp.o (puts)
/home/vsawce/Documents/SJSU-Dev2/library/static_libraries/lpc40xx/libprintf.a(printf.cpp.o)
                              build/lpc40xx/compiled/source/main.cpp.o (printf)
/home/vsawce/Documents/SJSU-Dev2/library/static_libraries/lpc40xx/libsemihost.a(trace_impl.cpp.o)
                              /home/vsawce/Documents/SJSU-Dev2/library/static_libraries/lpc40xx/liblpc40xx.a(exceptions.cpp.o) (trace_initialize)
/home/vsawce/Documents/SJSU-Dev2/library/static_libraries/lpc40xx/liblpc40xx.a(startup.cpp.o)
                              /home/vsawce/Documents/SJSU-Dev2/library/static_libraries/lpc40xx/libfreertos.a(tasks.c.o) (ThreadRuntimeCounter)
/home/vsawce/Documents/SJSU-Dev2/library/static_libraries/lpc40xx/liblpc40xx.a(port.c.o)
                              /home/vsawce/Documents/SJSU-Dev2/library/static_libraries/lpc40xx/libfreertos.a(tasks.c.o) (pxPortInitialiseStack)
/home/vsawce/Documents/SJSU-Dev2/library/static_libraries/lpc40xx/libfreertoscommon.a(freertos_common.cpp.o)
                              /home/vsawce/Documents/SJSU-Dev2/library/static_libraries/lpc40xx/libfreertos.a(tasks.c.o) (vApplicationGetIdleTaskMemory)
/home/vsawce/Documents/SJSU-Dev2/library/static_libraries/lpc40xx/libfreertos.a(timers.c.o)
                              /home/vsawce/Documents/SJSU-Dev2/library/static_libraries/lpc40xx/libfreertos.a(tasks.c.o) (xTimerCreateTimerTask)
/home/vsawce/Documents/SJSU-Dev2/library/static_libraries/lpc40xx/libfreertos.a(queue.c.o)
                              /home/vsawce/Documents/SJSU-Dev2/library/static_libraries/lpc40xx/libfreertos.a(timers.c.o) (xQueueGenericCreateStatic)
/home/vsawce/Documents/SJSU-Dev2/library/static_libraries/lpc40xx/libnewlib.a(stdio.cpp.o)
                              /home/vsawce/Documents/SJSU-Dev2/library/static_libraries/lpc40xx/libnewlib.a(newlib.cpp.o) (sjsu::newlib::DoNothingStdOut(char const*, unsigned int))
/home/vsawce/Documents/SJSU-Dev2/tools/gcc-arm-none-eabi-9-2019-q4-major/bin/../lib/gcc/arm-none-eabi/9.2.1/../../../../arm-none-eabi/lib/thumb/v7e-m+fp/hard/libstdc++_nano.a(atexit_arm.o)
                              build/lpc40xx/compiled/source/main.cpp.o (__aeabi_atexit)
/home/vsawce/Documents/SJSU-Dev2/tools/gcc-arm-none-eabi-9-2019-q4-major/bin/../lib/gcc/arm-none-eabi/9.2.1/../../../../arm-none-eabi/lib/thumb/v7e-m+fp/hard/libstdc++_nano.a(pure.o)
                              build/lpc40xx/compiled/source/main.cpp.o (__cxa_pure_virtual)
/home/vsawce/Documents/SJSU-Dev2/tools/gcc-arm-none-eabi-9-2019-q4-major/bin/../lib/gcc/arm-none-eabi/9.2.1/../../../../arm-none-eabi/lib/thumb/v7e-m+fp/hard/libstdc++_nano.a(functional.o)
                              build/lpc40xx/compiled/source/main.cpp.o (std::__throw_bad_function_call())
/home/vsawce/Documents/SJSU-Dev2/tools/gcc-arm-none-eabi-9-2019-q4-major/bin/../lib/gcc/arm-none-eabi/9.2.1/../../../../arm-none-eabi/lib/thumb/v7e-m+fp/hard/libstdc++_nano.a(del_op.o)
                              /home/vsawce/Documents/SJSU-Dev2/tools/gcc-arm-none-eabi-9-2019-q4-major/bin/../lib/gcc/arm-none-eabi/9.2.1/../../../../arm-none-eabi/lib/thumb/v7e-m+fp/hard/libstdc++_nano.a(functional.o) (operator delete(void*))
/home/vsawce/Documents/SJSU-Dev2/tools/gcc-arm-none-eabi-9-2019-q4-major/bin/../lib/gcc/arm-none-eabi/9.2.1/../../../../arm-none-eabi/lib/thumb/v7e-m+fp/hard/libstdc++_nano.a(eh_exception.o)
[...]
Memory Configuration

Name             Origin             Length             Attributes
FLASH            0x0000000000000000 0x0000000000080000 xr
SRAM             0x0000000010000000 0x0000000000010000 xrw
SRAM_AHB         0x0000000020000000 0x0000000000008000 xrw
*default*        0x0000000000000000 0xffffffffffffffff

Linker script and memory map

LOAD /home/vsawce/Documents/SJSU-Dev2/tools/gcc-arm-none-eabi-9-2019-q4-major/bin/../lib/gcc/arm-none-eabi/9.2.1/thumb/v7e-m+fp/hard/crti.o
LOAD /home/vsawce/Documents/SJSU-Dev2/tools/gcc-arm-none-eabi-9-2019-q4-major/bin/../lib/gcc/arm-none-eabi/9.2.1/thumb/v7e-m+fp/hard/crtbegin.o
LOAD /home/vsawce/Documents/SJSU-Dev2/tools/gcc-arm-none-eabi-9-2019-q4-major/bin/../lib/gcc/arm-none-eabi/9.2.1/../../../../arm-none-eabi/lib/thumb/v7e-m+fp/hard/rdimon-crt0.o
LOAD build/lpc40xx/compiled/source/main.cpp.o
LOAD build/lpc40xx/compiled//home/vsawce/Documents/SJSU-Dev2/library/L3_Application/task_scheduler.cpp.o
LOAD build/lpc40xx/compiled/libsjsudev2.a
LOAD /home/vsawce/Documents/SJSU-Dev2/tools/gcc-arm-none-eabi-9-2019-q4-major/bin/../lib/gcc/arm-none-eabi/9.2.1/../../../../arm-none-eabi/lib/thumb/v7e-m+fp/hard/libstdc++_nano.a
LOAD /home/vsawce/Documents/SJSU-Dev2/tools/gcc-arm-none-eabi-9-2019-q4-major/bin/../lib/gcc/arm-none-eabi/9.2.1/../../../../arm-none-eabi/lib/thumb/v7e-m+fp/hard/libm.a
START GROUP
LOAD /home/vsawce/Documents/SJSU-Dev2/tools/gcc-arm-none-eabi-9-2019-q4-major/bin/../lib/gcc/arm-none-eabi/9.2.1/thumb/v7e-m+fp/hard/libgcc.a
LOAD /home/vsawce/Documents/SJSU-Dev2/tools/gcc-arm-none-eabi-9-2019-q4-major/bin/../lib/gcc/arm-none-eabi/9.2.1/../../../../arm-none-eabi/lib/thumb/v7e-m+fp/hard/libg_nano.a
LOAD /home/vsawce/Documents/SJSU-Dev2/tools/gcc-arm-none-eabi-9-2019-q4-major/bin/../lib/gcc/arm-none-eabi/9.2.1/../../../../arm-none-eabi/lib/thumb/v7e-m+fp/hard/libc_nano.a
END GROUP
START GROUP
LOAD /home/vsawce/Documents/SJSU-Dev2/tools/gcc-arm-none-eabi-9-2019-q4-major/bin/../lib/gcc/arm-none-eabi/9.2.1/thumb/v7e-m+fp/hard/libgcc.a
LOAD /home/vsawce/Documents/SJSU-Dev2/tools/gcc-arm-none-eabi-9-2019-q4-major/bin/../lib/gcc/arm-none-eabi/9.2.1/../../../../arm-none-eabi/lib/thumb/v7e-m+fp/hard/libc_nano.a
LOAD /home/vsawce/Documents/SJSU-Dev2/tools/gcc-arm-none-eabi-9-2019-q4-major/bin/../lib/gcc/arm-none-eabi/9.2.1/../../../../arm-none-eabi/lib/thumb/v7e-m+fp/hard/librdimon_nano.a
END GROUP
START GROUP
LOAD /home/vsawce/Documents/SJSU-Dev2/tools/gcc-arm-none-eabi-9-2019-q4-major/bin/../lib/gcc/arm-none-eabi/9.2.1/thumb/v7e-m+fp/hard/libgcc.a
LOAD /home/vsawce/Documents/SJSU-Dev2/tools/gcc-arm-none-eabi-9-2019-q4-major/bin/../lib/gcc/arm-none-eabi/9.2.1/../../../../arm-none-eabi/lib/thumb/v7e-m+fp/hard/libc_nano.a
LOAD /home/vsawce/Documents/SJSU-Dev2/tools/gcc-arm-none-eabi-9-2019-q4-major/bin/../lib/gcc/arm-none-eabi/9.2.1/../../../../arm-none-eabi/lib/thumb/v7e-m+fp/hard/librdimon_nano.a
END GROUP
LOAD /home/vsawce/Documents/SJSU-Dev2/tools/gcc-arm-none-eabi-9-2019-q4-major/bin/../lib/gcc/arm-none-eabi/9.2.1/thumb/v7e-m+fp/hard/crtend.o
LOAD /home/vsawce/Documents/SJSU-Dev2/tools/gcc-arm-none-eabi-9-2019-q4-major/bin/../lib/gcc/arm-none-eabi/9.2.1/thumb/v7e-m+fp/hard/crtn.o
                0x0000000000000000                __base_FLASH = 0x0
                0x0000000000000000                __base_Flash = 0x0
                0x0000000000080000                __top_FLASH = 0x80000
                0x0000000000080000                __top_Flash = 0x80000
                0x0000000010000000                __base_SRAM = 0x10000000
                0x0000000010000000                __base_RAM = 0x10000000
                0x0000000010010000                __top_SRAM = 0x10010000
                0x0000000010010000                __top_RAM = 0x10010000
                0x0000000020000000                __base_SRAM_AHB = 0x20000000
                0x0000000020000000                __base_RAM2 = 0x20000000
                0x0000000020008000                __top_SRAM_AHB = 0x20008000
                0x0000000020008000                __top_RAM2 = 0x20008000
                0x0000000020000000                __user_heap_base = __base_RAM2

.text           0x0000000000000000     0x97b4
 FILL mask 0xff
                0x0000000000000000                __vectors_start__ = ABSOLUTE (.)
 *(.isr_vector)
 .isr_vector    0x0000000000000000       0xe4 /home/vsawce/Documents/SJSU-Dev2/library/static_libraries/lpc40xx/liblpc40xx.a(startup.cpp.o)
                0x00000000000000e4                . = ALIGN (0x4)
                0x00000000000000e4                section_table_start = .
                0x00000000000000e4                data_section_table = .
                0x00000000000000e4        0x4 LONG 0x9884 LOADADDR (.data)
                0x00000000000000e8        0x4 LONG 0x10000000 ADDR (.data)
                0x00000000000000ec        0x4 LONG 0xd00 SIZEOF (.data)
                0x00000000000000f0        0x4 LONG 0x9884 LOADADDR (.data_RAM2)
                0x00000000000000f4        0x4 LONG 0x20000000 ADDR (.data_RAM2)
                0x00000000000000f8        0x4 LONG 0x0 SIZEOF (.data_RAM2)
                0x00000000000000fc                data_section_table_end = .
                0x00000000000000fc                bss_section_table = .
                0x00000000000000fc        0x4 LONG 0x10000d00 ADDR (.bss)
                0x0000000000000100        0x4 LONG 0xa20 SIZEOF (.bss)
                0x0000000000000104        0x4 LONG 0x20000000 ADDR (.bss_RAM2)
                0x0000000000000108        0x4 LONG 0x0 SIZEOF (.bss_RAM2)
                0x000000000000010c                bss_section_table_end = .
                0x000000000000010c                section_table_end = .
 *(.after_vectors*)
                0x00000000000002fc                . = 0x2fc
 *fill*         0x000000000000010c      0x1f0 ff
                0x00000000000002fc                PROVIDE (__CRP_WORD_START__ = .)
 *(.crp)
 .crp           0x00000000000002fc        0x4 /home/vsawce/Documents/SJSU-Dev2/library/static_libraries/lpc40xx/liblpc40xx.a(startup.cpp.o)
                0x0000000000000300                PROVIDE (__CRP_WORD_END__ = .)
                0x0000000000000001                ASSERT (! ((__CRP_WORD_START__ == __CRP_WORD_END__)), Linker CRP Enabled, but no CRP_WORD provided within application)
                0x0000000000000300                . = ALIGN (0x4)
 *(.init)
 .init          0x0000000000000300        0x4 /home/vsawce/Documents/SJSU-Dev2/tools/gcc-arm-none-eabi-9-2019-q4-major/bin/../lib/gcc/arm-none-eabi/9.2.1/thumb/v7e-m+fp/hard/crti.o
                0x0000000000000300                _init
 .init          0x0000000000000304        0x8 /home/vsawce/Documents/SJSU-Dev2/tools/gcc-arm-none-eabi-9-2019-q4-major/bin/../lib/gcc/arm-none-eabi/9.2.1/thumb/v7e-m+fp/hard/crtn.o
                0x000000000000030c                . = ALIGN (0x4)
                0x000000000000030c                __preinit_array_start = .
 *(.preinit_array)
                0x000000000000030c                __preinit_array_end = .
                0x000000000000030c                . = ALIGN (0x4)
                0x000000000000030c                __init_array_start = .
 *(SORT_BY_NAME(.init_array.*))
 *(.init_array)
 .init_array    0x000000000000030c        0x4 /home/vsawce/Documents/SJSU-Dev2/tools/gcc-arm-none-eabi-9-2019-q4-major/bin/../lib/gcc/arm-none-eabi/9.2.1/thumb/v7e-m+fp/hard/crtbegin.o
 .init_array    0x0000000000000310        0x4 build/lpc40xx/compiled/source/main.cpp.o
 .init_array    0x0000000000000314        0x4 build/lpc40xx/compiled//home/vsawce/Documents/SJSU-Dev2/library/L3_Application/task_scheduler.cpp.o
 .init_array    0x0000000000000318        0x4 /home/vsawce/Documents/SJSU-Dev2/library/static_libraries/lpc40xx/liblpc40xx.a(exceptions.cpp.o)
 .init_array    0x000000000000031c        0x4 /home/vsawce/Documents/SJSU-Dev2/library/static_libraries/lpc40xx/liblpc40xx.a(startup.cpp.o)
                0x0000000000000320                __init_array_end = .
 *(.fini)
 .fini          0x0000000000000320        0x4 /home/vsawce/Documents/SJSU-Dev2/tools/gcc-arm-none-eabi-9-2019-q4-major/bin/../lib/gcc/arm-none-eabi/9.2.1/thumb/v7e-m+fp/hard/crti.o
                0x0000000000000320                _fini
 .fini          0x0000000000000324        0x8 /home/vsawce/Documents/SJSU-Dev2/tools/gcc-arm-none-eabi-9-2019-q4-major/bin/../lib/gcc/arm-none-eabi/9.2.1/thumb/v7e-m+fp/hard/crtn.o
                0x000000000000032c                . = ALIGN (0x4)
 *crtbegin.o(.ctors)
 *(EXCLUDE_FILE(*crtend.o) .ctors)
 *(SORT_BY_NAME(.ctors.*))
 *crtend.o(.ctors)
                0x000000000000032c                . = ALIGN (0x4)
 *crtbegin.o(.dtors)
 *(EXCLUDE_FILE(*crtend.o) .dtors)
 *(SORT_BY_NAME(.dtors.*))
 *crtend.o(.dtors)
 *(.text*)
 .text          0x000000000000032c       0x40 /home/vsawce/Documents/SJSU-Dev2/tools/gcc-arm-none-eabi-9-2019-q4-major/bin/../lib/gcc/arm-none-eabi/9.2.1/thumb/v7e-m+fp/hard/crtbegin.o
 .text._ZnwjPv  0x000000000000036c       0x18 build/lpc40xx/compiled/source/main.cpp.o
                0x000000000000036c                operator new(unsigned int, void*)
 .text._ZNSt9_Any_data9_M_accessEv
                0x0000000000000384       0x16 build/lpc40xx/compiled/source/main.cpp.o
                0x0000000000000384                std::_Any_data::_M_access()
 .text._ZNKSt9_Any_data9_M_accessEv
                0x000000000000039a       0x16 build/lpc40xx/compiled/source/main.cpp.o
                0x000000000000039a                std::_Any_data::_M_access() const
 .text._ZNSt14_Function_baseC2Ev
                0x00000000000003b0       0x1c build/lpc40xx/compiled/source/main.cpp.o
                0x00000000000003b0                std::_Function_base::_Function_base()
                0x00000000000003b0                std::_Function_base::_Function_base()
 .text._ZNSt14_Function_baseD2Ev
                0x00000000000003cc       0x26 build/lpc40xx/compiled/source/main.cpp.o
                0x00000000000003cc                std::_Function_base::~_Function_base()
                0x00000000000003cc                std::_Function_base::~_Function_base()
 .text._ZNKSt14_Function_base8_M_emptyEv
                0x00000000000003f2       0x22 build/lpc40xx/compiled/source/main.cpp.o
                0x00000000000003f2                std::_Function_base::_M_empty() const
 .text._ZN4sjsu19InterruptController21GetPlatformControllerEv
                0x0000000000000414       0x18 build/lpc40xx/compiled/source/main.cpp.o
                0x0000000000000414                sjsu::InterruptController::GetPlatformController()
 .text._ZN4sjsu3PinC2Ehh
                0x000000000000042c       0x34 build/lpc40xx/compiled/source/main.cpp.o
                0x000000000000042c                sjsu::Pin::Pin(unsigned char, unsigned char)
                0x000000000000042c                sjsu::Pin::Pin(unsigned char, unsigned char)
 .text._ZNK4sjsu3Pin8PullDownEv
                0x0000000000000460       0x1e build/lpc40xx/compiled/source/main.cpp.o
                0x0000000000000460                sjsu::Pin::PullDown() const
 .text._ZNK4sjsu3Pin7GetPortEv
                0x000000000000047e       0x18 build/lpc40xx/compiled/source/main.cpp.o
                0x000000000000047e                sjsu::Pin::GetPort() const
 .text._ZNK4sjsu3Pin6GetPinEv
                0x0000000000000496       0x18 build/lpc40xx/compiled/source/main.cpp.o
                0x0000000000000496                sjsu::Pin::GetPin() const
 *fill*         0x00000000000004ae        0x2 ff
 .text._ZN4sjsu7lpc40xx3PinC2Ehh
                0x00000000000004b0       0x30 build/lpc40xx/compiled/source/main.cpp.o
                0x00000000000004b0                sjsu::lpc40xx::Pin::Pin(unsigned char, unsigned char)
                0x00000000000004b0                sjsu::lpc40xx::Pin::Pin(unsigned char, unsigned char)
 .text._ZNK4sjsu7lpc40xx3Pin10InitializeEv
                0x00000000000004e0       0x14 build/lpc40xx/compiled/source/main.cpp.o
                0x00000000000004e0                sjsu::lpc40xx::Pin::Initialize() const
 .text._ZNK4sjsu7lpc40xx3Pin14SetPinFunctionEh
                0x00000000000004f4       0x34 build/lpc40xx/compiled/source/main.cpp.o
                0x00000000000004f4                sjsu::lpc40xx::Pin::SetPinFunction(unsigned char) const
 .text._ZNK4sjsu7lpc40xx3Pin7SetPullENS_3Pin8ResistorE
                0x0000000000000528       0x34 build/lpc40xx/compiled/source/main.cpp.o
                0x0000000000000528                sjsu::lpc40xx::Pin::SetPull(sjsu::Pin::Resistor) const
 .text._ZNK4sjsu7lpc40xx3Pin15SetAsAnalogModeEb
                0x000000000000055c       0x3c build/lpc40xx/compiled/source/main.cpp.o
                0x000000000000055c                sjsu::lpc40xx::Pin::SetAsAnalogMode(bool) const
 .text._ZNK4sjsu7lpc40xx3Pin14SetAsOpenDrainEb
                0x0000000000000598       0x34 build/lpc40xx/compiled/source/main.cpp.o
                0x0000000000000598                sjsu::lpc40xx::Pin::SetAsOpenDrain(bool) const
 .text._ZNK4sjsu7lpc40xx3Pin14SetPinRegisterEhNS_3bit4MaskE
                0x00000000000005cc       0x7c build/lpc40xx/compiled/source/main.cpp.o
                0x00000000000005cc                sjsu::lpc40xx::Pin::SetPinRegister(unsigned char, sjsu::bit::Mask) const
 .text._ZNK4sjsu4Gpio7SetHighEv
                0x0000000000000648       0x1e build/lpc40xx/compiled/source/main.cpp.o
                0x0000000000000648                sjsu::Gpio::SetHigh() const
 .text._ZNK4sjsu4Gpio6SetLowEv
                0x0000000000000666       0x1e build/lpc40xx/compiled/source/main.cpp.o
                0x0000000000000666                sjsu::Gpio::SetLow() const
 .text._ZNK4sjsu4Gpio11SetAsOutputEv
                0x0000000000000684       0x1c build/lpc40xx/compiled/source/main.cpp.o
                0x0000000000000684                sjsu::Gpio::SetAsOutput() const
 .text._ZNKSt6chrono8durationIxSt5ratioILx1ELx1000000000EEE5countEv
                0x00000000000006a0       0x1c build/lpc40xx/compiled/source/main.cpp.o
                0x00000000000006a0                std::chrono::duration<long long, std::ratio<1ll, 1000000000ll> >::count() const
 .text._ZNSt6chrono8durationIxSt5ratioILx1ELx1000000000EEEC1IxvEERKT_
                0x00000000000006bc       0x24 build/lpc40xx/compiled/source/main.cpp.o
                0x00000000000006bc                std::chrono::duration<long long, std::ratio<1ll, 1000000000ll> >::duration<long long, void>(long long const&)
 .text._ZN5units8literalsli4_MHzEy
                0x00000000000006e0       0x2c build/lpc40xx/compiled/source/main.cpp.o
                0x00000000000006e0                units::literals::operator"" _MHz(unsigned long long)
 .text._ZN5units6unit_tINS_4unitISt5ratioILx1000000ELx1EENS1_IS2_ILx1ELx1EENS_9base_unitIS2_ILx0ELx1EES6_S2_ILxn1ELx1EES6_S6_S6_S6_S6_S6_EES6_S6_EES6_S6_EEfNS_12linear_scaleEEC1IJEEEfDpRKT_
                0x000000000000070c       0x22 build/lpc40xx/compiled/source/main.cpp.o
                0x000000000000070c                units::unit_t<units::unit<std::ratio<1000000ll, 1ll>, units::unit<std::ratio<1ll, 1ll>, units::base_unit<std::ratio<0ll, 1ll>, std::ratio<0ll, 1ll>, std::ratio<-1ll, 1ll>, std::ratio<0ll, 1ll>, std::ratio<0ll, 1ll>, std::ratio<0ll, 1ll>, std::ratio<0ll, 1ll>, std::ratio<0ll, 1ll>, std::ratio<0ll, 1ll> >, std::ratio<0ll, 1ll>, std::ratio<0ll, 1ll> >, std::ratio<0ll, 1ll>, std::ratio<0ll, 1ll> >, float, units::linear_scale>::unit_t<>(float)
 .text._ZN5units12linear_scaleIfEC2IJEEERKfDpOT_
                0x000000000000072e       0x20 build/lpc40xx/compiled/source/main.cpp.o
                0x000000000000072e                units::linear_scale<float>::linear_scale<>(float const&)
 .text._ZN5units6unit_tINS_4unitISt5ratioILx1ELx1EENS_9base_unitIS2_ILx0ELx1EES5_S2_ILxn1ELx1EES5_S5_S5_S5_S5_S5_EES5_S5_EEfNS_12linear_scaleEEC1IJEEEfDpRKT_
                0x000000000000074e       0x22 build/lpc40xx/compiled/source/main.cpp.o
                0x000000000000074e                units::unit_t<units::unit<std::ratio<1ll, 1ll>, units::base_unit<std::ratio<0ll, 1ll>, std::ratio<0ll, 1ll>, std::ratio<-1ll, 1ll>, std::ratio<0ll, 1ll>, std::ratio<0ll, 1ll>, std::ratio<0ll, 1ll>, std::ratio<0ll, 1ll>, std::ratio<0ll, 1ll>, std::ratio<0ll, 1ll> >, std::ratio<0ll, 1ll>, std::ratio<0ll, 1ll> >, float, units::linear_scale>::unit_t<>(float)
 .text._ZN5unitsL7convertINS_4unitISt5ratioILx1ELx1EENS_9base_unitIS2_ILx0ELx1EES5_S2_ILxn1ELx1EES5_S5_S5_S5_S5_S5_EES5_S5_EES8_fEET1_RKS9_
                0x0000000000000770       0x1c build/lpc40xx/compiled/source/main.cpp.o
 .text._ZN5units6detailL7convertINS_4unitISt5ratioILx1ELx1EENS_9base_unitIS3_ILx0ELx1EES6_S3_ILxn1ELx1EES6_S6_S6_S6_S6_S6_EES6_S6_EES9_S4_S6_S6_fEET4_RKSA_St17integral_constantIbLb1EESD_IbLb0EESF_
                0x000000000000078c       0x24 build/lpc40xx/compiled/source/main.cpp.o
 .text._ZN4sjsu16SystemController21GetPlatformControllerEv
                0x00000000000007b0       0x18 build/lpc40xx/compiled/source/main.cpp.o
                0x00000000000007b0                sjsu::SystemController::GetPlatformController()
 .text._ZNK4sjsu16SystemController22GetPeripheralFrequencyERKNS0_12PeripheralIDE
                0x00000000000007c8       0x50 build/lpc40xx/compiled/source/main.cpp.o
                0x00000000000007c8                sjsu::SystemController::GetPeripheralFrequency(sjsu::SystemController::PeripheralID const&) const
 .text._ZNSt6chrono8durationIxSt5ratioILx1ELx1000000000EEEpLERKS3_
                0x0000000000000818       0x2c build/lpc40xx/compiled/source/main.cpp.o
                0x0000000000000818                std::chrono::duration<long long, std::ratio<1ll, 1000000000ll> >::operator+=(std::chrono::duration<long long, std::ratio<1ll, 1000000000ll> > const&)
 .text._ZN4sjsu13DefaultUptimeEv
                0x0000000000000844       0x48 build/lpc40xx/compiled/source/main.cpp.o
                0x0000000000000844                sjsu::DefaultUptime()
 .text._ZNSt8functionIFNSt6chrono8durationIxSt5ratioILx1ELx1000000000EEEEvEED2Ev
                0x000000000000088c       0x1a build/lpc40xx/compiled/source/main.cpp.o
                0x000000000000088c                std::function<std::chrono::duration<long long, std::ratio<1ll, 1000000000ll> > ()>::~function()
                0x000000000000088c                std::function<std::chrono::duration<long long, std::ratio<1ll, 1000000000ll> > ()>::~function()
 *fill*         0x00000000000008a6        0x2 ff
 .text._ZN4sjsu4GpioC2Ev
                0x00000000000008a8       0x20 build/lpc40xx/compiled/source/main.cpp.o
                0x00000000000008a8                sjsu::Gpio::Gpio()
                0x00000000000008a8                sjsu::Gpio::Gpio()
 .text._ZN4sjsu7lpc17xx3PinC2Ehh
                0x00000000000008c8       0x40 build/lpc40xx/compiled/source/main.cpp.o
                0x00000000000008c8                sjsu::lpc17xx::Pin::Pin(unsigned char, unsigned char)
                0x00000000000008c8                sjsu::lpc17xx::Pin::Pin(unsigned char, unsigned char)
 .text._ZNK4sjsu7lpc17xx3Pin10InitializeEv
                0x0000000000000908       0x14 build/lpc40xx/compiled/source/main.cpp.o
                0x0000000000000908                sjsu::lpc17xx::Pin::Initialize() const
 .text._ZNK4sjsu7lpc17xx3Pin14SetPinFunctionEh
                0x000000000000091c       0x48 build/lpc40xx/compiled/source/main.cpp.o
                0x000000000000091c                sjsu::lpc17xx::Pin::SetPinFunction(unsigned char) const
 .text._ZN4sjsu5ValueINS_3Pin8ResistorEEEDaT_
                0x0000000000000964       0x18 build/lpc40xx/compiled/source/main.cpp.o
                0x0000000000000964                auto sjsu::Value<sjsu::Pin::Resistor>(sjsu::Pin::Resistor)
 .text._ZNK4sjsu7lpc17xx3Pin7SetPullENS_3Pin8ResistorE
                0x000000000000097c       0x5c build/lpc40xx/compiled/source/main.cpp.o
                0x000000000000097c                sjsu::lpc17xx::Pin::SetPull(sjsu::Pin::Resistor) const
 .text._ZNK4sjsu7lpc17xx3Pin15SetAsAnalogModeEb
                0x00000000000009d8       0x2c build/lpc40xx/compiled/source/main.cpp.o
                0x00000000000009d8                sjsu::lpc17xx::Pin::SetAsAnalogMode(bool) const
 .text._ZNK4sjsu7lpc17xx3Pin14SetAsOpenDrainEb
                0x0000000000000a04       0x48 build/lpc40xx/compiled/source/main.cpp.o
                0x0000000000000a04                sjsu::lpc17xx::Pin::SetAsOpenDrain(bool) const
 .text._ZN4sjsu7lpc17xx3Pin14GetPinsBitmaskEh
                0x0000000000000a4c       0x36 build/lpc40xx/compiled/source/main.cpp.o
                0x0000000000000a4c                sjsu::lpc17xx::Pin::GetPinsBitmask(unsigned char)
 .text._ZNK4sjsu7lpc17xx3Pin17PinRegisterLookupEv
                0x0000000000000a82       0x30 build/lpc40xx/compiled/source/main.cpp.o
                0x0000000000000a82                sjsu::lpc17xx::Pin::PinRegisterLookup() const
 *fill*         0x0000000000000ab2        0x2 ff
 .text._ZN4sjsu7lpc40xx4Gpio12GpioRegisterEi
                0x0000000000000ab4       0x74 build/lpc40xx/compiled/source/main.cpp.o
                0x0000000000000ab4                sjsu::lpc40xx::Gpio::GpioRegister(int)
 .text._ZN4sjsu7lpc40xx4Gpio17InterruptRegisterEi
                0x0000000000000b28       0x80 build/lpc40xx/compiled/source/main.cpp.o
                0x0000000000000b28                sjsu::lpc40xx::Gpio::InterruptRegister(int)
 .text._ZN4sjsu7lpc40xx4Gpio15InterruptStatusEv
                0x0000000000000ba8       0x14 build/lpc40xx/compiled/source/main.cpp.o
                0x0000000000000ba8                sjsu::lpc40xx::Gpio::InterruptStatus()
 .text._ZN4sjsu7lpc40xx4Gpio16InterruptHandlerEv
                0x0000000000000bbc       0x70 build/lpc40xx/compiled/source/main.cpp.o
                0x0000000000000bbc                sjsu::lpc40xx::Gpio::InterruptHandler()
 .text._ZN4sjsu7lpc40xx4GpioC2EhhPNS_3PinE
                0x0000000000000c2c       0xac build/lpc40xx/compiled/source/main.cpp.o
                0x0000000000000c2c                sjsu::lpc40xx::Gpio::Gpio(unsigned char, unsigned char, sjsu::Pin*)
                0x0000000000000c2c                sjsu::lpc40xx::Gpio::Gpio(unsigned char, unsigned char, sjsu::Pin*)
 .text._ZNK4sjsu7lpc40xx4Gpio12SetDirectionENS_4Gpio9DirectionE
                0x0000000000000cd8       0x68 build/lpc40xx/compiled/source/main.cpp.o
                0x0000000000000cd8                sjsu::lpc40xx::Gpio::SetDirection(sjsu::Gpio::Direction) const
 .text._ZNK4sjsu7lpc40xx4Gpio3SetENS_4Gpio5StateE
                0x0000000000000d40       0x44 build/lpc40xx/compiled/source/main.cpp.o
                0x0000000000000d40                sjsu::lpc40xx::Gpio::Set(sjsu::Gpio::State) const
 .text._ZNK4sjsu7lpc40xx4Gpio6ToggleEv
                0x0000000000000d84       0x2e build/lpc40xx/compiled/source/main.cpp.o
                0x0000000000000d84                sjsu::lpc40xx::Gpio::Toggle() const
 .text._ZNK4sjsu7lpc40xx4Gpio4ReadEv
                0x0000000000000db2       0x24 build/lpc40xx/compiled/source/main.cpp.o
                0x0000000000000db2                sjsu::lpc40xx::Gpio::Read() const
 .text._ZNK4sjsu7lpc40xx4Gpio6GetPinEv
                0x0000000000000dd6       0x18 build/lpc40xx/compiled/source/main.cpp.o
                0x0000000000000dd6                sjsu::lpc40xx::Gpio::GetPin() const
 .text._ZNSt8functionIFvvEED2Ev
                0x0000000000000dee       0x1a build/lpc40xx/compiled/source/main.cpp.o
                0x0000000000000dee                std::function<void ()>::~function()
                0x0000000000000dee                std::function<void ()>::~function()
 .text._ZN4sjsu19InterruptController18RegistrationInfo_tD2Ev
                0x0000000000000e08       0x1c build/lpc40xx/compiled/source/main.cpp.o
                0x0000000000000e08                sjsu::InterruptController::RegistrationInfo_t::~RegistrationInfo_t()
                0x0000000000000e08                sjsu::InterruptController::RegistrationInfo_t::~RegistrationInfo_t()
 .text._ZN4sjsu7lpc40xx4Gpio15AttachInterruptESt8functionIFvvEENS_4Gpio4EdgeE
                0x0000000000000e24       0xdc build/lpc40xx/compiled/source/main.cpp.o
                0x0000000000000e24                sjsu::lpc40xx::Gpio::AttachInterrupt(std::function<void ()>, sjsu::Gpio::Edge)
 .text._ZNK4sjsu7lpc40xx4Gpio15DetachInterruptEv
                0x0000000000000f00       0x84 build/lpc40xx/compiled/source/main.cpp.o
                0x0000000000000f00                sjsu::lpc40xx::Gpio::DetachInterrupt() const
 .text._ZNK4sjsu7lpc40xx4Gpio12IsAValidPortEv
                0x0000000000000f84       0x48 build/lpc40xx/compiled/source/main.cpp.o
                0x0000000000000f84                sjsu::lpc40xx::Gpio::IsAValidPort() const
 .text._ZNK4sjsu7lpc40xx4Gpio22LocalInterruptRegisterEv
                0x0000000000000fcc       0x1c build/lpc40xx/compiled/source/main.cpp.o
                0x0000000000000fcc                sjsu::lpc40xx::Gpio::LocalInterruptRegister() const
 .text._ZN5units6unit_tINS_4unitISt5ratioILx1ELx1EENS_9base_unitIS2_ILx0ELx1EES5_S2_ILxn1ELx1EES5_S5_S5_S5_S5_S5_EES5_S5_EEfNS_12linear_scaleEEC1INS1_IS2_ILx1000000ELx1EES8_S5_S5_EEfS9_EERKNS0_IT_T0_T1_EE
                0x0000000000000fe8       0x36 build/lpc40xx/compiled/source/main.cpp.o
                0x0000000000000fe8                units::unit_t<units::unit<std::ratio<1ll, 1ll>, units::base_unit<std::ratio<0ll, 1ll>, std::ratio<0ll, 1ll>, std::ratio<-1ll, 1ll>, std::ratio<0ll, 1ll>, std::ratio<0ll, 1ll>, std::ratio<0ll, 1ll>, std::ratio<0ll, 1ll>, std::ratio<0ll, 1ll>, std::ratio<0ll, 1ll> >, std::ratio<0ll, 1ll>, std::ratio<0ll, 1ll> >, float, units::linear_scale>::unit_t<units::unit<std::ratio<1000000ll, 1ll>, units::unit<std::ratio<1ll, 1ll>, units::base_unit<std::ratio<0ll, 1ll>, std::ratio<0ll, 1ll>, std::ratio<-1ll, 1ll>, std::ratio<0ll, 1ll>, std::ratio<0ll, 1ll>, std::ratio<0ll, 1ll>, std::ratio<0ll, 1ll>, std::ratio<0ll, 1ll>, std::ratio<0ll, 1ll> >, std::ratio<0ll, 1ll>, std::ratio<0ll, 1ll> >, std::ratio<0ll, 1ll>, std::ratio<0ll, 1ll> >, float, units::linear_scale>(units::unit_t<units::unit<std::ratio<1000000ll, 1ll>, units::unit<std::ratio<1ll, 1ll>, units::base_unit<std::ratio<0ll, 1ll>, std::ratio<0ll, 1ll>, std::ratio<-1ll, 1ll>, std::ratio<0ll, 1ll>, std::ratio<0ll, 1ll>, std::ratio<0ll, 1ll>, std::ratio<0ll, 1ll>, std::ratio<0ll, 1ll>, std::ratio<0ll, 1ll> >, std::ratio<0ll, 1ll>, std::ratio<0ll, 1ll> >, std::ratio<0ll, 1ll>, std::ratio<0ll, 1ll> >, float, units::linear_scale> const&)
 .text._ZN5units12linear_scaleIfEC2IJSt17integral_constantIbLb1EEEEERKfDpOT_
                0x000000000000101e       0x22 build/lpc40xx/compiled/source/main.cpp.o
                0x000000000000101e                units::linear_scale<float>::linear_scale<std::integral_constant<bool, true> >(float const&, std::integral_constant<bool, true>&&)
 .text._ZN5unitsL7convertINS_4unitISt5ratioILx1000000ELx1EENS1_IS2_ILx1ELx1EENS_9base_unitIS2_ILx0ELx1EES6_S2_ILxn1ELx1EES6_S6_S6_S6_S6_S6_EES6_S6_EES6_S6_EES9_fEET1_RKSB_
                0x0000000000001040       0x1c build/lpc40xx/compiled/source/main.cpp.o
 .text._ZN5units6detailL7convertINS_4unitISt5ratioILx1000000ELx1EENS2_IS3_ILx1ELx1EENS_9base_unitIS3_ILx0ELx1EES7_S3_ILxn1ELx1EES7_S7_S7_S7_S7_S7_EES7_S7_EES7_S7_EESA_S4_S7_S7_fEET4_RKSC_St17integral_constantIbLb0EESG_SG_
                0x000000000000105c       0x30 build/lpc40xx/compiled/source/main.cpp.o
 .text._ZNK5units12linear_scaleIfEclEv
                0x000000000000108c       0x1e build/lpc40xx/compiled/source/main.cpp.o
                0x000000000000108c                units::linear_scale<float>::operator()() const
 *fill*         0x00000000000010aa        0x2 ff
 .text._ZNK4sjsu7lpc40xx3Spi10InitializeEv
                0x00000000000010ac      0x108 build/lpc40xx/compiled/source/main.cpp.o
                0x00000000000010ac                sjsu::lpc40xx::Spi::Initialize() const
 .text._ZNK4sjsu7lpc40xx3Spi9IsBusBusyEv
                0x00000000000011b4       0x34 build/lpc40xx/compiled/source/main.cpp.o
                0x00000000000011b4                sjsu::lpc40xx::Spi::IsBusBusy() const
 .text._ZNK4sjsu7lpc40xx3Spi8TransferEt
                0x00000000000011e8       0x38 build/lpc40xx/compiled/source/main.cpp.o
                0x00000000000011e8                sjsu::lpc40xx::Spi::Transfer(unsigned short) const
 .text._ZN4sjsu5ValueINS_3Spi8DataSizeEEEDaT_
                0x0000000000001220       0x18 build/lpc40xx/compiled/source/main.cpp.o
                0x0000000000001220                auto sjsu::Value<sjsu::Spi::DataSize>(sjsu::Spi::DataSize)
 .text._ZNK4sjsu7lpc40xx3Spi11SetDataSizeENS_3Spi8DataSizeE
                0x0000000000001238       0x54 build/lpc40xx/compiled/source/main.cpp.o
                0x0000000000001238                sjsu::lpc40xx::Spi::SetDataSize(sjsu::Spi::DataSize) const
 .text._ZNK5units6unit_tINS_4unitISt5ratioILx1ELx1EENS_9base_unitIS2_ILx0ELx1EES5_S5_S5_S5_S5_S5_S5_S5_EES5_S5_EEfNS_12linear_scaleEE2toItvEET_v
                0x000000000000128c       0x18 build/lpc40xx/compiled/source/main.cpp.o
                0x000000000000128c                unsigned short units::unit_t<units::unit<std::ratio<1ll, 1ll>, units::base_unit<std::ratio<0ll, 1ll>, std::ratio<0ll, 1ll>, std::ratio<0ll, 1ll>, std::ratio<0ll, 1ll>, std::ratio<0ll, 1ll>, std::ratio<0ll, 1ll>, std::ratio<0ll, 1ll>, std::ratio<0ll, 1ll>, std::ratio<0ll, 1ll> >, std::ratio<0ll, 1ll>, std::ratio<0ll, 1ll> >, float, units::linear_scale>::to<unsigned short, void>() const
 .text._ZN5unitsdvINS_6unit_tINS_4unitISt5ratioILx1ELx1EENS_9base_unitIS3_ILx0ELx1EES6_S3_ILxn1ELx1EES6_S6_S6_S6_S6_S6_EES6_S6_EEfNS_12linear_scaleEEESB_Li0EEENS1_INS2_IS4_NS5_IS6_S6_S6_S6_S6_S6_S6_S6_S6_EES6_S6_EEfSA_EERKT_RKT0_
                0x00000000000012a4       0x58 build/lpc40xx/compiled/source/main.cpp.o
                0x00000000000012a4                units::unit_t<units::unit<std::ratio<1ll, 1ll>, units::base_unit<std::ratio<0ll, 1ll>, std::ratio<0ll, 1ll>, std::ratio<0ll, 1ll>, std::ratio<0ll, 1ll>, std::ratio<0ll, 1ll>, std::ratio<0ll, 1ll>, std::ratio<0ll, 1ll>, std::ratio<0ll, 1ll>, std::ratio<0ll, 1ll> >, std::ratio<0ll, 1ll>, std::ratio<0ll, 1ll> >, float, units::linear_scale> units::operator/<units::unit_t<units::unit<std::ratio<1ll, 1ll>, units::base_unit<std::ratio<0ll, 1ll>, std::ratio<0ll, 1ll>, std::ratio<-1ll, 1ll>, std::ratio<0ll, 1ll>, std::ratio<0ll, 1ll>, std::ratio<0ll, 1ll>, std::ratio<0ll, 1ll>, std::ratio<0ll, 1ll>, std::ratio<0ll, 1ll> >, std::ratio<0ll, 1ll>, std::ratio<0ll, 1ll> >, float, units::linear_scale>, units::unit_t<units::unit<std::ratio<1ll, 1ll>, units::base_unit<std::ratio<0ll, 1ll>, std::ratio<0ll, 1ll>, std::ratio<-1ll, 1ll>, std::ratio<0ll, 1ll>, std::ratio<0ll, 1ll>, std::ratio<0ll, 1ll>, std::ratio<0ll, 1ll>, std::ratio<0ll, 1ll>, std::ratio<0ll, 1ll> >, std::ratio<0ll, 1ll>, std::ratio<0ll, 1ll> >, float, units::linear_scale>, 0>(units::unit_t<units::unit<std::ratio<1ll, 1ll>, units::base_unit<std::ratio<0ll, 1ll>, std::ratio<0ll, 1ll>, std::ratio<-1ll, 1ll>, std::ratio<0ll, 1ll>, std::ratio<0ll, 1ll>, std::ratio<0ll, 1ll>, std::ratio<0ll, 1ll>, std::ratio<0ll, 1ll>, std::ratio<0ll, 1ll> >, std::ratio<0ll, 1ll>, std::ratio<0ll, 1ll> >, float, units::linear_scale> const&, units::unit_t<units::unit<std::ratio<1ll, 1ll>, units::base_unit<std::ratio<0ll, 1ll>, std::ratio<0ll, 1ll>, std::ratio<-1ll, 1ll>, std::ratio<0ll, 1ll>, std::ratio<0ll, 1ll>, std::ratio<0ll, 1ll>, std::ratio<0ll, 1ll>, std::ratio<0ll, 1ll>, std::ratio<0ll, 1ll> >, std::ratio<0ll, 1ll>, std::ratio<0ll, 1ll> >, float, units::linear_scale> const&)
 .text._ZN5units6unit_tINS_4unitISt5ratioILx1ELx1EENS_9base_unitIS2_ILx0ELx1EES5_S5_S5_S5_S5_S5_S5_S5_EES5_S5_EEfNS_12linear_scaleEEC1IJEEEfDpRKT_
                0x00000000000012fc       0x22 build/lpc40xx/compiled/source/main.cpp.o
                0x00000000000012fc                units::unit_t<units::unit<std::ratio<1ll, 1ll>, units::base_unit<std::ratio<0ll, 1ll>, std::ratio<0ll, 1ll>, std::ratio<0ll, 1ll>, std::ratio<0ll, 1ll>, std::ratio<0ll, 1ll>, std::ratio<0ll, 1ll>, std::ratio<0ll, 1ll>, std::ratio<0ll, 1ll>, std::ratio<0ll, 1ll> >, std::ratio<0ll, 1ll>, std::ratio<0ll, 1ll> >, float, units::linear_scale>::unit_t<>(float)
 *fill*         0x000000000000131e        0x2 ff
 .text._ZNK4sjsu7lpc40xx3Spi8SetClockEN5units6unit_tINS2_4unitISt5ratioILx1ELx1EENS2_9base_unitIS5_ILx0ELx1EES8_S5_ILxn1ELx1EES8_S8_S8_S8_S8_S8_EES8_S8_EEfNS2_12linear_scaleEEEbb
                0x0000000000001320       0xf0 build/lpc40xx/compiled/source/main.cpp.o
                0x0000000000001320                sjsu::lpc40xx::Spi::SetClock(units::unit_t<units::unit<std::ratio<1ll, 1ll>, units::base_unit<std::ratio<0ll, 1ll>, std::ratio<0ll, 1ll>, std::ratio<-1ll, 1ll>, std::ratio<0ll, 1ll>, std::ratio<0ll, 1ll>, std::ratio<0ll, 1ll>, std::ratio<0ll, 1ll>, std::ratio<0ll, 1ll>, std::ratio<0ll, 1ll> >, std::ratio<0ll, 1ll>, std::ratio<0ll, 1ll> >, float, units::linear_scale>, bool, bool) const
 .text._ZN4sjsu12PixelDisplay7Color_t7IsBlankEv
                0x0000000000001410       0x3a build/lpc40xx/compiled/source/main.cpp.o
                0x0000000000001410                sjsu::PixelDisplay::Color_t::IsBlank()
 .text._ZN4sjsu12PixelDisplay6EnableEv
                0x000000000000144a       0x14 build/lpc40xx/compiled/source/main.cpp.o
                0x000000000000144a                sjsu::PixelDisplay::Enable()
 .text._ZN4sjsu12PixelDisplay7DisableEv
                0x000000000000145e       0x14 build/lpc40xx/compiled/source/main.cpp.o
                0x000000000000145e                sjsu::PixelDisplay::Disable()
 .text._ZN4sjsu7Ssd13068GetWidthEv
                0x0000000000001472       0x16 build/lpc40xx/compiled/source/main.cpp.o
                0x0000000000001472                sjsu::Ssd1306::GetWidth()
 .text._ZN4sjsu7Ssd13069GetHeightEv
                0x0000000000001488       0x16 build/lpc40xx/compiled/source/main.cpp.o
                0x0000000000001488                sjsu::Ssd1306::GetHeight()
 .text._ZN4sjsu7Ssd130615AvailableColorsEv
                0x000000000000149e       0x3e build/lpc40xx/compiled/source/main.cpp.o
                0x000000000000149e                sjsu::Ssd1306::AvailableColors()
 .text._ZN4sjsu7Ssd13065WriteEmNS0_11TransactionEj
                0x00000000000014dc       0xb4 build/lpc40xx/compiled/source/main.cpp.o
                0x00000000000014dc                sjsu::Ssd1306::Write(unsigned long, sjsu::Ssd1306::Transaction, unsigned int)
 .text._ZN4sjsu7Ssd130610InitializeEv
                0x0000000000001590       0xc4 build/lpc40xx/compiled/source/main.cpp.o
                0x0000000000001590                sjsu::Ssd1306::Initialize()
 .text._ZN4sjsu7Ssd130619InitializationPanelEv
                0x0000000000001654       0xda build/lpc40xx/compiled/source/main.cpp.o
                0x0000000000001654                sjsu::Ssd1306::InitializationPanel()
 *fill*         0x000000000000172e        0x2 ff
 .text._ZN4sjsu7Ssd130624SetHorizontalAddressModeEv
                0x0000000000001730       0x40 build/lpc40xx/compiled/source/main.cpp.o
                0x0000000000001730                sjsu::Ssd1306::SetHorizontalAddressMode()
 .text._ZN4sjsu7Ssd13065ClearEv
                0x0000000000001770       0x20 build/lpc40xx/compiled/source/main.cpp.o
                0x0000000000001770                sjsu::Ssd1306::Clear()
 .text._ZN4sjsu7Ssd13069DrawPixelEllNS_12PixelDisplay7Color_tE
                0x0000000000001790       0x7e build/lpc40xx/compiled/source/main.cpp.o
                0x0000000000001790                sjsu::Ssd1306::DrawPixel(long, long, sjsu::PixelDisplay::Color_t)
 .text._ZN4sjsu7Ssd13066UpdateEv
                0x000000000000180e       0x5e build/lpc40xx/compiled/source/main.cpp.o
                0x000000000000180e                sjsu::Ssd1306::Update()
 .text._ZN4sjsu12PixelDisplay7Color_tC2Ev
                0x000000000000186c       0x2e build/lpc40xx/compiled/source/main.cpp.o
                0x000000000000186c                sjsu::PixelDisplay::Color_t::Color_t()
                0x000000000000186c                sjsu::PixelDisplay::Color_t::Color_t()
 .text._ZN4sjsu8GraphicsC2ERNS_12PixelDisplayE
                0x000000000000189a       0x6a build/lpc40xx/compiled/source/main.cpp.o
                0x000000000000189a                sjsu::Graphics::Graphics(sjsu::PixelDisplay&)
                0x000000000000189a                sjsu::Graphics::Graphics(sjsu::PixelDisplay&)
 .text._ZN4sjsu8Graphics10InitializeEv
                0x0000000000001904       0x22 build/lpc40xx/compiled/source/main.cpp.o
                0x0000000000001904                sjsu::Graphics::Initialize()
 .text._ZN4sjsu8Graphics6UpdateEv
                0x0000000000001926       0x22 build/lpc40xx/compiled/source/main.cpp.o
                0x0000000000001926                sjsu::Graphics::Update()
 .text._ZN4sjsu8Graphics5ClearEv
                0x0000000000001948       0x22 build/lpc40xx/compiled/source/main.cpp.o
                0x0000000000001948                sjsu::Graphics::Clear()
 *fill*         0x000000000000196a        0x2 ff
 .text._ZN4sjsu8Graphics13DrawCharacterEllc
                0x000000000000196c       0x84 build/lpc40xx/compiled/source/main.cpp.o
                0x000000000000196c                sjsu::Graphics::DrawCharacter(long, long, char)
 .text._ZN4sjsu8Graphics9DrawPixelEmm
                0x00000000000019f0       0x40 build/lpc40xx/compiled/source/main.cpp.o
                0x00000000000019f0                sjsu::Graphics::DrawPixel(unsigned long, unsigned long)
 .text._ZN4sjsu17GraphicalTerminal10InitializeEv
                0x0000000000001a30       0x2e build/lpc40xx/compiled/source/main.cpp.o
                0x0000000000001a30                sjsu::GraphicalTerminal::Initialize()
 .text._ZN4sjsu17GraphicalTerminal6printfEPKcz
                0x0000000000001a5e      0x16c build/lpc40xx/compiled/source/main.cpp.o
                0x0000000000001a5e                sjsu::GraphicalTerminal::printf(char const*, ...)
 .text._ZN4sjsu17GraphicalTerminal6UpdateEv
                0x0000000000001bca       0x94 build/lpc40xx/compiled/source/main.cpp.o
                0x0000000000001bca                sjsu::GraphicalTerminal::Update()
 .text._ZN4sjsu17GraphicalTerminal8ClearRowEm
                0x0000000000001c5e       0x3a build/lpc40xx/compiled/source/main.cpp.o
                0x0000000000001c5e                sjsu::GraphicalTerminal::ClearRow(unsigned long)
 .text._ZN4sjsu17GraphicalTerminal7GetCharEmm
                0x0000000000001c98       0x2c build/lpc40xx/compiled/source/main.cpp.o
                0x0000000000001c98                sjsu::GraphicalTerminal::GetChar(unsigned long, unsigned long)
 .text._ZN4sjsu6ButtonC2ERKNS_4GpioE
                0x0000000000001cc4       0x34 build/lpc40xx/compiled/source/main.cpp.o
                0x0000000000001cc4                sjsu::Button::Button(sjsu::Gpio const&)
                0x0000000000001cc4                sjsu::Button::Button(sjsu::Gpio const&)
 .text._ZN4sjsu6Button10InitializeEv
                0x0000000000001cf8       0x3c build/lpc40xx/compiled/source/main.cpp.o
                0x0000000000001cf8                sjsu::Button::Initialize()
 .text._ZN4sjsu6Button8ReleasedEv
                0x0000000000001d34       0x88 build/lpc40xx/compiled/source/main.cpp.o
                0x0000000000001d34                sjsu::Button::Released()
 .text._ZN4sjsu6Button7PressedEv
                0x0000000000001dbc       0x88 build/lpc40xx/compiled/source/main.cpp.o
                0x0000000000001dbc                sjsu::Button::Pressed()
 .text._ZN4sjsu6Button10ResetStateEv
                0x0000000000001e44       0x20 build/lpc40xx/compiled/source/main.cpp.o
                0x0000000000001e44                sjsu::Button::ResetState()
 .text._ZN4sjsu6Button7GetGpioEv
                0x0000000000001e64       0x18 build/lpc40xx/compiled/source/main.cpp.o
                0x0000000000001e64                sjsu::Button::GetGpio()
 .text.main     0x0000000000001e7c      0x3f4 build/lpc40xx/compiled/source/main.cpp.o
                0x0000000000001e7c                main
 .text._ZN4sjsu3bit6InsertImhEET_S2_T0_NS0_4MaskE
                0x0000000000002270       0x26 build/lpc40xx/compiled/source/main.cpp.o
                0x0000000000002270                unsigned long sjsu::bit::Insert<unsigned long, unsigned char>(unsigned long, unsigned char, sjsu::bit::Mask)
 .text._ZN5unitsdvINS_6unit_tINS_4unitISt5ratioILx1ELx1EENS_9base_unitIS3_ILx0ELx1EES6_S3_ILxn1ELx1EES6_S6_S6_S6_S6_S6_EES6_S6_EEfNS_12linear_scaleEEEmLi0EEET_RKSC_T0_
                0x0000000000002296       0x3c build/lpc40xx/compiled/source/main.cpp.o
                0x0000000000002296                units::unit_t<units::unit<std::ratio<1ll, 1ll>, units::base_unit<std::ratio<0ll, 1ll>, std::ratio<0ll, 1ll>, std::ratio<-1ll, 1ll>, std::ratio<0ll, 1ll>, std::ratio<0ll, 1ll>, std::ratio<0ll, 1ll>, std::ratio<0ll, 1ll>, std::ratio<0ll, 1ll>, std::ratio<0ll, 1ll> >, std::ratio<0ll, 1ll>, std::ratio<0ll, 1ll> >, float, units::linear_scale> units::operator/<units::unit_t<units::unit<std::ratio<1ll, 1ll>, units::base_unit<std::ratio<0ll, 1ll>, std::ratio<0ll, 1ll>, std::ratio<-1ll, 1ll>, std::ratio<0ll, 1ll>, std::ratio<0ll, 1ll>, std::ratio<0ll, 1ll>, std::ratio<0ll, 1ll>, std::ratio<0ll, 1ll>, std::ratio<0ll, 1ll> >, std::ratio<0ll, 1ll>, std::ratio<0ll, 1ll> >, float, units::linear_scale>, unsigned long, 0>(units::unit_t<units::unit<std::ratio<1ll, 1ll>, units::base_unit<std::ratio<0ll, 1ll>, std::ratio<0ll, 1ll>, std::ratio<-1ll, 1ll>, std::ratio<0ll, 1ll>, std::ratio<0ll, 1ll>, std::ratio<0ll, 1ll>, std::ratio<0ll, 1ll>, std::ratio<0ll, 1ll>, std::ratio<0ll, 1ll> >, std::ratio<0ll, 1ll>, std::ratio<0ll, 1ll> >, float, units::linear_scale> const&, unsigned long)
 .text._ZNSt8literals15chrono_literalsli2usIJLc49EEEENSt6chrono8durationIxSt5ratioILx1ELx1000000EEEEv
                0x00000000000022d2       0x1a build/lpc40xx/compiled/source/main.cpp.o
                0x00000000000022d2                std::chrono::duration<long long, std::ratio<1ll, 1000000ll> > std::literals::chrono_literals::operator"" us<(char)49>()
 .text._ZNSt6chrono8durationIxSt5ratioILx1ELx1000000000EEEC2IxS1_ILx1ELx1000000EEvEERKNS0_IT_T0_EE
                0x00000000000022ec       0x34 build/lpc40xx/compiled/source/main.cpp.o
                0x00000000000022ec                std::chrono::duration<long long, std::ratio<1ll, 1000000000ll> >::duration<long long, std::ratio<1ll, 1000000ll>, void>(std::chrono::duration<long long, std::ratio<1ll, 1000000ll> > const&)
                0x00000000000022ec                std::chrono::duration<long long, std::ratio<1ll, 1000000000ll> >::duration<long long, std::ratio<1ll, 1000000ll>, void>(std::chrono::duration<long long, std::ratio<1ll, 1000000ll> > const&)
 .text._ZNSt8functionIFNSt6chrono8durationIxSt5ratioILx1ELx1000000000EEEEvEEC2IPS5_vvEET_
                0x0000000000002320       0x54 build/lpc40xx/compiled/source/main.cpp.o
                0x0000000000002320                std::function<std::chrono::duration<long long, std::ratio<1ll, 1000000000ll> > ()>::function<std::chrono::duration<long long, std::ratio<1ll, 1000000000ll> > (*)(), void, void>(std::chrono::duration<long long, std::ratio<1ll, 1000000000ll> > (*)())
                0x0000000000002320                std::function<std::chrono::duration<long long, std::ratio<1ll, 1000000000ll> > ()>::function<std::chrono::duration<long long, std::ratio<1ll, 1000000000ll> > (*)(), void, void>(std::chrono::duration<long long, std::ratio<1ll, 1000000000ll> > (*)())
 .text._ZN4sjsu3bit6InsertImbEET_S2_T0_NS0_4MaskE
                0x0000000000002374       0x26 build/lpc40xx/compiled/source/main.cpp.o
                0x0000000000002374                unsigned long sjsu::bit::Insert<unsigned long, bool>(unsigned long, bool, sjsu::bit::Mask)
 .text._ZNSt8functionIFvvEEC2Ev
                0x000000000000239a       0x1a build/lpc40xx/compiled/source/main.cpp.o
                0x000000000000239a                std::function<void ()>::function()
                0x000000000000239a                std::function<void ()>::function()
 .text._ZNKSt8functionIFvvEEclEv
                0x00000000000023b4       0x2c build/lpc40xx/compiled/source/main.cpp.o
                0x00000000000023b4                std::function<void ()>::operator()() const
 .text._ZN4sjsu3bit5ClearImEET_S2_m
                0x00000000000023e0       0x26 build/lpc40xx/compiled/source/main.cpp.o
                0x00000000000023e0                unsigned long sjsu::bit::Clear<unsigned long>(unsigned long, unsigned long)
 .text._ZN4sjsu3bit3SetImEET_S2_m
                0x0000000000002406       0x24 build/lpc40xx/compiled/source/main.cpp.o
                0x0000000000002406                unsigned long sjsu::bit::Set<unsigned long>(unsigned long, unsigned long)
 .text._ZN4sjsu3bit4ReadImEEbT_m
                0x000000000000242a       0x2e build/lpc40xx/compiled/source/main.cpp.o
                0x000000000000242a                bool sjsu::bit::Read<unsigned long>(unsigned long, unsigned long)
 .text._ZNSt8functionIFvvEEC2IPS0_vvEET_
                0x0000000000002458       0x54 build/lpc40xx/compiled/source/main.cpp.o
                0x0000000000002458                std::function<void ()>::function<void (*)(), void, void>(void (*)())
                0x0000000000002458                std::function<void ()>::function<void (*)(), void, void>(void (*)())
 .text._ZNSt8functionIFvvEEaSERKS1_
                0x00000000000024ac       0x36 build/lpc40xx/compiled/source/main.cpp.o
                0x00000000000024ac                std::function<void ()>::operator=(std::function<void ()> const&)
 .text._ZNSt8functionIFvvEEaSEDn
                0x00000000000024e2       0x34 build/lpc40xx/compiled/source/main.cpp.o
                0x00000000000024e2                std::function<void ()>::operator=(decltype(nullptr))
 .text._ZN4sjsu3bit5ClearImEET_S2_NS0_4MaskE
                0x0000000000002516       0x1e build/lpc40xx/compiled/source/main.cpp.o
                0x0000000000002516                unsigned long sjsu::bit::Clear<unsigned long>(unsigned long, sjsu::bit::Mask)
 .text._ZN4sjsu3bit3SetImEET_S2_NS0_4MaskE
                0x0000000000002534       0x1e build/lpc40xx/compiled/source/main.cpp.o
                0x0000000000002534                unsigned long sjsu::bit::Set<unsigned long>(unsigned long, sjsu::bit::Mask)
 .text._ZN4sjsu3bit4ReadImEEbT_NS0_4MaskE
                0x0000000000002552       0x1e build/lpc40xx/compiled/source/main.cpp.o
                0x0000000000002552                bool sjsu::bit::Read<unsigned long>(unsigned long, sjsu::bit::Mask)
 .text._ZNK5units6unit_tINS_4unitISt5ratioILx1ELx1EENS_9base_unitIS2_ILx0ELx1EES5_S5_S5_S5_S5_S5_S5_S5_EES5_S5_EEfNS_12linear_scaleEEcvT_ItLi0EEEv
                0x0000000000002570       0x38 build/lpc40xx/compiled/source/main.cpp.o
                0x0000000000002570                units::unit_t<units::unit<std::ratio<1ll, 1ll>, units::base_unit<std::ratio<0ll, 1ll>, std::ratio<0ll, 1ll>, std::ratio<0ll, 1ll>, std::ratio<0ll, 1ll>, std::ratio<0ll, 1ll>, std::ratio<0ll, 1ll>, std::ratio<0ll, 1ll>, std::ratio<0ll, 1ll>, std::ratio<0ll, 1ll> >, std::ratio<0ll, 1ll>, std::ratio<0ll, 1ll> >, float, units::linear_scale>::operator unsigned short<unsigned short, 0>() const
 .text._ZN4sjsu3bit6InsertImiEET_S2_T0_NS0_4MaskE
                0x00000000000025a8       0x24 build/lpc40xx/compiled/source/main.cpp.o
                0x00000000000025a8                unsigned long sjsu::bit::Insert<unsigned long, int>(unsigned long, int, sjsu::bit::Mask)
 .text._ZN4sjsu17GraphicalTerminalC2ILm8ELm16EEEPNS_8GraphicsEPNS_15TerminalCache_tIXT_EXT0_EEE
                0x00000000000025cc       0x44 build/lpc40xx/compiled/source/main.cpp.o
                0x00000000000025cc                sjsu::GraphicalTerminal::GraphicalTerminal<8ul, 16ul>(sjsu::Graphics*, sjsu::TerminalCache_t<8ul, 16ul>*)
                0x00000000000025cc                sjsu::GraphicalTerminal::GraphicalTerminal<8ul, 16ul>(sjsu::Graphics*, sjsu::TerminalCache_t<8ul, 16ul>*)
 .text._ZN4sjsu3bit6InsertImhEET_S2_T0_mm
                0x0000000000002610       0x5a build/lpc40xx/compiled/source/main.cpp.o
                0x0000000000002610                unsigned long sjsu::bit::Insert<unsigned long, unsigned char>(unsigned long, unsigned char, unsigned long, unsigned long)
 .text._ZNSt8literals15chrono_literals16__check_overflowINSt6chrono8durationIxSt5ratioILx1ELx1000000EEEEJLc49EEEET_v
                0x000000000000266a       0x28 build/lpc40xx/compiled/source/main.cpp.o
                0x000000000000266a                std::chrono::duration<long long, std::ratio<1ll, 1000000ll> > std::literals::chrono_literals::__check_overflow<std::chrono::duration<long long, std::ratio<1ll, 1000000ll> >, (char)49>()
 .text._ZNSt6chrono13duration_castINS_8durationIxSt5ratioILx1ELx1000000000EEEExS2_ILx1ELx1000000EEEENSt9enable_ifIXsrNS_13__is_durationIT_EE5valueES8_E4typeERKNS1_IT0_T1_EE
                0x0000000000002692       0x1e build/lpc40xx/compiled/source/main.cpp.o
                0x0000000000002692                std::enable_if<std::chrono::__is_duration<std::chrono::duration<long long, std::ratio<1ll, 1000000000ll> > >::value, std::chrono::duration<long long, std::ratio<1ll, 1000000000ll> > >::type std::chrono::duration_cast<std::chrono::duration<long long, std::ratio<1ll, 1000000000ll> >, long long, std::ratio<1ll, 1000000ll> >(std::chrono::duration<long long, std::ratio<1ll, 1000000ll> > const&)
 .text._ZNSt14_Function_base13_Base_managerIPFNSt6chrono8durationIxSt5ratioILx1ELx1000000000EEEEvEE21_M_not_empty_functionIS6_EEbPT_
                0x00000000000026b0       0x20 build/lpc40xx/compiled/source/main.cpp.o
                0x00000000000026b0                bool std::_Function_base::_Base_manager<std::chrono::duration<long long, std::ratio<1ll, 1000000000ll> > (*)()>::_M_not_empty_function<std::chrono::duration<long long, std::ratio<1ll, 1000000000ll> > ()>(std::chrono::duration<long long, std::ratio<1ll, 1000000000ll> > (*)())
 .text._ZSt4moveIRPFNSt6chrono8durationIxSt5ratioILx1ELx1000000000EEEEvEEONSt16remove_referenceIT_E4typeEOS9_
                0x00000000000026d0       0x16 build/lpc40xx/compiled/source/main.cpp.o
                0x00000000000026d0                std::remove_reference<std::chrono::duration<long long, std::ratio<1ll, 1000000000ll> > (*&)()>::type&& std::move<std::chrono::duration<long long, std::ratio<1ll, 1000000000ll> > (*&)()>(std::chrono::duration<long long, std::ratio<1ll, 1000000000ll> > (*&)())
 .text._ZNSt14_Function_base13_Base_managerIPFNSt6chrono8durationIxSt5ratioILx1ELx1000000000EEEEvEE15_M_init_functorERSt9_Any_dataOS7_
                0x00000000000026e6       0x24 build/lpc40xx/compiled/source/main.cpp.o
                0x00000000000026e6                std::_Function_base::_Base_manager<std::chrono::duration<long long, std::ratio<1ll, 1000000000ll> > (*)()>::_M_init_functor(std::_Any_data&, std::chrono::duration<long long, std::ratio<1ll, 1000000000ll> > (*&&)())
 .text._ZNSt17_Function_handlerIFNSt6chrono8durationIxSt5ratioILx1ELx1000000000EEEEvEPS5_E9_M_invokeERKSt9_Any_data
                0x000000000000270a       0x24 build/lpc40xx/compiled/source/main.cpp.o
                0x000000000000270a                std::_Function_handler<std::chrono::duration<long long, std::ratio<1ll, 1000000000ll> > (), std::chrono::duration<long long, std::ratio<1ll, 1000000000ll> > (*)()>::_M_invoke(std::_Any_data const&)
 .text._ZNSt14_Function_base13_Base_managerIPFNSt6chrono8durationIxSt5ratioILx1ELx1000000000EEEEvEE10_M_managerERSt9_Any_dataRKS9_St18_Manager_operation
                0x000000000000272e       0x56 build/lpc40xx/compiled/source/main.cpp.o
                0x000000000000272e                std::_Function_base::_Base_manager<std::chrono::duration<long long, std::ratio<1ll, 1000000000ll> > (*)()>::_M_manager(std::_Any_data&, std::_Any_data const&, std::_Manager_operation)
 .text._ZN4sjsu3bit6InsertImbEET_S2_T0_mm
                0x0000000000002784       0x5a build/lpc40xx/compiled/source/main.cpp.o
                0x0000000000002784                unsigned long sjsu::bit::Insert<unsigned long, bool>(unsigned long, bool, unsigned long, unsigned long)
 .text._ZNSt14_Function_base13_Base_managerIPFvvEE21_M_not_empty_functionIS1_EEbPT_
                0x00000000000027de       0x20 build/lpc40xx/compiled/source/main.cpp.o
                0x00000000000027de                bool std::_Function_base::_Base_manager<void (*)()>::_M_not_empty_function<void ()>(void (*)())
 .text._ZSt4moveIRPFvvEEONSt16remove_referenceIT_E4typeEOS4_
                0x00000000000027fe       0x16 build/lpc40xx/compiled/source/main.cpp.o
                0x00000000000027fe                std::remove_reference<void (*&)()>::type&& std::move<void (*&)()>(void (*&)())
 .text._ZNSt14_Function_base13_Base_managerIPFvvEE15_M_init_functorERSt9_Any_dataOS2_
                0x0000000000002814       0x24 build/lpc40xx/compiled/source/main.cpp.o
                0x0000000000002814                std::_Function_base::_Base_manager<void (*)()>::_M_init_functor(std::_Any_data&, void (*&&)())
 .text._ZNSt17_Function_handlerIFvvEPS0_E9_M_invokeERKSt9_Any_data
                0x0000000000002838       0x1c build/lpc40xx/compiled/source/main.cpp.o
                0x0000000000002838                std::_Function_handler<void (), void (*)()>::_M_invoke(std::_Any_data const&)
 .text._ZNSt14_Function_base13_Base_managerIPFvvEE10_M_managerERSt9_Any_dataRKS4_St18_Manager_operation
                0x0000000000002854       0x56 build/lpc40xx/compiled/source/main.cpp.o
                0x0000000000002854                std::_Function_base::_Base_manager<void (*)()>::_M_manager(std::_Any_data&, std::_Any_data const&, std::_Manager_operation)
 .text._ZNSt8functionIFvvEEC2ERKS1_
                0x00000000000028aa       0x44 build/lpc40xx/compiled/source/main.cpp.o
                0x00000000000028aa                std::function<void ()>::function(std::function<void ()> const&)
                0x00000000000028aa                std::function<void ()>::function(std::function<void ()> const&)
 .text._ZNSt8functionIFvvEE4swapERS1_
                0x00000000000028ee       0x42 build/lpc40xx/compiled/source/main.cpp.o
                0x00000000000028ee                std::function<void ()>::swap(std::function<void ()>&)
 .text._ZN5unitsL7convertINS_4unitISt5ratioILx1ELx1EENS_9base_unitIS2_ILx0ELx1EES5_S5_S5_S5_S5_S5_S5_S5_EES5_S5_EES7_fEET1_RKS8_
                0x0000000000002930       0x1c build/lpc40xx/compiled/source/main.cpp.o
 .text._ZN4sjsu3bit6InsertImiEET_S2_T0_mm
                0x000000000000294c       0x58 build/lpc40xx/compiled/source/main.cpp.o
                0x000000000000294c                unsigned long sjsu::bit::Insert<unsigned long, int>(unsigned long, int, unsigned long, unsigned long)
 .text._ZNSt6chrono8durationIxSt5ratioILx1ELx1000000EEEC2IxvEERKT_
                0x00000000000029a4       0x24 build/lpc40xx/compiled/source/main.cpp.o
                0x00000000000029a4                std::chrono::duration<long long, std::ratio<1ll, 1000000ll> >::duration<long long, void>(long long const&)
                0x00000000000029a4                std::chrono::duration<long long, std::ratio<1ll, 1000000ll> >::duration<long long, void>(long long const&)
 .text._ZNKSt6chrono8durationIxSt5ratioILx1ELx1000000EEE5countEv
                0x00000000000029c8       0x1c build/lpc40xx/compiled/source/main.cpp.o
                0x00000000000029c8                std::chrono::duration<long long, std::ratio<1ll, 1000000ll> >::count() const
 .text._ZNSt6chrono20__duration_cast_implINS_8durationIxSt5ratioILx1ELx1000000000EEEES2_ILx1000ELx1EExLb0ELb1EE6__castIxS2_ILx1ELx1000000EEEES4_RKNS1_IT_T0_EE
                0x00000000000029e4       0x74 build/lpc40xx/compiled/source/main.cpp.o
                0x00000000000029e4                std::chrono::duration<long long, std::ratio<1ll, 1000000000ll> > std::chrono::__duration_cast_impl<std::chrono::duration<long long, std::ratio<1ll, 1000000000ll> >, std::ratio<1000ll, 1ll>, long long, false, true>::__cast<long long, std::ratio<1ll, 1000000ll> >(std::chrono::duration<long long, std::ratio<1ll, 1000000ll> > const&)
 .text._ZNSt14_Function_base13_Base_managerIPFNSt6chrono8durationIxSt5ratioILx1ELx1000000000EEEEvEE15_M_init_functorERSt9_Any_dataOS7_St17integral_constantIbLb1EE
                0x0000000000002a58       0x32 build/lpc40xx/compiled/source/main.cpp.o
                0x0000000000002a58                std::_Function_base::_Base_manager<std::chrono::duration<long long, std::ratio<1ll, 1000000000ll> > (*)()>::_M_init_functor(std::_Any_data&, std::chrono::duration<long long, std::ratio<1ll, 1000000000ll> > (*&&)(), std::integral_constant<bool, true>)
 .text._ZNSt14_Function_base13_Base_managerIPFNSt6chrono8durationIxSt5ratioILx1ELx1000000000EEEEvEE14_M_get_pointerERKSt9_Any_data
                0x0000000000002a8a       0x20 build/lpc40xx/compiled/source/main.cpp.o
                0x0000000000002a8a                std::_Function_base::_Base_manager<std::chrono::duration<long long, std::ratio<1ll, 1000000000ll> > (*)()>::_M_get_pointer(std::_Any_data const&)
 .text._ZNSt9_Any_data9_M_accessIPPFNSt6chrono8durationIxSt5ratioILx1ELx1000000000EEEEvEEERT_v
                0x0000000000002aaa       0x18 build/lpc40xx/compiled/source/main.cpp.o
                0x0000000000002aaa                std::chrono::duration<long long, std::ratio<1ll, 1000000000ll> > (**&std::_Any_data::_M_access<std::chrono::duration<long long, std::ratio<1ll, 1000000000ll> > (**)()>())()
 .text._ZNSt14_Function_base13_Base_managerIPFNSt6chrono8durationIxSt5ratioILx1ELx1000000000EEEEvEE8_M_cloneERSt9_Any_dataRKS9_St17integral_constantIbLb1EE
                0x0000000000002ac2       0x32 build/lpc40xx/compiled/source/main.cpp.o
                0x0000000000002ac2                std::_Function_base::_Base_manager<std::chrono::duration<long long, std::ratio<1ll, 1000000000ll> > (*)()>::_M_clone(std::_Any_data&, std::_Any_data const&, std::integral_constant<bool, true>)
 .text._ZNSt14_Function_base13_Base_managerIPFNSt6chrono8durationIxSt5ratioILx1ELx1000000000EEEEvEE10_M_destroyERSt9_Any_dataSt17integral_constantIbLb1EE
                0x0000000000002af4       0x18 build/lpc40xx/compiled/source/main.cpp.o
                0x0000000000002af4                std::_Function_base::_Base_manager<std::chrono::duration<long long, std::ratio<1ll, 1000000000ll> > (*)()>::_M_destroy(std::_Any_data&, std::integral_constant<bool, true>)
 .text._ZSt4moveIRSt9_Any_dataEONSt16remove_referenceIT_E4typeEOS3_
                0x0000000000002b0c       0x16 build/lpc40xx/compiled/source/main.cpp.o
                0x0000000000002b0c                std::remove_reference<std::_Any_data&>::type&& std::move<std::_Any_data&>(std::_Any_data&)
 .text._ZSt4swapISt9_Any_dataENSt9enable_ifIXsrSt6__and_IJSt6__not_ISt15__is_tuple_likeIT_EESt21is_move_constructibleIS5_ESt18is_move_assignableIS5_EEE5valueEvE4typeERS5_SF_
                0x0000000000002b22       0x4e build/lpc40xx/compiled/source/main.cpp.o
                0x0000000000002b22                std::enable_if<std::__and_<std::__not_<std::__is_tuple_like<std::_Any_data> >, std::is_move_constructible<std::_Any_data>, std::is_move_assignable<std::_Any_data> >::value, void>::type std::swap<std::_Any_data>(std::_Any_data&, std::_Any_data&)
 .text._ZSt4moveIRPFbRSt9_Any_dataRKS0_St18_Manager_operationEEONSt16remove_referenceIT_E4typeEOS9_
                0x0000000000002b70       0x16 build/lpc40xx/compiled/source/main.cpp.o
                0x0000000000002b70                std::remove_reference<bool (*&)(std::_Any_data&, std::_Any_data const&, std::_Manager_operation)>::type&& std::move<bool (*&)(std::_Any_data&, std::_Any_data const&, std::_Manager_operation)>(bool (*&)(std::_Any_data&, std::_Any_data const&, std::_Manager_operation))
 .text._ZSt4swapIPFbRSt9_Any_dataRKS0_St18_Manager_operationEENSt9enable_ifIXsrSt6__and_IJSt6__not_ISt15__is_tuple_likeIT_EESt21is_move_constructibleISB_ESt18is_move_assignableISB_EEE5valueEvE4typeERSB_SL_
                0x0000000000002b86       0x3e build/lpc40xx/compiled/source/main.cpp.o
                0x0000000000002b86                std::enable_if<std::__and_<std::__not_<std::__is_tuple_like<bool (*)(std::_Any_data&, std::_Any_data const&, std::_Manager_operation)> >, std::is_move_constructible<bool (*)(std::_Any_data&, std::_Any_data const&, std::_Manager_operation)>, std::is_move_assignable<bool (*)(std::_Any_data&, std::_Any_data const&, std::_Manager_operation)> >::value, void>::type std::swap<bool (*)(std::_Any_data&, std::_Any_data const&, std::_Manager_operation)>(bool (*&)(std::_Any_data&, std::_Any_data const&, std::_Manager_operation), bool (*&)(std::_Any_data&, std::_Any_data const&, std::_Manager_operation))
 .text._ZNSt14_Function_base13_Base_managerIPFvvEE15_M_init_functorERSt9_Any_dataOS2_St17integral_constantIbLb1EE
                0x0000000000002bc4       0x32 build/lpc40xx/compiled/source/main.cpp.o
                0x0000000000002bc4                std::_Function_base::_Base_manager<void (*)()>::_M_init_functor(std::_Any_data&, void (*&&)(), std::integral_constant<bool, true>)
 .text._ZNSt14_Function_base13_Base_managerIPFvvEE14_M_get_pointerERKSt9_Any_data
                0x0000000000002bf6       0x20 build/lpc40xx/compiled/source/main.cpp.o
                0x0000000000002bf6                std::_Function_base::_Base_manager<void (*)()>::_M_get_pointer(std::_Any_data const&)
 .text._ZNSt9_Any_data9_M_accessIPPFvvEEERT_v
                0x0000000000002c16       0x18 build/lpc40xx/compiled/source/main.cpp.o
                0x0000000000002c16                void (**&std::_Any_data::_M_access<void (**)()>())()
 .text._ZNSt14_Function_base13_Base_managerIPFvvEE8_M_cloneERSt9_Any_dataRKS4_St17integral_constantIbLb1EE
                0x0000000000002c2e       0x32 build/lpc40xx/compiled/source/main.cpp.o
                0x0000000000002c2e                std::_Function_base::_Base_manager<void (*)()>::_M_clone(std::_Any_data&, std::_Any_data const&, std::integral_constant<bool, true>)
 .text._ZNSt14_Function_base13_Base_managerIPFvvEE10_M_destroyERSt9_Any_dataSt17integral_constantIbLb1EE
                0x0000000000002c60       0x18 build/lpc40xx/compiled/source/main.cpp.o
                0x0000000000002c60                std::_Function_base::_Base_manager<void (*)()>::_M_destroy(std::_Any_data&, std::integral_constant<bool, true>)
 .text._ZNKSt8functionIFvvEEcvbEv
                0x0000000000002c78       0x20 build/lpc40xx/compiled/source/main.cpp.o
                0x0000000000002c78                std::function<void ()>::operator bool() const
 .text._ZSt4moveIRPFvRKSt9_Any_dataEEONSt16remove_referenceIT_E4typeEOS7_
                0x0000000000002c98       0x16 build/lpc40xx/compiled/source/main.cpp.o
                0x0000000000002c98                std::remove_reference<void (*&)(std::_Any_data const&)>::type&& std::move<void (*&)(std::_Any_data const&)>(void (*&)(std::_Any_data const&))
 .text._ZSt4swapIPFvRKSt9_Any_dataEENSt9enable_ifIXsrSt6__and_IJSt6__not_ISt15__is_tuple_likeIT_EESt21is_move_constructibleIS9_ESt18is_move_assignableIS9_EEE5valueEvE4typeERS9_SJ_
                0x0000000000002cae       0x3e build/lpc40xx/compiled/source/main.cpp.o
                0x0000000000002cae                std::enable_if<std::__and_<std::__not_<std::__is_tuple_like<void (*)(std::_Any_data const&)> >, std::is_move_constructible<void (*)(std::_Any_data const&)>, std::is_move_assignable<void (*)(std::_Any_data const&)> >::value, void>::type std::swap<void (*)(std::_Any_data const&)>(void (*&)(std::_Any_data const&), void (*&)(std::_Any_data const&))
 .text._ZN5units6detailL7convertINS_4unitISt5ratioILx1ELx1EENS_9base_unitIS3_ILx0ELx1EES6_S6_S6_S6_S6_S6_S6_S6_EES6_S6_EES8_S4_S6_S6_fEET4_RKS9_St17integral_constantIbLb1EESC_IbLb0EESE_
                0x0000000000002cec       0x24 build/lpc40xx/compiled/source/main.cpp.o
 .text._ZNKSt9_Any_data9_M_accessIPFNSt6chrono8durationIxSt5ratioILx1ELx1000000000EEEEvEEERKT_v
                0x0000000000002d10       0x18 build/lpc40xx/compiled/source/main.cpp.o
                0x0000000000002d10                std::chrono::duration<long long, std::ratio<1ll, 1000000000ll> > (* const&std::_Any_data::_M_access<std::chrono::duration<long long, std::ratio<1ll, 1000000000ll> > (*)()>() const)()
 .text._ZSt11__addressofIKPFNSt6chrono8durationIxSt5ratioILx1ELx1000000000EEEEvEEPT_RS8_
                0x0000000000002d28       0x16 build/lpc40xx/compiled/source/main.cpp.o
                0x0000000000002d28                std::chrono::duration<long long, std::ratio<1ll, 1000000000ll> > (* const*std::__addressof<std::chrono::duration<long long, std::ratio<1ll, 1000000000ll> > (* const)()>(std::chrono::duration<long long, std::ratio<1ll, 1000000000ll> > (* const&)()))()
 .text._ZNSt9_Any_data9_M_accessIPFNSt6chrono8durationIxSt5ratioILx1ELx1000000000EEEEvEEERT_v
                0x0000000000002d3e       0x18 build/lpc40xx/compiled/source/main.cpp.o
                0x0000000000002d3e                std::chrono::duration<long long, std::ratio<1ll, 1000000000ll> > (*&std::_Any_data::_M_access<std::chrono::duration<long long, std::ratio<1ll, 1000000000ll> > (*)()>())()
 .text._ZNKSt9_Any_data9_M_accessIPFvvEEERKT_v
                0x0000000000002d56       0x18 build/lpc40xx/compiled/source/main.cpp.o
                0x0000000000002d56                void (* const&std::_Any_data::_M_access<void (*)()>() const)()
 .text._ZSt11__addressofIKPFvvEEPT_RS3_
                0x0000000000002d6e       0x16 build/lpc40xx/compiled/source/main.cpp.o
                0x0000000000002d6e                void (* const*std::__addressof<void (* const)()>(void (* const&)()))()
 .text._ZNSt9_Any_data9_M_accessIPFvvEEERT_v
                0x0000000000002d84       0x18 build/lpc40xx/compiled/source/main.cpp.o
                0x0000000000002d84                void (*&std::_Any_data::_M_access<void (*)()>())()
 .text.__tcf_0  0x0000000000002d9c       0x28 build/lpc40xx/compiled/source/main.cpp.o
 .text._Z41__static_initialization_and_destruction_0ii
                0x0000000000002dc4      0x2d0 build/lpc40xx/compiled/source/main.cpp.o
 .text._GLOBAL__sub_I_main
                0x0000000000003094       0x10 build/lpc40xx/compiled/source/main.cpp.o
 .text._Unwind_GetGR
                0x00000000000030a4       0x26 build/lpc40xx/compiled//home/vsawce/Documents/SJSU-Dev2/library/L3_Application/task_scheduler.cpp.o
 *fill*         0x00000000000030ca        0x2 ff
 .text._ZN4sjsu5debug18PrintAddressAsListEP15_Unwind_ContextPv
                0x00000000000030cc       0x48 build/lpc40xx/compiled//home/vsawce/Documents/SJSU-Dev2/library/L3_Application/task_scheduler.cpp.o
                0x00000000000030cc                sjsu::debug::PrintAddressAsList(_Unwind_Context*, void*)
 .text._ZN4sjsu5debug17PrintAddressInRowEP15_Unwind_ContextPv
                0x0000000000003114       0x44 build/lpc40xx/compiled//home/vsawce/Documents/SJSU-Dev2/library/L3_Application/task_scheduler.cpp.o
                0x0000000000003114                sjsu::debug::PrintAddressInRow(_Unwind_Context*, void*)
 .text._ZN4sjsu5debug14PrintBacktraceEbPv
                0x0000000000003158       0x98 build/lpc40xx/compiled//home/vsawce/Documents/SJSU-Dev2/library/L3_Application/task_scheduler.cpp.o
                0x0000000000003158                sjsu::debug::PrintBacktrace(bool, void*)
 .text._ZN4sjsu4HaltEv
                0x00000000000031f0        0x8 build/lpc40xx/compiled//home/vsawce/Documents/SJSU-Dev2/library/L3_Application/task_scheduler.cpp.o
                0x00000000000031f0                sjsu::Halt()
 .text._Z41__static_initialization_and_destruction_0ii
                0x00000000000031f8       0x5c build/lpc40xx/compiled//home/vsawce/Documents/SJSU-Dev2/library/L3_Application/task_scheduler.cpp.o
 .text._GLOBAL__sub_I__ZN4sjsu4rtos13TaskScheduler7RunTaskEPv
                0x0000000000003254       0x10 build/lpc40xx/compiled//home/vsawce/Documents/SJSU-Dev2/library/L3_Application/task_scheduler.cpp.o
 .text._ZN4sjsu21InitializeDataSectionEv
                0x0000000000003264       0x9c /home/vsawce/Documents/SJSU-Dev2/library/static_libraries/lpc40xx/liblpc40xx.a(exceptions.cpp.o)
                0x0000000000003264                sjsu::InitializeDataSection()
 .text._ZN4sjsu20InitializeBssSectionEv
                0x0000000000003300       0x6c /home/vsawce/Documents/SJSU-Dev2/library/static_libraries/lpc40xx/liblpc40xx.a(exceptions.cpp.o)
                0x0000000000003300                sjsu::InitializeBssSection()
 .text._ZN4sjsu16SystemInitializeEv
                0x000000000000336c       0x14 /home/vsawce/Documents/SJSU-Dev2/library/static_libraries/lpc40xx/liblpc40xx.a(exceptions.cpp.o)
                0x000000000000336c                sjsu::SystemInitialize()
 .text.GetRegistersFromStack
                0x0000000000003380       0x84 /home/vsawce/Documents/SJSU-Dev2/library/static_libraries/lpc40xx/liblpc40xx.a(exceptions.cpp.o)
                0x0000000000003380                GetRegistersFromStack
 .text.ArmHardFaultHandler
                0x0000000000003404       0x26 /home/vsawce/Documents/SJSU-Dev2/library/static_libraries/lpc40xx/liblpc40xx.a(exceptions.cpp.o)
                0x0000000000003404                ArmHardFaultHandler
 *fill*         0x000000000000342a        0x2 ff
 .text.ArmResetHandler
                0x000000000000342c       0x80 /home/vsawce/Documents/SJSU-Dev2/library/static_libraries/lpc40xx/liblpc40xx.a(exceptions.cpp.o)
                0x000000000000342c                ArmResetHandler
 .text._Z41__static_initialization_and_destruction_0ii
                0x00000000000034ac       0x5c /home/vsawce/Documents/SJSU-Dev2/library/static_libraries/lpc40xx/liblpc40xx.a(exceptions.cpp.o)
 .text._GLOBAL__sub_I_GetRegistersFromStack
                0x0000000000003508       0x10 /home/vsawce/Documents/SJSU-Dev2/library/static_libraries/lpc40xx/liblpc40xx.a(exceptions.cpp.o)
 .text.vTaskSwitchContext
                0x0000000000003518       0xc4 /home/vsawce/Documents/SJSU-Dev2/library/static_libraries/lpc40xx/libfreertos.a(tasks.c.o)
                0x0000000000003518                vTaskSwitchContext
 .text._getpid  0x00000000000035dc       0x10 /home/vsawce/Documents/SJSU-Dev2/library/static_libraries/lpc40xx/libnewlib.a(newlib.cpp.o)
                0x00000000000035dc                _getpid
 .text._kill    0x00000000000035ec       0x1a /home/vsawce/Documents/SJSU-Dev2/library/static_libraries/lpc40xx/libnewlib.a(newlib.cpp.o)
                0x00000000000035ec                _kill
 *fill*         0x0000000000003606        0x2 ff
 .text._write   0x0000000000003608       0x30 /home/vsawce/Documents/SJSU-Dev2/library/static_libraries/lpc40xx/libnewlib.a(newlib.cpp.o)
                0x0000000000003608                _write
 .text.puts     0x0000000000003638       0x48 /home/vsawce/Documents/SJSU-Dev2/library/static_libraries/lpc40xx/libnewlib.a(newlib.cpp.o)
                0x0000000000003638                puts
 .text._exit    0x0000000000003680        0xc /home/vsawce/Documents/SJSU-Dev2/library/static_libraries/lpc40xx/libnewlib.a(newlib.cpp.o)
                0x0000000000003680                _exit
 .text._ZL11_out_buffercPvjj
                0x000000000000368c       0x2e /home/vsawce/Documents/SJSU-Dev2/library/static_libraries/lpc40xx/libprintf.a(printf.cpp.o)
 .text._Z10_out_chunkcPvjj
                0x00000000000036ba       0x72 /home/vsawce/Documents/SJSU-Dev2/library/static_libraries/lpc40xx/libprintf.a(printf.cpp.o)
                0x00000000000036ba                _out_chunk(char, void*, unsigned int, unsigned int)
 .text._ZL9_out_nullcPvjj
                0x000000000000372c       0x1c /home/vsawce/Documents/SJSU-Dev2/library/static_libraries/lpc40xx/libprintf.a(printf.cpp.o)
 .text._ZL7_strlenPKc
                0x0000000000003748       0x2e /home/vsawce/Documents/SJSU-Dev2/library/static_libraries/lpc40xx/libprintf.a(printf.cpp.o)
 .text._ZL9_is_digitc
                0x0000000000003776       0x28 /home/vsawce/Documents/SJSU-Dev2/library/static_libraries/lpc40xx/libprintf.a(printf.cpp.o)
 .text._ZL5_atoiPPKc
                0x000000000000379e       0x48 /home/vsawce/Documents/SJSU-Dev2/library/static_libraries/lpc40xx/libprintf.a(printf.cpp.o)
 .text._ZL12_ntoa_formatPFvcPvjjEPcjjS2_jbjjjj
                0x00000000000037e6      0x242 /home/vsawce/Documents/SJSU-Dev2/library/static_libraries/lpc40xx/libprintf.a(printf.cpp.o)
 .text._ZL10_ntoa_longPFvcPvjjEPcjjmbmjjj
                0x0000000000003a28       0xd0 /home/vsawce/Documents/SJSU-Dev2/library/static_libraries/lpc40xx/libprintf.a(printf.cpp.o)
 .text._ZL15_ntoa_long_longPFvcPvjjEPcjjybyjjj
                0x0000000000003af8       0xde /home/vsawce/Documents/SJSU-Dev2/library/static_libraries/lpc40xx/libprintf.a(printf.cpp.o)
 *fill*         0x0000000000003bd6        0x2 ff
 .text._ZL5_ftoaPFvcPvjjEPcjjdjjj
                0x0000000000003bd8      0x444 /home/vsawce/Documents/SJSU-Dev2/library/static_libraries/lpc40xx/libprintf.a(printf.cpp.o)
 .text._ZL10_vsnprintfPFvcPvjjEPcjPKcSt9__va_list
                0x000000000000401c      0x8d8 /home/vsawce/Documents/SJSU-Dev2/library/static_libraries/lpc40xx/libprintf.a(printf.cpp.o)
 .text.printf   0x00000000000048f4       0x44 /home/vsawce/Documents/SJSU-Dev2/library/static_libraries/lpc40xx/libprintf.a(printf.cpp.o)
                0x00000000000048f4                printf
 .text.vsnprintf
                0x0000000000004938       0x2c /home/vsawce/Documents/SJSU-Dev2/library/static_libraries/lpc40xx/libprintf.a(printf.cpp.o)
                0x0000000000004938                vsnprintf
 .text.trace_initialize
                0x0000000000004964        0xe /home/vsawce/Documents/SJSU-Dev2/library/static_libraries/lpc40xx/libsemihost.a(trace_impl.cpp.o)
                0x0000000000004964                trace_initialize
 .text.trace_write
                0x0000000000004972       0x1e /home/vsawce/Documents/SJSU-Dev2/library/static_libraries/lpc40xx/libsemihost.a(trace_impl.cpp.o)
                0x0000000000004972                trace_write
 .text._ZL31_trace_write_semihosting_stdoutPKcj
                0x0000000000004990       0xc8 /home/vsawce/Documents/SJSU-Dev2/library/static_libraries/lpc40xx/libsemihost.a(trace_impl.cpp.o)
 .text._ZN4sjsu6cortex10DwtCounter10InitializeEv
                0x0000000000004a58       0x44 /home/vsawce/Documents/SJSU-Dev2/library/static_libraries/lpc40xx/liblpc40xx.a(startup.cpp.o)
                0x0000000000004a58                sjsu::cortex::DwtCounter::Initialize()
 .text._ZN4sjsu6cortex10DwtCounter8GetCountEv
                0x0000000000004a9c       0x20 /home/vsawce/Documents/SJSU-Dev2/library/static_libraries/lpc40xx/liblpc40xx.a(startup.cpp.o)
                0x0000000000004a9c                sjsu::cortex::DwtCounter::GetCount()
 .text._ZN4sjsu6cortex27InitializeFloatingPointUnitEv
                0x0000000000004abc       0x28 /home/vsawce/Documents/SJSU-Dev2/library/static_libraries/lpc40xx/liblpc40xx.a(startup.cpp.o)
                0x0000000000004abc                sjsu::cortex::InitializeFloatingPointUnit()
 .text._ZN4sjsu19InterruptController21SetPlatformControllerEPS0_
                0x0000000000004ae4       0x20 /home/vsawce/Documents/SJSU-Dev2/library/static_libraries/lpc40xx/liblpc40xx.a(startup.cpp.o)
                0x0000000000004ae4                sjsu::InterruptController::SetPlatformController(sjsu::InterruptController*)
 .text._ZN5units8literalsli3_HzEy
                0x0000000000004b04       0x2c /home/vsawce/Documents/SJSU-Dev2/library/static_libraries/lpc40xx/liblpc40xx.a(startup.cpp.o)
                0x0000000000004b04                units::literals::operator"" _Hz(unsigned long long)
 .text._ZN5unitsL7convertINS_4unitISt5ratioILx1000000ELx1EENS1_IS2_ILx1ELx1EENS_9base_unitIS2_ILx0ELx1EES6_S2_ILxn1ELx1EES6_S6_S6_S6_S6_S6_EES6_S6_EES6_S6_EESA_fEET1_RKSB_
                0x0000000000004b30       0x1c /home/vsawce/Documents/SJSU-Dev2/library/static_libraries/lpc40xx/liblpc40xx.a(startup.cpp.o)
 .text._ZN5units6detailL7convertINS_4unitISt5ratioILx1000000ELx1EENS2_IS3_ILx1ELx1EENS_9base_unitIS3_ILx0ELx1EES7_S3_ILxn1ELx1EES7_S7_S7_S7_S7_S7_EES7_S7_EES7_S7_EESB_S5_S7_S7_fEET4_RKSC_St17integral_constantIbLb1EESF_IbLb0EESH_
                0x0000000000004b4c       0x24 /home/vsawce/Documents/SJSU-Dev2/library/static_libraries/lpc40xx/liblpc40xx.a(startup.cpp.o)
 .text._ZN5unitsL7convertINS_4unitISt5ratioILx1ELx1EENS_9base_unitIS2_ILx0ELx1EES5_S2_ILxn1ELx1EES5_S5_S5_S5_S5_S5_EES5_S5_EES8_fEET1_RKS9_
                0x0000000000004b70       0x1c /home/vsawce/Documents/SJSU-Dev2/library/static_libraries/lpc40xx/liblpc40xx.a(startup.cpp.o)
 .text._ZN5units6detailL7convertINS_4unitISt5ratioILx1ELx1EENS_9base_unitIS3_ILx0ELx1EES6_S3_ILxn1ELx1EES6_S6_S6_S6_S6_S6_EES6_S6_EES9_S4_S6_S6_fEET4_RKSA_St17integral_constantIbLb1EESD_IbLb0EESF_
                0x0000000000004b8c       0x24 /home/vsawce/Documents/SJSU-Dev2/library/static_libraries/lpc40xx/liblpc40xx.a(startup.cpp.o)
 .text._ZNK5units6unit_tINS_4unitISt5ratioILx1ELx1EENS_9base_unitIS2_ILx0ELx1EES5_S2_ILxn1ELx1EES5_S5_S5_S5_S5_S5_EES5_S5_EEfNS_12linear_scaleEEleIS8_fS9_EEbRKNS0_IT_T0_T1_EE
                0x0000000000004bb0       0x3c /home/vsawce/Documents/SJSU-Dev2/library/static_libraries/lpc40xx/liblpc40xx.a(startup.cpp.o)
                0x0000000000004bb0                bool units::unit_t<units::unit<std::ratio<1ll, 1ll>, units::base_unit<std::ratio<0ll, 1ll>, std::ratio<0ll, 1ll>, std::ratio<-1ll, 1ll>, std::ratio<0ll, 1ll>, std::ratio<0ll, 1ll>, std::ratio<0ll, 1ll>, std::ratio<0ll, 1ll>, std::ratio<0ll, 1ll>, std::ratio<0ll, 1ll> >, std::ratio<0ll, 1ll>, std::ratio<0ll, 1ll> >, float, units::linear_scale>::operator<=<units::unit<std::ratio<1ll, 1ll>, units::base_unit<std::ratio<0ll, 1ll>, std::ratio<0ll, 1ll>, std::ratio<-1ll, 1ll>, std::ratio<0ll, 1ll>, std::ratio<0ll, 1ll>, std::ratio<0ll, 1ll>, std::ratio<0ll, 1ll>, std::ratio<0ll, 1ll>, std::ratio<0ll, 1ll> >, std::ratio<0ll, 1ll>, std::ratio<0ll, 1ll> >, float, units::linear_scale>(units::unit_t<units::unit<std::ratio<1ll, 1ll>, units::base_unit<std::ratio<0ll, 1ll>, std::ratio<0ll, 1ll>, std::ratio<-1ll, 1ll>, std::ratio<0ll, 1ll>, std::ratio<0ll, 1ll>, std::ratio<0ll, 1ll>, std::ratio<0ll, 1ll>, std::ratio<0ll, 1ll>, std::ratio<0ll, 1ll> >, std::ratio<0ll, 1ll>, std::ratio<0ll, 1ll> >, float, units::linear_scale> const&) const
 .text._ZN4sjsu17SetUptimeFunctionESt8functionIFNSt6chrono8durationIxSt5ratioILx1ELx1000000000EEEEvEE
                0x0000000000004bec       0x1c /home/vsawce/Documents/SJSU-Dev2/library/static_libraries/lpc40xx/liblpc40xx.a(startup.cpp.o)
                0x0000000000004bec                sjsu::SetUptimeFunction(std::function<std::chrono::duration<long long, std::ratio<1ll, 1000000000ll> > ()>)
 .text._ZN4sjsu16SystemController21SetPlatformControllerEPS0_
                0x0000000000004c08       0x20 /home/vsawce/Documents/SJSU-Dev2/library/static_libraries/lpc40xx/liblpc40xx.a(startup.cpp.o)
                0x0000000000004c08                sjsu::SystemController::SetPlatformController(sjsu::SystemController*)
 .text._ZN4sjsu6cortex11SystemTimer18SystemTimerHandlerEv
                0x0000000000004c28       0x4c /home/vsawce/Documents/SJSU-Dev2/library/static_libraries/lpc40xx/liblpc40xx.a(startup.cpp.o)
                0x0000000000004c28                sjsu::cortex::SystemTimer::SystemTimerHandler()
 .text._ZNSt6chronomlImxSt5ratioILx1ELx1000000000EEEENS_8durationINSt9enable_ifIXsrSt14is_convertibleIRKT_NSt11common_typeIJT0_S6_EE4typeEE5valueESC_E4typeET1_EES8_RKNS3_ISA_SG_EE
                0x0000000000004c74       0x22 /home/vsawce/Documents/SJSU-Dev2/library/static_libraries/lpc40xx/liblpc40xx.a(startup.cpp.o)
                0x0000000000004c74                std::chrono::duration<std::enable_if<std::is_convertible<unsigned long const&, std::common_type<long long, unsigned long>::type>::value, std::common_type<long long, unsigned long>::type>::type, std::ratio<1ll, 1000000000ll> > std::chrono::operator*<unsigned long, long long, std::ratio<1ll, 1000000000ll> >(unsigned long const&, std::chrono::duration<long long, std::ratio<1ll, 1000000000ll> > const&)
 .text._ZNSt6chronomlIxSt5ratioILx1ELx1000000000EEmEENS_8durationINSt9enable_ifIXsrSt14is_convertibleIRKT1_NSt11common_typeIJT_S6_EE4typeEE5valueESC_E4typeET0_EERKNS3_ISA_SG_EES8_
                0x0000000000004c96       0x54 /home/vsawce/Documents/SJSU-Dev2/library/static_libraries/lpc40xx/liblpc40xx.a(startup.cpp.o)
                0x0000000000004c96                std::chrono::duration<std::enable_if<std::is_convertible<unsigned long const&, std::common_type<long long, unsigned long>::type>::value, std::common_type<long long, unsigned long>::type>::type, std::ratio<1ll, 1000000000ll> > std::chrono::operator*<long long, std::ratio<1ll, 1000000000ll>, unsigned long>(std::chrono::duration<long long, std::ratio<1ll, 1000000000ll> > const&, unsigned long const&)
 .text._ZNSt6chronodvIxSt5ratioILx1ELx1000000000EEmEENS_8durationINSt9enable_ifIXsrSt14is_convertibleIRKNS4_IXntsrNS_13__is_durationIT1_EE5valueES7_E4typeENSt11common_typeIJT_SA_EE4typeEE5valueESG_E4typeET0_EERKNS3_ISE_SK_EERKS7_
                0x0000000000004cea       0x4a /home/vsawce/Documents/SJSU-Dev2/library/static_libraries/lpc40xx/liblpc40xx.a(startup.cpp.o)
                0x0000000000004cea                std::chrono::duration<std::enable_if<std::is_convertible<std::enable_if<!std::chrono::__is_duration<unsigned long>::value, unsigned long>::type const&, std::common_type<long long, std::enable_if<!std::chrono::__is_duration<unsigned long>::value, unsigned long>::type>::type>::value, std::common_type<long long, std::enable_if<!std::chrono::__is_duration<unsigned long>::value, unsigned long>::type>::type>::type, std::ratio<1ll, 1000000000ll> > std::chrono::operator/<long long, std::ratio<1ll, 1000000000ll>, unsigned long>(std::chrono::duration<long long, std::ratio<1ll, 1000000000ll> > const&, unsigned long const&)
 .text._ZN4sjsu6cortex11SystemTimer8GetCountEv
                0x0000000000004d34       0x78 /home/vsawce/Documents/SJSU-Dev2/library/static_libraries/lpc40xx/liblpc40xx.a(startup.cpp.o)
                0x0000000000004d34                sjsu::cortex::SystemTimer::GetCount()
 .text._ZNK4sjsu6cortex11SystemTimer10InitializeEv
                0x0000000000004dac       0x90 /home/vsawce/Documents/SJSU-Dev2/library/static_libraries/lpc40xx/liblpc40xx.a(startup.cpp.o)
                0x0000000000004dac                sjsu::cortex::SystemTimer::Initialize() const
 .text._ZNK4sjsu6cortex11SystemTimer11SetCallbackESt8functionIFvvEE
                0x0000000000004e3c       0x20 /home/vsawce/Documents/SJSU-Dev2/library/static_libraries/lpc40xx/liblpc40xx.a(startup.cpp.o)
                0x0000000000004e3c                sjsu::cortex::SystemTimer::SetCallback(std::function<void ()>) const
 .text._ZNK4sjsu6cortex11SystemTimer10StartTimerEv
                0x0000000000004e5c       0x8c /home/vsawce/Documents/SJSU-Dev2/library/static_libraries/lpc40xx/liblpc40xx.a(startup.cpp.o)
                0x0000000000004e5c                sjsu::cortex::SystemTimer::StartTimer() const
 .text._ZN5units9unit_castImNS_6unit_tINS_4unitISt5ratioILx1ELx1EENS_9base_unitIS3_ILx0ELx1EES6_S6_S6_S6_S6_S6_S6_S6_EES6_S6_EEfNS_12linear_scaleEEEvEET_RKT0_
                0x0000000000004ee8       0x18 /home/vsawce/Documents/SJSU-Dev2/library/static_libraries/lpc40xx/liblpc40xx.a(startup.cpp.o)
                0x0000000000004ee8                unsigned long units::unit_cast<unsigned long, units::unit_t<units::unit<std::ratio<1ll, 1ll>, units::base_unit<std::ratio<0ll, 1ll>, std::ratio<0ll, 1ll>, std::ratio<0ll, 1ll>, std::ratio<0ll, 1ll>, std::ratio<0ll, 1ll>, std::ratio<0ll, 1ll>, std::ratio<0ll, 1ll>, std::ratio<0ll, 1ll>, std::ratio<0ll, 1ll> >, std::ratio<0ll, 1ll>, std::ratio<0ll, 1ll> >, float, units::linear_scale>, void>(units::unit_t<units::unit<std::ratio<1ll, 1ll>, units::base_unit<std::ratio<0ll, 1ll>, std::ratio<0ll, 1ll>, std::ratio<0ll, 1ll>, std::ratio<0ll, 1ll>, std::ratio<0ll, 1ll>, std::ratio<0ll, 1ll>, std::ratio<0ll, 1ll>, std::ratio<0ll, 1ll>, std::ratio<0ll, 1ll> >, std::ratio<0ll, 1ll>, std::ratio<0ll, 1ll> >, float, units::linear_scale> const&)
 .text._ZN5unitsmiIiLi0EEENS_6unit_tINS_4unitISt5ratioILx1ELx1EENS_9base_unitIS3_ILx0ELx1EES6_S6_S6_S6_S6_S6_S6_S6_EES6_S6_EEfNS_12linear_scaleEEERKSA_T_
                0x0000000000004f00       0x3c /home/vsawce/Documents/SJSU-Dev2/library/static_libraries/lpc40xx/liblpc40xx.a(startup.cpp.o)
                0x0000000000004f00                units::unit_t<units::unit<std::ratio<1ll, 1ll>, units::base_unit<std::ratio<0ll, 1ll>, std::ratio<0ll, 1ll>, std::ratio<0ll, 1ll>, std::ratio<0ll, 1ll>, std::ratio<0ll, 1ll>, std::ratio<0ll, 1ll>, std::ratio<0ll, 1ll>, std::ratio<0ll, 1ll>, std::ratio<0ll, 1ll> >, std::ratio<0ll, 1ll>, std::ratio<0ll, 1ll> >, float, units::linear_scale> units::operator-<int, 0>(units::unit_t<units::unit<std::ratio<1ll, 1ll>, units::base_unit<std::ratio<0ll, 1ll>, std::ratio<0ll, 1ll>, std::ratio<0ll, 1ll>, std::ratio<0ll, 1ll>, std::ratio<0ll, 1ll>, std::ratio<0ll, 1ll>, std::ratio<0ll, 1ll>, std::ratio<0ll, 1ll>, std::ratio<0ll, 1ll> >, std::ratio<0ll, 1ll>, std::ratio<0ll, 1ll> >, float, units::linear_scale> const&, int)
 .text._ZN5units9unit_castImNS_6unit_tINS_4unitISt5ratioILx1ELx1EENS_9base_unitIS3_ILx0ELx1EES6_S3_ILxn1ELx1EES6_S6_S6_S6_S6_S6_EES6_S6_EEfNS_12linear_scaleEEEvEET_RKT0_
                0x0000000000004f3c       0x18 /home/vsawce/Documents/SJSU-Dev2/library/static_libraries/lpc40xx/liblpc40xx.a(startup.cpp.o)
                0x0000000000004f3c                unsigned long units::unit_cast<unsigned long, units::unit_t<units::unit<std::ratio<1ll, 1ll>, units::base_unit<std::ratio<0ll, 1ll>, std::ratio<0ll, 1ll>, std::ratio<-1ll, 1ll>, std::ratio<0ll, 1ll>, std::ratio<0ll, 1ll>, std::ratio<0ll, 1ll>, std::ratio<0ll, 1ll>, std::ratio<0ll, 1ll>, std::ratio<0ll, 1ll> >, std::ratio<0ll, 1ll>, std::ratio<0ll, 1ll> >, float, units::linear_scale>, void>(units::unit_t<units::unit<std::ratio<1ll, 1ll>, units::base_unit<std::ratio<0ll, 1ll>, std::ratio<0ll, 1ll>, std::ratio<-1ll, 1ll>, std::ratio<0ll, 1ll>, std::ratio<0ll, 1ll>, std::ratio<0ll, 1ll>, std::ratio<0ll, 1ll>, std::ratio<0ll, 1ll>, std::ratio<0ll, 1ll> >, std::ratio<0ll, 1ll>, std::ratio<0ll, 1ll> >, float, units::linear_scale> const&)
 .text._ZNK5units6unit_tINS_4unitISt5ratioILx1ELx1EENS_9base_unitIS2_ILx0ELx1EES5_S2_ILxn1ELx1EES5_S5_S5_S5_S5_S5_EES5_S5_EEfNS_12linear_scaleEEcvT_ImLi0EEEv
                0x0000000000004f54       0x24 /home/vsawce/Documents/SJSU-Dev2/library/static_libraries/lpc40xx/liblpc40xx.a(startup.cpp.o)
                0x0000000000004f54                units::unit_t<units::unit<std::ratio<1ll, 1ll>, units::base_unit<std::ratio<0ll, 1ll>, std::ratio<0ll, 1ll>, std::ratio<-1ll, 1ll>, std::ratio<0ll, 1ll>, std::ratio<0ll, 1ll>, std::ratio<0ll, 1ll>, std::ratio<0ll, 1ll>, std::ratio<0ll, 1ll>, std::ratio<0ll, 1ll> >, std::ratio<0ll, 1ll>, std::ratio<0ll, 1ll> >, float, units::linear_scale>::operator unsigned long<unsigned long, 0>() const
 .text._ZNK4sjsu6cortex11SystemTimer16SetTickFrequencyEN5units6unit_tINS2_4unitISt5ratioILx1ELx1EENS2_9base_unitIS5_ILx0ELx1EES8_S5_ILxn1ELx1EES8_S8_S8_S8_S8_S8_EES8_S8_EEfNS2_12linear_scaleEEE
                0x0000000000004f78       0xc4 /home/vsawce/Documents/SJSU-Dev2/library/static_libraries/lpc40xx/liblpc40xx.a(startup.cpp.o)
                0x0000000000004f78                sjsu::cortex::SystemTimer::SetTickFrequency(units::unit_t<units::unit<std::ratio<1ll, 1ll>, units::base_unit<std::ratio<0ll, 1ll>, std::ratio<0ll, 1ll>, std::ratio<-1ll, 1ll>, std::ratio<0ll, 1ll>, std::ratio<0ll, 1ll>, std::ratio<0ll, 1ll>, std::ratio<0ll, 1ll>, std::ratio<0ll, 1ll>, std::ratio<0ll, 1ll> >, std::ratio<0ll, 1ll>, std::ratio<0ll, 1ll> >, float, units::linear_scale>) const
 .text._ZNKSt6chrono8durationIxSt5ratioILx1ELx1000EEE5countEv
                0x000000000000503c       0x1c /home/vsawce/Documents/SJSU-Dev2/library/static_libraries/lpc40xx/liblpc40xx.a(startup.cpp.o)
                0x000000000000503c                std::chrono::duration<long long, std::ratio<1ll, 1000ll> >::count() const
 .text._ZNSt6chrono8durationIxSt5ratioILx1ELx1000EEEC1IxvEERKT_
                0x0000000000005058       0x24 /home/vsawce/Documents/SJSU-Dev2/library/static_libraries/lpc40xx/liblpc40xx.a(startup.cpp.o)
                0x0000000000005058                std::chrono::duration<long long, std::ratio<1ll, 1000ll> >::duration<long long, void>(long long const&)
 .text._ZN5unitsL7convertINS_4unitISt5ratioILx1000000ELx1EENS1_IS2_ILx1ELx1EENS_9base_unitIS2_ILx0ELx1EES6_S2_ILxn1ELx1EES6_S6_S6_S6_S6_S6_EES6_S6_EES6_S6_EES9_fEET1_RKSB_
                0x000000000000507c       0x1c /home/vsawce/Documents/SJSU-Dev2/library/static_libraries/lpc40xx/liblpc40xx.a(startup.cpp.o)
 .text._ZN5units6detailL7convertINS_4unitISt5ratioILx1000000ELx1EENS2_IS3_ILx1ELx1EENS_9base_unitIS3_ILx0ELx1EES7_S3_ILxn1ELx1EES7_S7_S7_S7_S7_S7_EES7_S7_EES7_S7_EESA_S4_S7_S7_fEET4_RKSC_St17integral_constantIbLb0EESG_SG_
                0x0000000000005098       0x30 /home/vsawce/Documents/SJSU-Dev2/library/static_libraries/lpc40xx/liblpc40xx.a(startup.cpp.o)
 .text._ZNK4sjsu7lpc40xx16SystemController23SetSystemClockFrequencyEN5units6unit_tINS2_4unitISt5ratioILx1000000ELx1EENS4_IS5_ILx1ELx1EENS2_9base_unitIS5_ILx0ELx1EES9_S5_ILxn1ELx1EES9_S9_S9_S9_S9_S9_EES9_S9_EES9_S9_EEfNS2_12linear_scaleEEE
                0x00000000000050c8       0x9c /home/vsawce/Documents/SJSU-Dev2/library/static_libraries/lpc40xx/liblpc40xx.a(startup.cpp.o)
                0x00000000000050c8                sjsu::lpc40xx::SystemController::SetSystemClockFrequency(units::unit_t<units::unit<std::ratio<1000000ll, 1ll>, units::unit<std::ratio<1ll, 1ll>, units::base_unit<std::ratio<0ll, 1ll>, std::ratio<0ll, 1ll>, std::ratio<-1ll, 1ll>, std::ratio<0ll, 1ll>, std::ratio<0ll, 1ll>, std::ratio<0ll, 1ll>, std::ratio<0ll, 1ll>, std::ratio<0ll, 1ll>, std::ratio<0ll, 1ll> >, std::ratio<0ll, 1ll>, std::ratio<0ll, 1ll> >, std::ratio<0ll, 1ll>, std::ratio<0ll, 1ll> >, float, units::linear_scale>) const
 .text._ZNK4sjsu7lpc40xx16SystemController25SetPeripheralClockDividerERKNS_16SystemController12PeripheralIDEh
                0x0000000000005164       0x58 /home/vsawce/Documents/SJSU-Dev2/library/static_libraries/lpc40xx/liblpc40xx.a(startup.cpp.o)
                0x0000000000005164                sjsu::lpc40xx::SystemController::SetPeripheralClockDivider(sjsu::SystemController::PeripheralID const&, unsigned char) const
 .text._ZNK4sjsu7lpc40xx16SystemController25GetPeripheralClockDividerERKNS_16SystemController12PeripheralIDE
                0x00000000000051bc       0x24 /home/vsawce/Documents/SJSU-Dev2/library/static_libraries/lpc40xx/liblpc40xx.a(startup.cpp.o)
                0x00000000000051bc                sjsu::lpc40xx::SystemController::GetPeripheralClockDivider(sjsu::SystemController::PeripheralID const&) const
 .text._ZNK4sjsu7lpc40xx16SystemController18GetSystemFrequencyEv
                0x00000000000051e0       0x1c /home/vsawce/Documents/SJSU-Dev2/library/static_libraries/lpc40xx/liblpc40xx.a(startup.cpp.o)
                0x00000000000051e0                sjsu::lpc40xx::SystemController::GetSystemFrequency() const
 .text._ZNK4sjsu7lpc40xx16SystemController21IsPeripheralPoweredUpERKNS_16SystemController12PeripheralIDE
                0x00000000000051fc       0x3c /home/vsawce/Documents/SJSU-Dev2/library/static_libraries/lpc40xx/liblpc40xx.a(startup.cpp.o)
                0x00000000000051fc                sjsu::lpc40xx::SystemController::IsPeripheralPoweredUp(sjsu::SystemController::PeripheralID const&) const
 .text._ZNK4sjsu7lpc40xx16SystemController17PowerUpPeripheralERKNS_16SystemController12PeripheralIDE
                0x0000000000005238       0x34 /home/vsawce/Documents/SJSU-Dev2/library/static_libraries/lpc40xx/liblpc40xx.a(startup.cpp.o)
                0x0000000000005238                sjsu::lpc40xx::SystemController::PowerUpPeripheral(sjsu::SystemController::PeripheralID const&) const
 .text._ZNK4sjsu7lpc40xx16SystemController19PowerDownPeripheralERKNS_16SystemController12PeripheralIDE
                0x000000000000526c       0x34 /home/vsawce/Documents/SJSU-Dev2/library/static_libraries/lpc40xx/liblpc40xx.a(startup.cpp.o)
                0x000000000000526c                sjsu::lpc40xx::SystemController::PowerDownPeripheral(sjsu::SystemController::PeripheralID const&) const
 .text._ZNK4sjsu7lpc40xx16SystemController22SelectOscillatorSourceENS1_16OscillatorSourceE
                0x00000000000052a0       0x48 /home/vsawce/Documents/SJSU-Dev2/library/static_libraries/lpc40xx/liblpc40xx.a(startup.cpp.o)
                0x00000000000052a0                sjsu::lpc40xx::SystemController::SelectOscillatorSource(sjsu::lpc40xx::SystemController::OscillatorSource) const
 .text._ZNK4sjsu7lpc40xx16SystemController21SelectMainClockSourceENS1_15MainClockSourceE
                0x00000000000052e8       0x48 /home/vsawce/Documents/SJSU-Dev2/library/static_libraries/lpc40xx/liblpc40xx.a(startup.cpp.o)
                0x00000000000052e8                sjsu::lpc40xx::SystemController::SelectMainClockSource(sjsu::lpc40xx::SystemController::MainClockSource) const
 .text._ZNK4sjsu7lpc40xx16SystemController20SelectUsbClockSourceENS1_9UsbSourceE
                0x0000000000005330       0x48 /home/vsawce/Documents/SJSU-Dev2/library/static_libraries/lpc40xx/liblpc40xx.a(startup.cpp.o)
                0x0000000000005330                sjsu::lpc40xx::SystemController::SelectUsbClockSource(sjsu::lpc40xx::SystemController::UsbSource) const
 .text._ZNK4sjsu7lpc40xx16SystemController22SelectSpifiClockSourceENS1_11SpifiSourceE
                0x0000000000005378       0x48 /home/vsawce/Documents/SJSU-Dev2/library/static_libraries/lpc40xx/liblpc40xx.a(startup.cpp.o)
                0x0000000000005378                sjsu::lpc40xx::SystemController::SelectSpifiClockSource(sjsu::lpc40xx::SystemController::SpifiSource) const
 .text._ZNK5units6unit_tINS_4unitISt5ratioILx1000000ELx1EENS1_IS2_ILx1ELx1EENS_9base_unitIS2_ILx0ELx1EES6_S2_ILxn1ELx1EES6_S6_S6_S6_S6_S6_EES6_S6_EES6_S6_EEfNS_12linear_scaleEEltISA_fSB_EEbRKNS0_IT_T0_T1_EE
                0x00000000000053c0       0x3c /home/vsawce/Documents/SJSU-Dev2/library/static_libraries/lpc40xx/liblpc40xx.a(startup.cpp.o)